../Drivers/AK_Imported_Driver/ak/src/message.c:41:16:uint8_t msg_ptr_belongs_to_pool(const ak_msg_t*)	24	static
../Drivers/AK_Imported_Driver/ak/src/message.c:66:6:void msg_init()	8	static
../Drivers/AK_Imported_Driver/ak/src/message.c:73:6:void msg_free(ak_msg_t*)	24	static,ignoring_inline_asm
../Drivers/AK_Imported_Driver/ak/src/message.c:103:6:void msg_force_free(ak_msg_t*)	24	static,ignoring_inline_asm
../Drivers/AK_Imported_Driver/ak/src/message.c:126:6:void msg_inc_ref_count(ak_msg_t*)	16	static,ignoring_inline_asm
../Drivers/AK_Imported_Driver/ak/src/message.c:136:6:void msg_dec_ref_count(ak_msg_t*)	16	static,ignoring_inline_asm
../Drivers/AK_Imported_Driver/ak/src/message.c:146:7:void* ak_malloc(size_t)	16	static,ignoring_inline_asm
../Drivers/AK_Imported_Driver/ak/src/message.c:165:6:void ak_free(void*)	16	static
../Drivers/AK_Imported_Driver/ak/src/message.c:172:6:void pure_msg_pool_init()	16	static
../Drivers/AK_Imported_Driver/ak/src/message.c:203:10:uint32_t get_pure_msg_pool_used()	4	static
../Drivers/AK_Imported_Driver/ak/src/message.c:207:10:uint32_t get_pure_msg_pool_used_max()	4	static
../Drivers/AK_Imported_Driver/ak/src/message.c:211:11:ak_msg_t* get_pure_msg()	16	static,ignoring_inline_asm
../Drivers/AK_Imported_Driver/ak/src/message.c:247:6:void free_pure_msg(ak_msg_t*)	16	static
../Drivers/AK_Imported_Driver/ak/src/message.c:262:6:void common_msg_pool_init()	16	static
../Drivers/AK_Imported_Driver/ak/src/message.c:294:10:uint32_t get_common_msg_pool_used()	4	static
../Drivers/AK_Imported_Driver/ak/src/message.c:298:10:uint32_t get_common_msg_pool_used_max()	4	static
../Drivers/AK_Imported_Driver/ak/src/message.c:302:11:ak_msg_t* get_common_msg()	16	static,ignoring_inline_asm
../Drivers/AK_Imported_Driver/ak/src/message.c:340:6:void free_common_msg(ak_msg_t*)	16	static
../Drivers/AK_Imported_Driver/ak/src/message.c:352:9:uint8_t set_data_common_msg(ak_msg_t*, uint8_t*, uint8_t)	24	static,ignoring_inline_asm
../Drivers/AK_Imported_Driver/ak/src/message.c:367:10:uint8_t* get_data_common_msg(ak_msg_t*)	16	static,ignoring_inline_asm
../Drivers/AK_Imported_Driver/ak/src/message.c:376:9:uint8_t get_data_len_common_msg(ak_msg_t*)	16	static,ignoring_inline_asm
../Drivers/AK_Imported_Driver/ak/src/message.c:388:6:void dynamic_msg_pool_init()	16	static
../Drivers/AK_Imported_Driver/ak/src/message.c:421:10:uint32_t get_dynamic_msg_pool_used()	4	static
../Drivers/AK_Imported_Driver/ak/src/message.c:425:10:uint32_t get_dynamic_msg_pool_used_max()	4	static
../Drivers/AK_Imported_Driver/ak/src/message.c:429:6:void free_dynamic_msg(ak_msg_t*)	16	static
../Drivers/AK_Imported_Driver/ak/src/message.c:443:11:ak_msg_t* get_dynamic_msg()	16	static,ignoring_inline_asm
../Drivers/AK_Imported_Driver/ak/src/message.c:482:9:uint8_t set_data_dynamic_msg(ak_msg_t*, uint8_t*, uint32_t)	24	static,ignoring_inline_asm
../Drivers/AK_Imported_Driver/ak/src/message.c:494:10:uint8_t* get_data_dynamic_msg(ak_msg_t*)	16	static,ignoring_inline_asm
../Drivers/AK_Imported_Driver/ak/src/message.c:502:10:uint32_t get_data_len_dynamic_msg(ak_msg_t*)	16	static
../Drivers/AK_Imported_Driver/ak/src/message.c:506:9:uint8_t msg_is_valid_ptr(const ak_msg_t*)	16	static
../Drivers/AK_Imported_Driver/ak/src/message.c:514:9:uint8_t msg_is_valid_or_null(const ak_msg_t*)	16	static
../Drivers/AK_Imported_Driver/ak/src/message.c:525:6:void msg_dbg_dum(ak_msg_t*)	56	static
