../Drivers/AK_Imported_Driver/ak/src/task.c:57:16:void task_irq_io_entry_trigger()	4	static
../Drivers/AK_Imported_Driver/ak/src/task.c:64:16:void task_irq_io_exit_trigger()	4	static
../Drivers/AK_Imported_Driver/ak/src/task.c:70:6:void task_create(task_t*)	24	static,ignoring_inline_asm
../Drivers/AK_Imported_Driver/ak/src/task.c:84:6:void task_polling_create(task_polling_t*)	24	static,ignoring_inline_asm
../Drivers/AK_Imported_Driver/ak/src/task.c:98:6:void task_post(task_id_t, ak_msg_t*)	24	static,ignoring_inline_asm
../Drivers/AK_Imported_Driver/ak/src/task.c:137:9:uint8_t task_remove_msg(task_id_t, uint8_t)	40	static,ignoring_inline_asm
../Drivers/AK_Imported_Driver/ak/src/task.c:208:6:void task_post_pure_msg(task_id_t, uint8_t)	24	static
../Drivers/AK_Imported_Driver/ak/src/task.c:214:6:void task_post_common_msg(task_id_t, uint8_t, uint8_t*, uint8_t)	24	static
../Drivers/AK_Imported_Driver/ak/src/task.c:221:6:void task_post_dynamic_msg(task_id_t, uint8_t, uint8_t*, uint32_t)	32	static
../Drivers/AK_Imported_Driver/ak/src/task.c:228:6:void task_entry_interrupt()	8	static
../Drivers/AK_Imported_Driver/ak/src/task.c:246:6:void task_exit_interrupt()	8	static
../Drivers/AK_Imported_Driver/ak/src/task.c:256:5:int task_init()	16	static
../Drivers/AK_Imported_Driver/ak/src/task.c:281:5:int task_run()	8	static
../Drivers/AK_Imported_Driver/ak/src/task.c:310:6:void task_polling_set_ability(task_id_t, uint8_t)	24	static,ignoring_inline_asm
../Drivers/AK_Imported_Driver/ak/src/task.c:334:6:void task_polling_run()	16	static
../Drivers/AK_Imported_Driver/ak/src/task.c:352:6:void task_sheduler()	24	static
../Drivers/AK_Imported_Driver/ak/src/task.c:454:6:void task_pri_queue_dump()	40	static
../Drivers/AK_Imported_Driver/ak/src/task.c:491:11:task_id_t task_self()	4	static
../Drivers/AK_Imported_Driver/ak/src/task.c:495:11:task_id_t get_current_task_id()	4	static
../Drivers/AK_Imported_Driver/ak/src/task.c:499:9:task_t* get_current_task_info()	4	static
../Drivers/AK_Imported_Driver/ak/src/task.c:503:11:ak_msg_t* get_current_active_object()	4	static
