../Drivers/AK_Imported_Driver/ak/src/timer.c:37:6:void timer_msg_pool_init()	16	static
../Drivers/AK_Imported_Driver/ak/src/timer.c:60:13:ak_timer_t* get_timer_msg()	16	static,ignoring_inline_asm
../Drivers/AK_Imported_Driver/ak/src/timer.c:84:6:void free_timer_msg(ak_timer_t*)	16	static
../Drivers/AK_Imported_Driver/ak/src/timer.c:96:10:uint32_t get_timer_msg_pool_used()	4	static
../Drivers/AK_Imported_Driver/ak/src/timer.c:100:10:uint32_t get_timer_msg_pool_used_max()	4	static
../Drivers/AK_Imported_Driver/ak/src/timer.c:104:6:void task_timer_tick(ak_msg_t*)	40	static
../Drivers/AK_Imported_Driver/ak/src/timer.c:173:6:void timer_init()	8	static
../Drivers/AK_Imported_Driver/ak/src/timer.c:184:6:void timer_tick(uint32_t)	24	static
../Drivers/AK_Imported_Driver/ak/src/timer.c:198:9:uint8_t timer_set(task_id_t, timer_sig_t, uint32_t, timer_type_t)	24	static
../Drivers/AK_Imported_Driver/ak/src/timer.c:247:9:uint8_t timer_remove_msg(task_id_t, timer_sig_t)	24	static
../Drivers/AK_Imported_Driver/ak/src/timer.c:285:9:uint8_t timer_remove_attr(task_id_t, timer_sig_t)	24	static
