C:/Users/shanghuang/Documents/PERSON-PROJECT-CV/AK-STM32/stm32f_porting/AK Firmware F103 Custom Porting/Drivers/CMSIS/Include/core_cm3.h:1762:34:void __NVIC_SystemReset()	4	static,ignoring_inline_asm
../Drivers/AK_Imported_Driver/sys/porting_compat.cpp:49:13:void init_gpio_output(GPIO_TypeDef*, uint16_t)	32	static
../Drivers/AK_Imported_Driver/sys/porting_compat.cpp:59:13:void init_gpio_input_pullup(GPIO_TypeDef*, uint16_t)	32	static
../Drivers/AK_Imported_Driver/sys/porting_compat.cpp:68:16:uint8_t gpio_read_active_low(GPIO_TypeDef*, uint16_t)	16	static
../Drivers/AK_Imported_Driver/sys/porting_compat.cpp:73:13:void gpio_set(GPIO_TypeDef*, uint16_t, GPIO_PinState)	16	static
../Drivers/AK_Imported_Driver/sys/porting_compat.cpp:78:13:void enable_dwt_cycle_counter()	4	static
../Drivers/AK_Imported_Driver/sys/porting_compat.cpp:85:17:uint32_t get_flash_length_bytes()	4	static
../Drivers/AK_Imported_Driver/sys/porting_compat.cpp:90:17:uint32_t normalize_flash_address(uint32_t)	16	static
../Drivers/AK_Imported_Driver/sys/porting_compat.cpp:98:16:uint8_t is_internal_flash_address(uint32_t)	24	static
../Drivers/AK_Imported_Driver/sys/porting_compat.cpp:104:13:void flash_program_bytes(uint32_t, const uint8_t*, uint32_t)	48	static
../Drivers/AK_Imported_Driver/sys/porting_compat.cpp:128:13:void flash_erase_pages(uint32_t, uint32_t)	48	static
../Drivers/AK_Imported_Driver/sys/porting_compat.cpp:152:6:void platform_enter_critical()	4	static,ignoring_inline_asm
../Drivers/AK_Imported_Driver/sys/porting_compat.cpp:157:6:void platform_exit_critical()	4	static,ignoring_inline_asm
../Drivers/AK_Imported_Driver/sys/porting_compat.cpp:162:6:void button_init(button_t*, uint16_t, uint8_t, button_init_func_t, button_read_func_t, button_callback_t)	24	static
../Drivers/AK_Imported_Driver/sys/porting_compat.cpp:187:6:void button_enable(button_t*)	16	static
../Drivers/AK_Imported_Driver/sys/porting_compat.cpp:194:6:void button_disable(button_t*)	16	static
../Drivers/AK_Imported_Driver/sys/porting_compat.cpp:201:6:void button_timer_polling(button_t*)	24	static
../Drivers/AK_Imported_Driver/sys/porting_compat.cpp:228:6:void led_init(led_t*, led_init_func_t, led_action_func_t, led_action_func_t)	24	static
../Drivers/AK_Imported_Driver/sys/porting_compat.cpp:247:6:void led_on(led_t*)	16	static
../Drivers/AK_Imported_Driver/sys/porting_compat.cpp:255:6:void led_off(led_t*)	16	static
../Drivers/AK_Imported_Driver/sys/porting_compat.cpp:263:6:void led_toggle(led_t*)	16	static
../Drivers/AK_Imported_Driver/sys/porting_compat.cpp:276:9:uint8_t io_button_mode_init()	16	static
../Drivers/AK_Imported_Driver/sys/porting_compat.cpp:283:9:uint8_t io_button_up_init()	8	static
../Drivers/AK_Imported_Driver/sys/porting_compat.cpp:289:9:uint8_t io_button_down_init()	16	static
../Drivers/AK_Imported_Driver/sys/porting_compat.cpp:297:9:uint8_t io_button_mode_read()	8	static
../Drivers/AK_Imported_Driver/sys/porting_compat.cpp:302:9:uint8_t io_button_up_read()	8	static
../Drivers/AK_Imported_Driver/sys/porting_compat.cpp:307:9:uint8_t io_button_down_read()	8	static
../Drivers/AK_Imported_Driver/sys/porting_compat.cpp:312:6:void led_life_init()	16	static
../Drivers/AK_Imported_Driver/sys/porting_compat.cpp:318:6:void led_life_on()	8	static
../Drivers/AK_Imported_Driver/sys/porting_compat.cpp:323:6:void led_life_off()	8	static
../Drivers/AK_Imported_Driver/sys/porting_compat.cpp:328:6:void flash_io_ctrl_init()	40	static
../Drivers/AK_Imported_Driver/sys/porting_compat.cpp:363:6:void flash_cs_low()	8	static
../Drivers/AK_Imported_Driver/sys/porting_compat.cpp:368:6:void flash_cs_high()	8	static
../Drivers/AK_Imported_Driver/sys/porting_compat.cpp:373:9:uint8_t flash_transfer(uint8_t)	32	static
../Drivers/AK_Imported_Driver/sys/porting_compat.cpp:380:6:void nrf24l01_io_ctrl_init()	32	static
../Drivers/AK_Imported_Driver/sys/porting_compat.cpp:402:6:void nrf24l01_spi_ctrl_init()	8	static
../Drivers/AK_Imported_Driver/sys/porting_compat.cpp:407:6:void nrf24l01_ce_low()	8	static
../Drivers/AK_Imported_Driver/sys/porting_compat.cpp:412:6:void nrf24l01_ce_high()	8	static
../Drivers/AK_Imported_Driver/sys/porting_compat.cpp:417:6:void nrf24l01_csn_low()	8	static
../Drivers/AK_Imported_Driver/sys/porting_compat.cpp:422:6:void nrf24l01_csn_high()	8	static
../Drivers/AK_Imported_Driver/sys/porting_compat.cpp:427:9:uint8_t nrf24l01_spi_rw(uint8_t)	16	static
../Drivers/AK_Imported_Driver/sys/porting_compat.cpp:432:6:void io_cfg_adc1()	32	static
../Drivers/AK_Imported_Driver/sys/porting_compat.cpp:453:6:void adc_bat_io_cfg()	24	static
../Drivers/AK_Imported_Driver/sys/porting_compat.cpp:462:10:uint16_t adc_bat_io_read(uint8_t)	24	static
../Drivers/AK_Imported_Driver/sys/porting_compat.cpp:480:6:void ssd1306_clk_input_mode()	4	static
../Drivers/AK_Imported_Driver/sys/porting_compat.cpp:481:6:void ssd1306_clk_output_mode()	4	static
../Drivers/AK_Imported_Driver/sys/porting_compat.cpp:482:6:void ssd1306_clk_digital_write_low()	4	static
../Drivers/AK_Imported_Driver/sys/porting_compat.cpp:483:6:void ssd1306_clk_digital_write_high()	4	static
../Drivers/AK_Imported_Driver/sys/porting_compat.cpp:484:5:int ssd1306_clk_digital_read()	4	static
../Drivers/AK_Imported_Driver/sys/porting_compat.cpp:485:6:void ssd1306_data_input_mode()	4	static
../Drivers/AK_Imported_Driver/sys/porting_compat.cpp:486:6:void ssd1306_data_output_mode()	4	static
../Drivers/AK_Imported_Driver/sys/porting_compat.cpp:487:6:void ssd1306_data_digital_write_low()	4	static
../Drivers/AK_Imported_Driver/sys/porting_compat.cpp:488:6:void ssd1306_data_digital_write_high()	4	static
../Drivers/AK_Imported_Driver/sys/porting_compat.cpp:489:5:int ssd1306_data_digital_read()	4	static
../Drivers/AK_Imported_Driver/sys/porting_compat.cpp:491:6:void io_uart2_cfg()	32	static
../Drivers/AK_Imported_Driver/sys/porting_compat.cpp:509:6:void io_uart_rs485_cfg()	32	static
../Drivers/AK_Imported_Driver/sys/porting_compat.cpp:520:6:void internal_flash_unlock()	8	static
../Drivers/AK_Imported_Driver/sys/porting_compat.cpp:525:6:void internal_flash_lock()	8	static
../Drivers/AK_Imported_Driver/sys/porting_compat.cpp:530:6:void internal_flash_erase_pages_cal(uint32_t, uint32_t)	16	static
../Drivers/AK_Imported_Driver/sys/porting_compat.cpp:535:6:void internal_flash_write_cal(uint32_t, uint8_t*, uint32_t)	24	static
../Drivers/AK_Imported_Driver/sys/porting_compat.cpp:540:6:void flash_read(uint32_t, uint8_t*, uint32_t)	32	static
../Drivers/AK_Imported_Driver/sys/porting_compat.cpp:556:6:void flash_write(uint32_t, uint8_t*, uint32_t)	24	static
../Drivers/AK_Imported_Driver/sys/porting_compat.cpp:561:6:void flash_erase_sector(uint32_t)	16	static
../Drivers/AK_Imported_Driver/sys/porting_compat.cpp:566:6:void flash_erase_block_64k(uint32_t)	16	static
../Drivers/AK_Imported_Driver/sys/porting_compat.cpp:571:6:void eeprom_read(uint32_t, uint8_t*, uint32_t)	24	static
../Drivers/AK_Imported_Driver/sys/porting_compat.cpp:581:6:void eeprom_write(uint32_t, const uint8_t*, uint32_t)	24	static
../Drivers/AK_Imported_Driver/sys/porting_compat.cpp:588:6:void eeprom_erase(uint32_t, uint32_t)	16	static
../Drivers/AK_Imported_Driver/sys/porting_compat.cpp:624:6:void BUZZER_Init()	16	static
../Drivers/AK_Imported_Driver/sys/porting_compat.cpp:631:6:void BUZZER_PlayTones(const buzzer_tone_t*)	24	static
../Drivers/AK_Imported_Driver/sys/porting_compat.cpp:649:6:void sys_cfg_clock()	8	static
../Drivers/AK_Imported_Driver/sys/porting_compat.cpp:656:6:void sys_cfg_tick()	8	static
../Drivers/AK_Imported_Driver/sys/porting_compat.cpp:661:6:void sys_cfg_console()	4	static
../Drivers/AK_Imported_Driver/sys/porting_compat.cpp:700:6:void sys_cfg_update_info()	4	static
../Drivers/AK_Imported_Driver/sys/porting_compat.cpp:719:6:void sys_cfg_init()	8	static
../Drivers/AK_Imported_Driver/sys/porting_compat.cpp:727:6:void sys_ctrl_reset()	8	static
../Drivers/AK_Imported_Driver/sys/porting_compat.cpp:732:6:void sys_ctrl_independent_watchdog_init()	4	static
../Drivers/AK_Imported_Driver/sys/porting_compat.cpp:755:6:void sys_ctrl_independent_watchdog_reset()	4	static
../Drivers/AK_Imported_Driver/sys/porting_compat.cpp:764:6:void sys_ctrl_soft_watchdog_init(uint32_t)	16	static
../Drivers/AK_Imported_Driver/sys/porting_compat.cpp:771:6:void sys_ctrl_soft_watchdog_reset()	4	static
../Drivers/AK_Imported_Driver/sys/porting_compat.cpp:776:6:void sys_ctrl_soft_watchdog_enable()	4	static
../Drivers/AK_Imported_Driver/sys/porting_compat.cpp:781:6:void sys_ctrl_soft_watchdog_disable()	4	static
../Drivers/AK_Imported_Driver/sys/porting_compat.cpp:786:6:void sys_ctrl_soft_watchdog_increase_counter()	8	static
../Drivers/AK_Imported_Driver/sys/porting_compat.cpp:796:6:void sys_ctrl_delay(uint32_t)	16	static,ignoring_inline_asm
../Drivers/AK_Imported_Driver/sys/porting_compat.cpp:803:6:void sys_ctrl_delay_ms(uint32_t)	16	static
../Drivers/AK_Imported_Driver/sys/porting_compat.cpp:808:6:void sys_ctrl_delay_us(uint32_t)	32	static
../Drivers/AK_Imported_Driver/sys/porting_compat.cpp:817:10:uint32_t sys_ctrl_micros()	16	static
../Drivers/AK_Imported_Driver/sys/porting_compat.cpp:826:10:uint32_t sys_ctrl_millis()	8	static
../Drivers/AK_Imported_Driver/sys/porting_compat.cpp:831:9:uint8_t sys_ctrl_shell_get_char()	4	static
../Drivers/AK_Imported_Driver/sys/porting_compat.cpp:843:6:void sys_ctrl_shell_put_char(uint8_t)	16	static
../Drivers/AK_Imported_Driver/sys/porting_compat.cpp:855:6:void sys_ctrl_shell_put_char_block(uint8_t)	16	static
../Drivers/AK_Imported_Driver/sys/porting_compat.cpp:864:6:void sys_ctrl_shell_sw_to_block()	4	static
../Drivers/AK_Imported_Driver/sys/porting_compat.cpp:870:6:void sys_ctrl_shell_sw_to_nonblock()	4	static
../Drivers/AK_Imported_Driver/sys/porting_compat.cpp:876:6:void sys_ctrl_get_firmware_info(firmware_header_t*)	16	static
../Drivers/AK_Imported_Driver/sys/porting_compat.cpp:887:6:void sys_ctr_sleep_wait_for_irq()	4	static,ignoring_inline_asm
../Drivers/AK_Imported_Driver/sys/porting_compat.cpp:892:10:uint32_t sys_ctr_get_exception_number()	16	static,ignoring_inline_asm
../Drivers/AK_Imported_Driver/sys/porting_compat.cpp:897:6:void sys_ctr_restart_app()	8	static
../Drivers/AK_Imported_Driver/sys/porting_compat.cpp:902:10:uint32_t sys_ctr_get_vbat_voltage()	16	static
../Drivers/AK_Imported_Driver/sys/porting_compat.cpp:908:10:uint32_t sys_ctr_get_mcu_temperature()	4	static
../Drivers/AK_Imported_Driver/sys/porting_compat.cpp:913:6:void sys_ctr_stop_mcu()	8	static
../Drivers/AK_Imported_Driver/sys/porting_compat.cpp:918:5:int asm_test_add(int, int)	16	static
../Drivers/AK_Imported_Driver/sys/porting_compat.cpp:923:10:uint32_t sys_stack_count_init()	8	static
../Drivers/AK_Imported_Driver/sys/porting_compat.cpp:928:10:uint32_t sys_stack_usage()	16	static,ignoring_inline_asm
../Drivers/AK_Imported_Driver/sys/porting_compat.cpp:935:10:uint32_t sys_stack_get_size()	4	static
../Drivers/AK_Imported_Driver/sys/porting_compat.cpp:942:6:void sys_irq_nrf24l01()	4	static
../Drivers/AK_Imported_Driver/sys/porting_compat.cpp:946:6:void sys_irq_uart2()	4	static
