C:/Users/shanghuang/Documents/PERSON-PROJECT-CV/AK-STM32/stm32f_porting/AK Firmware F103 Custom Porting/Drivers/AK_Imported_Driver/sys/Adafruit_ssd1306syp.h:16:7:void Adafruit_ssd1306syp::initialize()	16	static
C:/Users/shanghuang/Documents/PERSON-PROJECT-CV/AK-STM32/stm32f_porting/AK Firmware F103 Custom Porting/Drivers/AK_Imported_Driver/sys/Adafruit_ssd1306syp.h:17:7:void Adafruit_ssd1306syp::clear()	16	static
C:/Users/shanghuang/Documents/PERSON-PROJECT-CV/AK-STM32/stm32f_porting/AK Firmware F103 Custom Porting/Drivers/AK_Imported_Driver/sys/Adafruit_ssd1306syp.h:18:7:void Adafruit_ssd1306syp::update()	16	static
C:/Users/shanghuang/Documents/PERSON-PROJECT-CV/AK-STM32/stm32f_porting/AK Firmware F103 Custom Porting/Drivers/AK_Imported_Driver/sys/Adafruit_ssd1306syp.h:19:7:void Adafruit_ssd1306syp::display_on()	16	static
C:/Users/shanghuang/Documents/PERSON-PROJECT-CV/AK-STM32/stm32f_porting/AK Firmware F103 Custom Porting/Drivers/AK_Imported_Driver/sys/Adafruit_ssd1306syp.h:20:7:void Adafruit_ssd1306syp::display_off()	16	static
C:/Users/shanghuang/Documents/PERSON-PROJECT-CV/AK-STM32/stm32f_porting/AK Firmware F103 Custom Porting/Drivers/AK_Imported_Driver/sys/Adafruit_ssd1306syp.h:21:7:void Adafruit_ssd1306syp::setTextSize(uint8_t)	16	static
C:/Users/shanghuang/Documents/PERSON-PROJECT-CV/AK-STM32/stm32f_porting/AK Firmware F103 Custom Porting/Drivers/AK_Imported_Driver/sys/Adafruit_ssd1306syp.h:22:7:void Adafruit_ssd1306syp::setTextColor(uint8_t)	16	static
C:/Users/shanghuang/Documents/PERSON-PROJECT-CV/AK-STM32/stm32f_porting/AK Firmware F103 Custom Porting/Drivers/AK_Imported_Driver/sys/Adafruit_ssd1306syp.h:23:7:void Adafruit_ssd1306syp::setCursor(int16_t, int16_t)	16	static
C:/Users/shanghuang/Documents/PERSON-PROJECT-CV/AK-STM32/stm32f_porting/AK Firmware F103 Custom Porting/Drivers/AK_Imported_Driver/sys/Adafruit_ssd1306syp.h:24:7:void Adafruit_ssd1306syp::print(const char*)	16	static
C:/Users/shanghuang/Documents/PERSON-PROJECT-CV/AK-STM32/stm32f_porting/AK Firmware F103 Custom Porting/Drivers/AK_Imported_Driver/sys/Adafruit_ssd1306syp.h:25:7:void Adafruit_ssd1306syp::drawRect(int16_t, int16_t, int16_t, int16_t, uint8_t)	24	static
C:/Users/shanghuang/Documents/PERSON-PROJECT-CV/AK-STM32/stm32f_porting/AK Firmware F103 Custom Porting/Drivers/AK_Imported_Driver/sys/Adafruit_ssd1306syp.h:26:7:void Adafruit_ssd1306syp::fillRect(int16_t, int16_t, int16_t, int16_t, uint8_t)	24	static
../Drivers/AK_Imported_Driver/common/view_render.cpp:18:6:void view_render_init()	8	static
../Drivers/AK_Imported_Driver/common/view_render.cpp:23:5:int view_render_rectangle(void*)	48	static
../Drivers/AK_Imported_Driver/common/view_render.cpp:85:5:int view_render_dynamic(void*)	16	static
../Drivers/AK_Imported_Driver/common/view_render.cpp:90:5:int view_render_screen(view_screen_t*)	24	static
../Drivers/AK_Imported_Driver/common/view_render.cpp:120:6:void view_render_display_on()	8	static
../Drivers/AK_Imported_Driver/common/view_render.cpp:124:6:void view_render_display_off()	8	static
