C:/Users/shanghuang/Documents/PERSON-PROJECT-CV/AK-STM32/stm32f_porting/AK Firmware F103 Custom Porting/Drivers/AK_Imported_Driver/sys/SPI.h:6:7:void SPIClass::begin()	16	static
../Drivers/AK_Imported_Driver/app/app.cpp:67:5:int main_app()	8	static
../Drivers/AK_Imported_Driver/app/app.cpp:130:6:void task_polling_console()	16	static
../Drivers/AK_Imported_Driver/app/app.cpp:185:6:void app_start_timer()	8	static
../Drivers/AK_Imported_Driver/app/app.cpp:195:6:void app_init_state_machine()	4	static
../Drivers/AK_Imported_Driver/app/app.cpp:202:6:void app_task_init()	8	static
../Drivers/AK_Imported_Driver/app/app.cpp:216:6:void sys_irq_timer_10ms()	4	static
../Drivers/AK_Imported_Driver/app/app.cpp:219:7:void* app_get_boot_share_data()	4	static
