C:\ST\STM32CubeIDE_2.0.0\STM32CubeIDE\plugins\com.st.stm32cube.ide.mcu.externaltools.gnu-tools-for-stm32.13.3.rel1.win32_1.0.100.202509120712\tools\arm-none-eabi\include\c++\13.3.1\arm-none-eabi\thumb\v7-m\nofp\bits\gthr-default.h:229:1:int __gthread_key_delete(__gthread_key_t)	16	static
C:/Users/shanghuang/Documents/PERSON-PROJECT-CV/AK-STM32/stm32f_porting/AK Firmware F103 Custom Porting/Drivers/AK_Imported_Driver/sys/SPI.h:6:7:void SPIClass::begin()	16	static
../Drivers/AK_Imported_Driver/app/app.cpp:105:5:int main_app()	96	static
../Drivers/AK_Imported_Driver/app/app.cpp:287:6:void task_polling_zigbee()	4	static
../Drivers/AK_Imported_Driver/app/app.cpp:293:6:void task_polling_console()	16	static
../Drivers/AK_Imported_Driver/app/app.cpp:348:6:void app_start_timer()	8	static
../Drivers/AK_Imported_Driver/app/app.cpp:358:6:void app_init_state_machine()	4	static
../Drivers/AK_Imported_Driver/app/app.cpp:365:6:void app_task_init()	8	static
../Drivers/AK_Imported_Driver/app/app.cpp:380:6:void sys_irq_timer_10ms()	8	static
../Drivers/AK_Imported_Driver/app/app.cpp:388:6:void app_power_on_reset()	4	static
../Drivers/AK_Imported_Driver/app/app.cpp:392:7:void* app_get_boot_share_data()	4	static
