C:/Users/shanghuang/Documents/PERSON-PROJECT-CV/AK-STM32/stm32f_porting/AK Firmware F103 Custom Porting/Drivers/AK_Imported_Driver/sys/Adafruit_ssd1306syp.h:16:7:void Adafruit_ssd1306syp::initialize()	16	static
C:/Users/shanghuang/Documents/PERSON-PROJECT-CV/AK-STM32/stm32f_porting/AK Firmware F103 Custom Porting/Drivers/AK_Imported_Driver/sys/Adafruit_ssd1306syp.h:17:7:void Adafruit_ssd1306syp::clear()	16	static
C:/Users/shanghuang/Documents/PERSON-PROJECT-CV/AK-STM32/stm32f_porting/AK Firmware F103 Custom Porting/Drivers/AK_Imported_Driver/sys/Adafruit_ssd1306syp.h:18:7:void Adafruit_ssd1306syp::update()	16	static
C:/Users/shanghuang/Documents/PERSON-PROJECT-CV/AK-STM32/stm32f_porting/AK Firmware F103 Custom Porting/Drivers/AK_Imported_Driver/sys/Adafruit_ssd1306syp.h:19:7:void Adafruit_ssd1306syp::display_on()	16	static
C:/Users/shanghuang/Documents/PERSON-PROJECT-CV/AK-STM32/stm32f_porting/AK Firmware F103 Custom Porting/Drivers/AK_Imported_Driver/sys/Adafruit_ssd1306syp.h:20:7:void Adafruit_ssd1306syp::display_off()	16	static
C:/Users/shanghuang/Documents/PERSON-PROJECT-CV/AK-STM32/stm32f_porting/AK Firmware F103 Custom Porting/Drivers/AK_Imported_Driver/sys/Adafruit_ssd1306syp.h:21:7:void Adafruit_ssd1306syp::setTextSize(uint8_t)	16	static
C:/Users/shanghuang/Documents/PERSON-PROJECT-CV/AK-STM32/stm32f_porting/AK Firmware F103 Custom Porting/Drivers/AK_Imported_Driver/sys/Adafruit_ssd1306syp.h:22:7:void Adafruit_ssd1306syp::setTextColor(uint8_t)	16	static
C:/Users/shanghuang/Documents/PERSON-PROJECT-CV/AK-STM32/stm32f_porting/AK Firmware F103 Custom Porting/Drivers/AK_Imported_Driver/sys/Adafruit_ssd1306syp.h:23:7:void Adafruit_ssd1306syp::setCursor(int16_t, int16_t)	16	static
C:/Users/shanghuang/Documents/PERSON-PROJECT-CV/AK-STM32/stm32f_porting/AK Firmware F103 Custom Porting/Drivers/AK_Imported_Driver/sys/Adafruit_ssd1306syp.h:24:7:void Adafruit_ssd1306syp::print(const char*)	16	static
C:/Users/shanghuang/Documents/PERSON-PROJECT-CV/AK-STM32/stm32f_porting/AK Firmware F103 Custom Porting/Drivers/AK_Imported_Driver/sys/Adafruit_ssd1306syp.h:29:7:void Adafruit_ssd1306syp::drawPixel(int16_t, int16_t, uint8_t)	24	static
C:/Users/shanghuang/Documents/PERSON-PROJECT-CV/AK-STM32/stm32f_porting/AK Firmware F103 Custom Porting/Drivers/AK_Imported_Driver/sys/Adafruit_ssd1306syp.h:30:7:void Adafruit_ssd1306syp::fillScreen(uint8_t)	16	static
../Drivers/AK_Imported_Driver/app/shell.cpp:120:9:uint8_t str_parser(char*)	24	static
../Drivers/AK_Imported_Driver/app/shell.cpp:146:7:char* str_parser_get_attr(uint8_t)	16	static
../Drivers/AK_Imported_Driver/app/shell.cpp:157:9:int32_t shell_reset(uint8_t*)	16	static
../Drivers/AK_Imported_Driver/app/shell.cpp:163:9:int32_t shell_ver(uint8_t*)	32	static
../Drivers/AK_Imported_Driver/app/shell.cpp:196:9:int32_t shell_help(uint8_t*)	24	static
../Drivers/AK_Imported_Driver/app/shell.cpp:210:9:int32_t shell_reboot(uint8_t*)	16	static
../Drivers/AK_Imported_Driver/app/shell.cpp:217:9:int32_t shell_fatal(uint8_t*)	176	static,ignoring_inline_asm
../Drivers/AK_Imported_Driver/app/shell.cpp:377:9:int32_t shell_stt(uint8_t*)	16	static
../Drivers/AK_Imported_Driver/app/shell.cpp:382:9:int32_t shell_epi(uint8_t*)	16	static
../Drivers/AK_Imported_Driver/app/shell.cpp:387:9:int32_t shell_eps(uint8_t*)	32	static
../Drivers/AK_Imported_Driver/app/shell.cpp:440:9:int32_t shell_flash(uint8_t*)	72	static
../Drivers/AK_Imported_Driver/app/shell.cpp:513:9:int32_t shell_lcd(uint8_t*)	16	static
../Drivers/AK_Imported_Driver/app/shell.cpp:594:9:int32_t shell_dbg(uint8_t*)	24	static
../Drivers/AK_Imported_Driver/app/shell.cpp:633:9:int32_t shell_ram(uint8_t*)	48	static
../Drivers/AK_Imported_Driver/app/shell.cpp:782:9:int32_t shell_boot(uint8_t*)	104	static
../Drivers/AK_Imported_Driver/app/shell.cpp:848:9:int32_t shell_fwu(uint8_t*)	104	static
../Drivers/AK_Imported_Driver/app/shell.cpp:865:9:int32_t shell_psv(uint8_t*)	16	static
../Drivers/AK_Imported_Driver/app/shell.cpp:871:9:int32_t shell_buzzer(uint8_t*)	16	static
../Drivers/AK_Imported_Driver/app/shell.cpp:911:9:int32_t shell_modbus(uint8_t*)	24	static
