Archive member included to satisfy reference by file (symbol)

C:/ST/STM32CubeIDE_2.0.0/STM32CubeIDE/plugins/com.st.stm32cube.ide.mcu.externaltools.gnu-tools-for-stm32.13.3.rel1.win32_1.0.100.202509120712/tools/bin/../lib/gcc/arm-none-eabi/13.3.1/../../../../arm-none-eabi/lib/thumb/v7-m/nofp\libc_nano.a(libc_a-exit.o)
                              C:/ST/STM32CubeIDE_2.0.0/STM32CubeIDE/plugins/com.st.stm32cube.ide.mcu.externaltools.gnu-tools-for-stm32.13.3.rel1.win32_1.0.100.202509120712/tools/bin/../lib/gcc/arm-none-eabi/13.3.1/../../../../arm-none-eabi/lib/thumb/v7-m/nofp/crt0.o (exit)
C:/ST/STM32CubeIDE_2.0.0/STM32CubeIDE/plugins/com.st.stm32cube.ide.mcu.externaltools.gnu-tools-for-stm32.13.3.rel1.win32_1.0.100.202509120712/tools/bin/../lib/gcc/arm-none-eabi/13.3.1/../../../../arm-none-eabi/lib/thumb/v7-m/nofp\libc_nano.a(libc_a-malloc.o)
                              ./Drivers/EDP/ak/src/message.o (malloc)
C:/ST/STM32CubeIDE_2.0.0/STM32CubeIDE/plugins/com.st.stm32cube.ide.mcu.externaltools.gnu-tools-for-stm32.13.3.rel1.win32_1.0.100.202509120712/tools/bin/../lib/gcc/arm-none-eabi/13.3.1/../../../../arm-none-eabi/lib/thumb/v7-m/nofp\libc_nano.a(libc_a-mallocr.o)
                              C:/ST/STM32CubeIDE_2.0.0/STM32CubeIDE/plugins/com.st.stm32cube.ide.mcu.externaltools.gnu-tools-for-stm32.13.3.rel1.win32_1.0.100.202509120712/tools/bin/../lib/gcc/arm-none-eabi/13.3.1/../../../../arm-none-eabi/lib/thumb/v7-m/nofp\libc_nano.a(libc_a-malloc.o) (_malloc_r)
C:/ST/STM32CubeIDE_2.0.0/STM32CubeIDE/plugins/com.st.stm32cube.ide.mcu.externaltools.gnu-tools-for-stm32.13.3.rel1.win32_1.0.100.202509120712/tools/bin/../lib/gcc/arm-none-eabi/13.3.1/../../../../arm-none-eabi/lib/thumb/v7-m/nofp\libc_nano.a(libc_a-mlock.o)
                              C:/ST/STM32CubeIDE_2.0.0/STM32CubeIDE/plugins/com.st.stm32cube.ide.mcu.externaltools.gnu-tools-for-stm32.13.3.rel1.win32_1.0.100.202509120712/tools/bin/../lib/gcc/arm-none-eabi/13.3.1/../../../../arm-none-eabi/lib/thumb/v7-m/nofp\libc_nano.a(libc_a-mallocr.o) (__malloc_lock)
C:/ST/STM32CubeIDE_2.0.0/STM32CubeIDE/plugins/com.st.stm32cube.ide.mcu.externaltools.gnu-tools-for-stm32.13.3.rel1.win32_1.0.100.202509120712/tools/bin/../lib/gcc/arm-none-eabi/13.3.1/../../../../arm-none-eabi/lib/thumb/v7-m/nofp\libc_nano.a(libc_a-findfp.o)
                              C:/ST/STM32CubeIDE_2.0.0/STM32CubeIDE/plugins/com.st.stm32cube.ide.mcu.externaltools.gnu-tools-for-stm32.13.3.rel1.win32_1.0.100.202509120712/tools/bin/../lib/gcc/arm-none-eabi/13.3.1/../../../../arm-none-eabi/lib/thumb/v7-m/nofp\libc_nano.a(libc_a-exit.o) (__stdio_exit_handler)
C:/ST/STM32CubeIDE_2.0.0/STM32CubeIDE/plugins/com.st.stm32cube.ide.mcu.externaltools.gnu-tools-for-stm32.13.3.rel1.win32_1.0.100.202509120712/tools/bin/../lib/gcc/arm-none-eabi/13.3.1/../../../../arm-none-eabi/lib/thumb/v7-m/nofp\libc_nano.a(libc_a-fwalk.o)
                              C:/ST/STM32CubeIDE_2.0.0/STM32CubeIDE/plugins/com.st.stm32cube.ide.mcu.externaltools.gnu-tools-for-stm32.13.3.rel1.win32_1.0.100.202509120712/tools/bin/../lib/gcc/arm-none-eabi/13.3.1/../../../../arm-none-eabi/lib/thumb/v7-m/nofp\libc_nano.a(libc_a-findfp.o) (_fwalk_sglue)
C:/ST/STM32CubeIDE_2.0.0/STM32CubeIDE/plugins/com.st.stm32cube.ide.mcu.externaltools.gnu-tools-for-stm32.13.3.rel1.win32_1.0.100.202509120712/tools/bin/../lib/gcc/arm-none-eabi/13.3.1/../../../../arm-none-eabi/lib/thumb/v7-m/nofp\libc_nano.a(libc_a-stdio.o)
                              C:/ST/STM32CubeIDE_2.0.0/STM32CubeIDE/plugins/com.st.stm32cube.ide.mcu.externaltools.gnu-tools-for-stm32.13.3.rel1.win32_1.0.100.202509120712/tools/bin/../lib/gcc/arm-none-eabi/13.3.1/../../../../arm-none-eabi/lib/thumb/v7-m/nofp\libc_nano.a(libc_a-findfp.o) (__sread)
C:/ST/STM32CubeIDE_2.0.0/STM32CubeIDE/plugins/com.st.stm32cube.ide.mcu.externaltools.gnu-tools-for-stm32.13.3.rel1.win32_1.0.100.202509120712/tools/bin/../lib/gcc/arm-none-eabi/13.3.1/../../../../arm-none-eabi/lib/thumb/v7-m/nofp\libc_nano.a(libc_a-memset.o)
                              C:/ST/STM32CubeIDE_2.0.0/STM32CubeIDE/plugins/com.st.stm32cube.ide.mcu.externaltools.gnu-tools-for-stm32.13.3.rel1.win32_1.0.100.202509120712/tools/bin/../lib/gcc/arm-none-eabi/13.3.1/../../../../arm-none-eabi/lib/thumb/v7-m/nofp/crt0.o (memset)
C:/ST/STM32CubeIDE_2.0.0/STM32CubeIDE/plugins/com.st.stm32cube.ide.mcu.externaltools.gnu-tools-for-stm32.13.3.rel1.win32_1.0.100.202509120712/tools/bin/../lib/gcc/arm-none-eabi/13.3.1/../../../../arm-none-eabi/lib/thumb/v7-m/nofp\libc_nano.a(libc_a-closer.o)
                              C:/ST/STM32CubeIDE_2.0.0/STM32CubeIDE/plugins/com.st.stm32cube.ide.mcu.externaltools.gnu-tools-for-stm32.13.3.rel1.win32_1.0.100.202509120712/tools/bin/../lib/gcc/arm-none-eabi/13.3.1/../../../../arm-none-eabi/lib/thumb/v7-m/nofp\libc_nano.a(libc_a-stdio.o) (_close_r)
[...]
Memory Configuration

Name             Origin             Length             Attributes
RAM              0x20000000         0x00005000         xrw
FLASH            0x08000000         0x00010000         xr
*default*        0x00000000         0xffffffff

Linker script and memory map

LOAD C:/ST/STM32CubeIDE_2.0.0/STM32CubeIDE/plugins/com.st.stm32cube.ide.mcu.externaltools.gnu-tools-for-stm32.13.3.rel1.win32_1.0.100.202509120712/tools/bin/../lib/gcc/arm-none-eabi/13.3.1/thumb/v7-m/nofp/crti.o
LOAD C:/ST/STM32CubeIDE_2.0.0/STM32CubeIDE/plugins/com.st.stm32cube.ide.mcu.externaltools.gnu-tools-for-stm32.13.3.rel1.win32_1.0.100.202509120712/tools/bin/../lib/gcc/arm-none-eabi/13.3.1/thumb/v7-m/nofp/crtbegin.o
LOAD C:/ST/STM32CubeIDE_2.0.0/STM32CubeIDE/plugins/com.st.stm32cube.ide.mcu.externaltools.gnu-tools-for-stm32.13.3.rel1.win32_1.0.100.202509120712/tools/bin/../lib/gcc/arm-none-eabi/13.3.1/../../../../arm-none-eabi/lib/thumb/v7-m/nofp/crt0.o
LOAD ./Core/Src/adc.o
LOAD ./Core/Src/gpio.o
LOAD ./Core/Src/main.o
LOAD ./Core/Src/spi.o
LOAD ./Core/Src/stm32f1xx_hal_msp.o
LOAD ./Core/Src/stm32f1xx_it.o
LOAD ./Core/Src/syscalls.o
LOAD ./Core/Src/sysmem.o
LOAD ./Core/Src/system_stm32f1xx.o
LOAD ./Core/Src/usart.o
LOAD ./Core/Startup/startup_stm32f103c8tx.o
LOAD ./Drivers/EDP/ak/src/fsm.o
LOAD ./Drivers/EDP/ak/src/message.o
LOAD ./Drivers/EDP/ak/src/task.o
LOAD ./Drivers/EDP/ak/src/timer.o
LOAD ./Drivers/EDP/ak/src/tsm.o
LOAD ./Drivers/EDP/app/app.o
LOAD ./Drivers/EDP/app/app_bsp.o
LOAD ./Drivers/EDP/app/app_data.o
LOAD ./Drivers/EDP/app/app_non_clear_ram.o
LOAD ./Drivers/EDP/app/task_dbg.o
LOAD ./Drivers/EDP/app/task_if.o
LOAD ./Drivers/EDP/app/task_life.o
LOAD ./Drivers/EDP/app/task_list.o
LOAD ./Drivers/EDP/app/task_system.o
LOAD ./Drivers/EDP/app/task_uart_if.o
LOAD ./Drivers/EDP/common/container/fifo.o
LOAD ./Drivers/EDP/common/container/log_queue.o
LOAD ./Drivers/EDP/common/container/ring_buffer.o
LOAD ./Drivers/EDP/common/utils.o
LOAD ./Drivers/EDP/common/xprintf.o
LOAD ./Drivers/EDP/sys/porting_compat.o
LOAD ./Drivers/EDP/sys/sys_boot.o
LOAD ./Drivers/EDP/sys/sys_dbg.o
LOAD ./Drivers/STM32F1xx_HAL_Driver/Src/stm32f1xx_hal.o
LOAD ./Drivers/STM32F1xx_HAL_Driver/Src/stm32f1xx_hal_adc.o
LOAD ./Drivers/STM32F1xx_HAL_Driver/Src/stm32f1xx_hal_adc_ex.o
LOAD ./Drivers/STM32F1xx_HAL_Driver/Src/stm32f1xx_hal_cortex.o
LOAD ./Drivers/STM32F1xx_HAL_Driver/Src/stm32f1xx_hal_dma.o
LOAD ./Drivers/STM32F1xx_HAL_Driver/Src/stm32f1xx_hal_exti.o
LOAD ./Drivers/STM32F1xx_HAL_Driver/Src/stm32f1xx_hal_flash.o
LOAD ./Drivers/STM32F1xx_HAL_Driver/Src/stm32f1xx_hal_flash_ex.o
LOAD ./Drivers/STM32F1xx_HAL_Driver/Src/stm32f1xx_hal_gpio.o
LOAD ./Drivers/STM32F1xx_HAL_Driver/Src/stm32f1xx_hal_gpio_ex.o
LOAD ./Drivers/STM32F1xx_HAL_Driver/Src/stm32f1xx_hal_pwr.o
LOAD ./Drivers/STM32F1xx_HAL_Driver/Src/stm32f1xx_hal_rcc.o
LOAD ./Drivers/STM32F1xx_HAL_Driver/Src/stm32f1xx_hal_rcc_ex.o
LOAD ./Drivers/STM32F1xx_HAL_Driver/Src/stm32f1xx_hal_spi.o
LOAD ./Drivers/STM32F1xx_HAL_Driver/Src/stm32f1xx_hal_uart.o
START GROUP
LOAD C:/ST/STM32CubeIDE_2.0.0/STM32CubeIDE/plugins/com.st.stm32cube.ide.mcu.externaltools.gnu-tools-for-stm32.13.3.rel1.win32_1.0.100.202509120712/tools/bin/../lib/gcc/arm-none-eabi/13.3.1/../../../../arm-none-eabi/lib/thumb/v7-m/nofp\libstdc++_nano.a
LOAD C:/ST/STM32CubeIDE_2.0.0/STM32CubeIDE/plugins/com.st.stm32cube.ide.mcu.externaltools.gnu-tools-for-stm32.13.3.rel1.win32_1.0.100.202509120712/tools/bin/../lib/gcc/arm-none-eabi/13.3.1/../../../../arm-none-eabi/lib/thumb/v7-m/nofp\libsupc++_nano.a
END GROUP
LOAD C:/ST/STM32CubeIDE_2.0.0/STM32CubeIDE/plugins/com.st.stm32cube.ide.mcu.externaltools.gnu-tools-for-stm32.13.3.rel1.win32_1.0.100.202509120712/tools/bin/../lib/gcc/arm-none-eabi/13.3.1/../../../../arm-none-eabi/lib/thumb/v7-m/nofp\libstdc++_nano.a
LOAD C:/ST/STM32CubeIDE_2.0.0/STM32CubeIDE/plugins/com.st.stm32cube.ide.mcu.externaltools.gnu-tools-for-stm32.13.3.rel1.win32_1.0.100.202509120712/tools/bin/../lib/gcc/arm-none-eabi/13.3.1/../../../../arm-none-eabi/lib/thumb/v7-m/nofp\libm.a
LOAD C:/ST/STM32CubeIDE_2.0.0/STM32CubeIDE/plugins/com.st.stm32cube.ide.mcu.externaltools.gnu-tools-for-stm32.13.3.rel1.win32_1.0.100.202509120712/tools/bin/../lib/gcc/arm-none-eabi/13.3.1/../../../../arm-none-eabi/lib/thumb/v7-m/nofp\libc_nano.a
START GROUP
LOAD C:/ST/STM32CubeIDE_2.0.0/STM32CubeIDE/plugins/com.st.stm32cube.ide.mcu.externaltools.gnu-tools-for-stm32.13.3.rel1.win32_1.0.100.202509120712/tools/bin/../lib/gcc/arm-none-eabi/13.3.1/thumb/v7-m/nofp\libgcc.a
LOAD C:/ST/STM32CubeIDE_2.0.0/STM32CubeIDE/plugins/com.st.stm32cube.ide.mcu.externaltools.gnu-tools-for-stm32.13.3.rel1.win32_1.0.100.202509120712/tools/bin/../lib/gcc/arm-none-eabi/13.3.1/../../../../arm-none-eabi/lib/thumb/v7-m/nofp\libc_nano.a
END GROUP
START GROUP
LOAD C:/ST/STM32CubeIDE_2.0.0/STM32CubeIDE/plugins/com.st.stm32cube.ide.mcu.externaltools.gnu-tools-for-stm32.13.3.rel1.win32_1.0.100.202509120712/tools/bin/../lib/gcc/arm-none-eabi/13.3.1/thumb/v7-m/nofp\libgcc.a
LOAD C:/ST/STM32CubeIDE_2.0.0/STM32CubeIDE/plugins/com.st.stm32cube.ide.mcu.externaltools.gnu-tools-for-stm32.13.3.rel1.win32_1.0.100.202509120712/tools/bin/../lib/gcc/arm-none-eabi/13.3.1/../../../../arm-none-eabi/lib/thumb/v7-m/nofp\libc_nano.a
LOAD C:/ST/STM32CubeIDE_2.0.0/STM32CubeIDE/plugins/com.st.stm32cube.ide.mcu.externaltools.gnu-tools-for-stm32.13.3.rel1.win32_1.0.100.202509120712/tools/bin/../lib/gcc/arm-none-eabi/13.3.1/../../../../arm-none-eabi/lib/thumb/v7-m/nofp\libnosys.a
END GROUP
START GROUP
LOAD C:/ST/STM32CubeIDE_2.0.0/STM32CubeIDE/plugins/com.st.stm32cube.ide.mcu.externaltools.gnu-tools-for-stm32.13.3.rel1.win32_1.0.100.202509120712/tools/bin/../lib/gcc/arm-none-eabi/13.3.1/thumb/v7-m/nofp\libgcc.a
LOAD C:/ST/STM32CubeIDE_2.0.0/STM32CubeIDE/plugins/com.st.stm32cube.ide.mcu.externaltools.gnu-tools-for-stm32.13.3.rel1.win32_1.0.100.202509120712/tools/bin/../lib/gcc/arm-none-eabi/13.3.1/../../../../arm-none-eabi/lib/thumb/v7-m/nofp\libc_nano.a
LOAD C:/ST/STM32CubeIDE_2.0.0/STM32CubeIDE/plugins/com.st.stm32cube.ide.mcu.externaltools.gnu-tools-for-stm32.13.3.rel1.win32_1.0.100.202509120712/tools/bin/../lib/gcc/arm-none-eabi/13.3.1/../../../../arm-none-eabi/lib/thumb/v7-m/nofp\libnosys.a
END GROUP
LOAD C:/ST/STM32CubeIDE_2.0.0/STM32CubeIDE/plugins/com.st.stm32cube.ide.mcu.externaltools.gnu-tools-for-stm32.13.3.rel1.win32_1.0.100.202509120712/tools/bin/../lib/gcc/arm-none-eabi/13.3.1/thumb/v7-m/nofp/crtend.o
LOAD C:/ST/STM32CubeIDE_2.0.0/STM32CubeIDE/plugins/com.st.stm32cube.ide.mcu.externaltools.gnu-tools-for-stm32.13.3.rel1.win32_1.0.100.202509120712/tools/bin/../lib/gcc/arm-none-eabi/13.3.1/thumb/v7-m/nofp/crtn.o
                0x20005000                        _estack = (ORIGIN (RAM) + LENGTH (RAM))
                0x00000200                        _Min_Heap_Size = 0x200
                0x00000400                        _Min_Stack_Size = 0x400

.isr_vector     0x08000000      0x10c
                0x08000000                        . = ALIGN (0x4)
 *(.isr_vector)
 .isr_vector    0x08000000      0x10c ./Core/Startup/startup_stm32f103c8tx.o
                0x08000000                g_pfnVectors
                0x0800010c                        . = ALIGN (0x4)

.text           0x0800010c     0x5d98
                0x0800010c                        . = ALIGN (0x4)
 *(.text)
 .text          0x0800010c       0x40 C:/ST/STM32CubeIDE_2.0.0/STM32CubeIDE/plugins/com.st.stm32cube.ide.mcu.externaltools.gnu-tools-for-stm32.13.3.rel1.win32_1.0.100.202509120712/tools/bin/../lib/gcc/arm-none-eabi/13.3.1/thumb/v7-m/nofp/crtbegin.o
 .text          0x0800014c      0xa54 C:/ST/STM32CubeIDE_2.0.0/STM32CubeIDE/plugins/com.st.stm32cube.ide.mcu.externaltools.gnu-tools-for-stm32.13.3.rel1.win32_1.0.100.202509120712/tools/bin/../lib/gcc/arm-none-eabi/13.3.1/thumb/v7-m/nofp\libgcc.a(unwind-arm.o)
                0x08000410                _Unwind_GetCFA
                0x08000414                __gnu_Unwind_RaiseException
                0x0800047c                __gnu_Unwind_ForcedUnwind
                0x08000490                __gnu_Unwind_Resume
                0x080004d4                __gnu_Unwind_Resume_or_Rethrow
                0x080004e8                _Unwind_Complete
                0x080004ec                _Unwind_DeleteException
                0x080004f8                _Unwind_VRS_Get
                0x08000548                _Unwind_VRS_Set
                0x08000594                __gnu_Unwind_Backtrace
                0x080008bc                __aeabi_unwind_cpp_pr0
                0x080008c0                __aeabi_unwind_cpp_pr1
                0x080008c4                __aeabi_unwind_cpp_pr2
                0x080008c8                _Unwind_VRS_Pop
 .text          0x08000ba0      0x1ac C:/ST/STM32CubeIDE_2.0.0/STM32CubeIDE/plugins/com.st.stm32cube.ide.mcu.externaltools.gnu-tools-for-stm32.13.3.rel1.win32_1.0.100.202509120712/tools/bin/../lib/gcc/arm-none-eabi/13.3.1/thumb/v7-m/nofp\libgcc.a(libunwind.o)
                0x08000ba0                __restore_core_regs
                0x08000ba0                restore_core_regs
                0x08000bb8                __gnu_Unwind_Restore_VFP
                0x08000bc0                __gnu_Unwind_Save_VFP
                0x08000bc8                __gnu_Unwind_Restore_VFP_D
                0x08000bd0                __gnu_Unwind_Save_VFP_D
                0x08000bd8                __gnu_Unwind_Restore_VFP_D_16_to_31
                0x08000be0                __gnu_Unwind_Save_VFP_D_16_to_31
                0x08000be8                __gnu_Unwind_Restore_WMMXD
                0x08000c2c                __gnu_Unwind_Save_WMMXD
                0x08000c70                __gnu_Unwind_Restore_WMMXC
                0x08000c84                __gnu_Unwind_Save_WMMXC
                0x08000c98                ___Unwind_RaiseException
                0x08000c98                _Unwind_RaiseException
                0x08000cbc                _Unwind_Resume
                0x08000cbc                ___Unwind_Resume
                0x08000ce0                _Unwind_Resume_or_Rethrow
                0x08000ce0                ___Unwind_Resume_or_Rethrow
                0x08000d04                _Unwind_ForcedUnwind
                0x08000d04                ___Unwind_ForcedUnwind
                0x08000d28                ___Unwind_Backtrace
                0x08000d28                _Unwind_Backtrace
 .text          0x08000d4c      0x3a4 C:/ST/STM32CubeIDE_2.0.0/STM32CubeIDE/plugins/com.st.stm32cube.ide.mcu.externaltools.gnu-tools-for-stm32.13.3.rel1.win32_1.0.100.202509120712/tools/bin/../lib/gcc/arm-none-eabi/13.3.1/thumb/v7-m/nofp\libgcc.a(pr-support.o)
                0x08000da4                __gnu_unwind_execute
                0x080010a0                __gnu_unwind_frame
                0x080010d0                _Unwind_GetRegionStart
                0x080010dc                _Unwind_GetLanguageSpecificData
 *(.text*)
 .text.MX_ADC1_Init
                0x080010f0       0x90 ./Core/Src/adc.o
                0x080010f0                MX_ADC1_Init
 .text.HAL_ADC_MspInit
                0x08001180       0x78 ./Core/Src/adc.o
                0x08001180                HAL_ADC_MspInit
 .text.MX_GPIO_Init
                0x080011f8       0x44 ./Core/Src/gpio.o
                0x080011f8                MX_GPIO_Init
 .text.main     0x0800123c       0x28 ./Core/Src/main.o
                0x0800123c                main
 .text.SystemClock_Config
                0x08001264       0xd4 ./Core/Src/main.o
                0x08001264                SystemClock_Config
 .text.Error_Handler
                0x08001338        0xc ./Core/Src/main.o
                0x08001338                Error_Handler
 .text.MX_SPI1_Init
                0x08001344       0x78 ./Core/Src/spi.o
                0x08001344                MX_SPI1_Init
 .text.HAL_SPI_MspInit
                0x080013bc       0x94 ./Core/Src/spi.o
                0x080013bc                HAL_SPI_MspInit
 .text.HAL_MspInit
                0x08001450       0x64 ./Core/Src/stm32f1xx_hal_msp.o
                0x08001450                HAL_MspInit
 .text.hardfault_capture
                0x080014b4       0xa4 ./Core/Src/stm32f1xx_it.o
                0x080014b4                hardfault_capture
 .text.NMI_Handler
                0x08001558        0x8 ./Core/Src/stm32f1xx_it.o
                0x08001558                NMI_Handler
 .text.HardFault_Handler
                0x08001560       0x16 ./Core/Src/stm32f1xx_it.o
                0x08001560                HardFault_Handler
 .text.MemManage_Handler
                0x08001576        0x8 ./Core/Src/stm32f1xx_it.o
                0x08001576                MemManage_Handler
 .text.BusFault_Handler
                0x0800157e        0x8 ./Core/Src/stm32f1xx_it.o
                0x0800157e                BusFault_Handler
 .text.UsageFault_Handler
                0x08001586        0x8 ./Core/Src/stm32f1xx_it.o
                0x08001586                UsageFault_Handler
 .text.SVC_Handler
                0x0800158e        0xc ./Core/Src/stm32f1xx_it.o
                0x0800158e                SVC_Handler
 .text.DebugMon_Handler
                0x0800159a        0xc ./Core/Src/stm32f1xx_it.o
                0x0800159a                DebugMon_Handler
 .text.PendSV_Handler
                0x080015a6        0xc ./Core/Src/stm32f1xx_it.o
                0x080015a6                PendSV_Handler
 *fill*         0x080015b2        0x2 
 .text.SysTick_Handler
                0x080015b4       0x4c ./Core/Src/stm32f1xx_it.o
                0x080015b4                SysTick_Handler
 .text._getpid  0x08001600        0xe ./Core/Src/syscalls.o
                0x08001600                _getpid
 .text._kill    0x0800160e       0x20 ./Core/Src/syscalls.o
                0x0800160e                _kill
 .text._exit    0x0800162e       0x16 ./Core/Src/syscalls.o
                0x0800162e                _exit
 .text.SystemInit
                0x08001644        0xc ./Core/Src/system_stm32f1xx.o
                0x08001644                SystemInit
 .text.MX_USART1_UART_Init
                0x08001650       0x5c ./Core/Src/usart.o
                0x08001650                MX_USART1_UART_Init
 .text.HAL_UART_MspInit
                0x080016ac       0x98 ./Core/Src/usart.o
                0x080016ac                HAL_UART_MspInit
 .text.Reset_Handler
                0x08001744       0x48 ./Core/Startup/startup_stm32f103c8tx.o
                0x08001744                Reset_Handler
 .text.Default_Handler
                0x0800178c        0x2 ./Core/Startup/startup_stm32f103c8tx.o
                0x0800178c                RTC_Alarm_IRQHandler
                0x0800178c                EXTI2_IRQHandler
                0x0800178c                TIM1_CC_IRQHandler
                0x0800178c                PVD_IRQHandler
                0x0800178c                EXTI3_IRQHandler
                0x0800178c                EXTI0_IRQHandler
                0x0800178c                I2C2_EV_IRQHandler
                0x0800178c                ADC1_2_IRQHandler
                0x0800178c                SPI1_IRQHandler
                0x0800178c                TAMPER_IRQHandler
                0x0800178c                DMA1_Channel4_IRQHandler
                0x0800178c                USART3_IRQHandler
                0x0800178c                RTC_IRQHandler
                0x0800178c                DMA1_Channel7_IRQHandler
                0x0800178c                CAN1_RX1_IRQHandler
                0x0800178c                TIM4_IRQHandler
                0x0800178c                I2C1_EV_IRQHandler
                0x0800178c                DMA1_Channel6_IRQHandler
                0x0800178c                TIM3_IRQHandler
                0x0800178c                RCC_IRQHandler
                0x0800178c                TIM1_TRG_COM_IRQHandler
                0x0800178c                DMA1_Channel1_IRQHandler
                0x0800178c                Default_Handler
                0x0800178c                EXTI15_10_IRQHandler
                0x0800178c                EXTI9_5_IRQHandler
                0x0800178c                SPI2_IRQHandler
                0x0800178c                DMA1_Channel5_IRQHandler
                0x0800178c                EXTI4_IRQHandler
                0x0800178c                USB_LP_CAN1_RX0_IRQHandler
                0x0800178c                USB_HP_CAN1_TX_IRQHandler
                0x0800178c                DMA1_Channel3_IRQHandler
                0x0800178c                TIM1_UP_IRQHandler
                0x0800178c                WWDG_IRQHandler
                0x0800178c                TIM2_IRQHandler
                0x0800178c                TIM1_BRK_IRQHandler
                0x0800178c                EXTI1_IRQHandler
                0x0800178c                USART2_IRQHandler
                0x0800178c                I2C2_ER_IRQHandler
                0x0800178c                DMA1_Channel2_IRQHandler
                0x0800178c                CAN1_SCE_IRQHandler
                0x0800178c                FLASH_IRQHandler
                0x0800178c                USART1_IRQHandler
                0x0800178c                I2C1_ER_IRQHandler
                0x0800178c                USBWakeUp_IRQHandler
 *fill*         0x0800178e        0x2 
 .text._ZL23msg_ptr_belongs_to_poolPK8ak_msg_t
                0x08001790       0x9c ./Drivers/EDP/ak/src/message.o
 .text.msg_init
                0x0800182c       0x14 ./Drivers/EDP/ak/src/message.o
                0x0800182c                msg_init
 .text.msg_free
                0x08001840       0x70 ./Drivers/EDP/ak/src/message.o
                0x08001840                msg_free
 .text.msg_force_free
                0x080018b0       0x5c ./Drivers/EDP/ak/src/message.o
                0x080018b0                msg_force_free
 .text.msg_inc_ref_count
                0x0800190c       0x40 ./Drivers/EDP/ak/src/message.o
                0x0800190c                msg_inc_ref_count
 .text.msg_dec_ref_count
                0x0800194c       0x40 ./Drivers/EDP/ak/src/message.o
                0x0800194c                msg_dec_ref_count
 .text.ak_free  0x0800198c       0x16 ./Drivers/EDP/ak/src/message.o
                0x0800198c                ak_free
 *fill*         0x080019a2        0x2 
 .text._ZL18pure_msg_pool_initv
                0x080019a4       0xf0 ./Drivers/EDP/ak/src/message.o
 .text.get_pure_msg_pool_used
                0x08001a94       0x14 ./Drivers/EDP/ak/src/message.o
                0x08001a94                get_pure_msg_pool_used
 .text.get_pure_msg
                0x08001aa8       0xbc ./Drivers/EDP/ak/src/message.o
                0x08001aa8                get_pure_msg
 .text._ZL13free_pure_msgP8ak_msg_t
                0x08001b64       0x38 ./Drivers/EDP/ak/src/message.o
 .text._ZL20common_msg_pool_initv
                0x08001b9c      0x134 ./Drivers/EDP/ak/src/message.o
 .text.get_common_msg
                0x08001cd0       0xc4 ./Drivers/EDP/ak/src/message.o
                0x08001cd0                get_common_msg
 .text._ZL15free_common_msgP8ak_msg_t
                0x08001d94       0x38 ./Drivers/EDP/ak/src/message.o
 .text.set_data_common_msg
                0x08001dcc       0x64 ./Drivers/EDP/ak/src/message.o
                0x08001dcc                set_data_common_msg
 .text.get_data_common_msg
                0x08001e30       0x34 ./Drivers/EDP/ak/src/message.o
                0x08001e30                get_data_common_msg
 .text.get_data_len_common_msg
                0x08001e64       0x34 ./Drivers/EDP/ak/src/message.o
                0x08001e64                get_data_len_common_msg
 .text._ZL21dynamic_msg_pool_initv
                0x08001e98      0x164 ./Drivers/EDP/ak/src/message.o
 .text._ZL16free_dynamic_msgP8ak_msg_t
                0x08001ffc       0x44 ./Drivers/EDP/ak/src/message.o
 .text.msg_is_valid_ptr
                0x08002040       0x24 ./Drivers/EDP/ak/src/message.o
                0x08002040                msg_is_valid_ptr
 .text.msg_is_valid_or_null
                0x08002064       0x24 ./Drivers/EDP/ak/src/message.o
                0x08002064                msg_is_valid_or_null
 .text._ZL26task_queue_integrity_checkP5tcb_th
                0x08002088       0x94 ./Drivers/EDP/ak/src/task.o
 .text.task_create
                0x0800211c       0x90 ./Drivers/EDP/ak/src/task.o
                0x0800211c                task_create
 .text.task_polling_create
                0x080021ac       0x90 ./Drivers/EDP/ak/src/task.o
                0x080021ac                task_polling_create
 .text.task_post
                0x0800223c      0x144 ./Drivers/EDP/ak/src/task.o
                0x0800223c                task_post
 .text.task_remove_msg
                0x08002380      0x17c ./Drivers/EDP/ak/src/task.o
                0x08002380                task_remove_msg
 .text.task_post_pure_msg
                0x080024fc       0x30 ./Drivers/EDP/ak/src/task.o
                0x080024fc                task_post_pure_msg
 .text.task_post_common_msg
                0x0800252c       0x42 ./Drivers/EDP/ak/src/task.o
                0x0800252c                task_post_common_msg
 *fill*         0x0800256e        0x2 
 .text.task_init
                0x08002570       0xa0 ./Drivers/EDP/ak/src/task.o
                0x08002570                task_init
 .text.task_debug_run_once
                0x08002610       0x30 ./Drivers/EDP/ak/src/task.o
                0x08002610                task_debug_run_once
 .text.task_deinit
                0x08002640       0xc4 ./Drivers/EDP/ak/src/task.o
                0x08002640                task_deinit
 .text.task_polling_run
                0x08002704       0x48 ./Drivers/EDP/ak/src/task.o
                0x08002704                task_polling_run
 .text._ZL13task_shedulerv
                0x0800274c      0x1dc ./Drivers/EDP/ak/src/task.o
 .text.get_current_task_id
                0x08002928       0x14 ./Drivers/EDP/ak/src/task.o
                0x08002928                get_current_task_id
 .text.get_current_task_info
                0x0800293c       0x14 ./Drivers/EDP/ak/src/task.o
                0x0800293c                get_current_task_info
 .text.get_current_active_object
                0x08002950       0x14 ./Drivers/EDP/ak/src/task.o
                0x08002950                get_current_active_object
 .text.get_task_table_size
                0x08002964       0x14 ./Drivers/EDP/ak/src/task.o
                0x08002964                get_task_table_size
 .text._ZL19timer_msg_pool_initv
                0x08002978       0xb4 ./Drivers/EDP/ak/src/timer.o
 .text._ZL14free_timer_msgP10ak_timer_t
                0x08002a2c       0x38 ./Drivers/EDP/ak/src/timer.o
 .text.task_timer_tick
                0x08002a64       0xdc ./Drivers/EDP/ak/src/timer.o
                0x08002a64                task_timer_tick
 .text.timer_init
                0x08002b40       0x24 ./Drivers/EDP/ak/src/timer.o
                0x08002b40                timer_init
 .text._ZL16timer_remove_msghh
                0x08002b64       0xac ./Drivers/EDP/ak/src/timer.o
 .text._ZL22app_run_edp_init_probev
                0x08002c10      0x100 ./Drivers/EDP/app/app.o
 .text._ZL18app_task_edp_dbg_aP8ak_msg_t
                0x08002d10       0x60 ./Drivers/EDP/app/app.o
 .text._ZL18app_task_edp_dbg_bP8ak_msg_t
                0x08002d70       0x7c ./Drivers/EDP/app/app.o
 .text._ZL26app_run_edp_two_task_debugv
                0x08002dec       0xb4 ./Drivers/EDP/app/app.o
 .text._ZL23app_validate_task_tablePK6task_t
                0x08002ea0      0x120 ./Drivers/EDP/app/app.o
 .text._ZL26app_validate_polling_tablePK14task_polling_t
                0x08002fc0      0x14c ./Drivers/EDP/app/app.o
 .text.main_app
                0x0800310c       0xb4 ./Drivers/EDP/app/app.o
                0x0800310c                main_app
 .text._Z20task_polling_consolev
                0x080031c0        0xc ./Drivers/EDP/app/app.o
                0x080031c0                task_polling_console()
 .text.sys_irq_timer_10ms
                0x080031cc        0xc ./Drivers/EDP/app/app.o
                0x080031cc                sys_irq_timer_10ms
 .text._Z8task_dbgP8ak_msg_t
                0x080031d8       0x14 ./Drivers/EDP/app/task_dbg.o
                0x080031d8                task_dbg(ak_msg_t*)
 .text._Z7task_ifP8ak_msg_t
                0x080031ec       0x26 ./Drivers/EDP/app/task_if.o
                0x080031ec                task_if(ak_msg_t*)
 *fill*         0x08003212        0x2 
 .text._ZL24if_des_type_uart_handlerP8ak_msg_t
                0x08003214       0xe8 ./Drivers/EDP/app/task_if.o
 .text._Z9task_lifeP8ak_msg_t
                0x080032fc       0x30 ./Drivers/EDP/app/task_life.o
                0x080032fc                task_life(ak_msg_t*)
 .text._Z11task_systemP8ak_msg_t
                0x0800332c       0x14 ./Drivers/EDP/app/task_system.o
                0x0800332c                task_system(ak_msg_t*)
 .text._Z12task_uart_ifP8ak_msg_t
                0x08003340       0x14 ./Drivers/EDP/app/task_uart_if.o
                0x08003340                task_uart_if(ak_msg_t*)
 .text.__NVIC_SystemReset
                0x08003354       0x2c ./Drivers/EDP/sys/porting_compat.o
 .text.gpio_set
                0x08003380       0x24 ./Drivers/EDP/sys/porting_compat.o
 .text.enable_dwt_cycle_counter
                0x080033a4       0x34 ./Drivers/EDP/sys/porting_compat.o
 .text.get_flash_length_bytes
                0x080033d8       0x10 ./Drivers/EDP/sys/porting_compat.o
 .text.normalize_flash_address
                0x080033e8       0x24 ./Drivers/EDP/sys/porting_compat.o
 .text.is_internal_flash_address
                0x0800340c       0x36 ./Drivers/EDP/sys/porting_compat.o
 *fill*         0x08003442        0x2 
 .text.flash_program_bytes
                0x08003444       0xbc ./Drivers/EDP/sys/porting_compat.o
 .text.flash_erase_pages
                0x08003500       0x9c ./Drivers/EDP/sys/porting_compat.o
 .text.platform_enter_critical
                0x0800359c       0x10 ./Drivers/EDP/sys/porting_compat.o
                0x0800359c                platform_enter_critical
 .text.platform_exit_critical
                0x080035ac       0x10 ./Drivers/EDP/sys/porting_compat.o
                0x080035ac                platform_exit_critical
 .text.led_on   0x080035bc       0x2a ./Drivers/EDP/sys/porting_compat.o
                0x080035bc                led_on
 .text.led_off  0x080035e6       0x2a ./Drivers/EDP/sys/porting_compat.o
                0x080035e6                led_off
 .text.led_toggle
                0x08003610       0x2e ./Drivers/EDP/sys/porting_compat.o
                0x08003610                led_toggle
 *fill*         0x0800363e        0x2 
 .text.led_life_on
                0x08003640       0x18 ./Drivers/EDP/sys/porting_compat.o
                0x08003640                led_life_on
 .text.led_life_off
                0x08003658       0x18 ./Drivers/EDP/sys/porting_compat.o
                0x08003658                led_life_off
 .text.flash_read
                0x08003670       0x60 ./Drivers/EDP/sys/porting_compat.o
                0x08003670                flash_read
 .text.flash_write
                0x080036d0       0x1e ./Drivers/EDP/sys/porting_compat.o
                0x080036d0                flash_write
 .text.flash_erase_sector
                0x080036ee       0x1a ./Drivers/EDP/sys/porting_compat.o
                0x080036ee                flash_erase_sector
 .text.flash_erase_block_64k
                0x08003708       0x1a ./Drivers/EDP/sys/porting_compat.o
                0x08003708                flash_erase_block_64k
 *fill*         0x08003722        0x2 
 .text.sys_cfg_clock
                0x08003724       0x20 ./Drivers/EDP/sys/porting_compat.o
                0x08003724                sys_cfg_clock
 .text.sys_cfg_tick
                0x08003744       0x14 ./Drivers/EDP/sys/porting_compat.o
                0x08003744                sys_cfg_tick
 .text.sys_cfg_console
                0x08003758       0x20 ./Drivers/EDP/sys/porting_compat.o
                0x08003758                sys_cfg_console
 .text.sys_cfg_update_info
                0x08003778       0x70 ./Drivers/EDP/sys/porting_compat.o
                0x08003778                sys_cfg_update_info
 .text.sys_cfg_init
                0x080037e8       0x18 ./Drivers/EDP/sys/porting_compat.o
                0x080037e8                sys_cfg_init
 .text.sys_ctrl_reset
                0x08003800        0x8 ./Drivers/EDP/sys/porting_compat.o
                0x08003800                sys_ctrl_reset
 .text.sys_ctrl_independent_watchdog_reset
                0x08003808        0xc ./Drivers/EDP/sys/porting_compat.o
                0x08003808                sys_ctrl_independent_watchdog_reset
 .text.sys_ctrl_soft_watchdog_reset
                0x08003814       0x18 ./Drivers/EDP/sys/porting_compat.o
                0x08003814                sys_ctrl_soft_watchdog_reset
 .text.sys_ctrl_soft_watchdog_increase_counter
                0x0800382c       0x40 ./Drivers/EDP/sys/porting_compat.o
                0x0800382c                sys_ctrl_soft_watchdog_increase_counter
 .text.sys_ctrl_delay_us
                0x0800386c       0x54 ./Drivers/EDP/sys/porting_compat.o
                0x0800386c                sys_ctrl_delay_us
 .text.sys_ctrl_shell_get_char
                0x080038c0       0x4c ./Drivers/EDP/sys/porting_compat.o
                0x080038c0                sys_ctrl_shell_get_char
 .text.sys_ctrl_shell_put_char_block
                0x0800390c       0x3c ./Drivers/EDP/sys/porting_compat.o
                0x0800390c                sys_ctrl_shell_put_char_block
 .text.sys_ctrl_shell_sw_to_block
                0x08003948       0x24 ./Drivers/EDP/sys/porting_compat.o
                0x08003948                sys_ctrl_shell_sw_to_block
 .text.sys_dbg_fatal
                0x0800396c      0x2c4 ./Drivers/EDP/sys/sys_dbg.o
                0x0800396c                sys_dbg_fatal
 .text.sys_dbg_cpu_dump
                0x08003c30        0xc ./Drivers/EDP/sys/sys_dbg.o
                0x08003c30                sys_dbg_cpu_dump
 .text.sys_dbg_stack_space_dump
                0x08003c3c       0x38 ./Drivers/EDP/sys/sys_dbg.o
                0x08003c3c                sys_dbg_stack_space_dump
 .text.HAL_Init
                0x08003c74       0x2c ./Drivers/STM32F1xx_HAL_Driver/Src/stm32f1xx_hal.o
                0x08003c74                HAL_Init
 .text.HAL_InitTick
                0x08003ca0       0x6c ./Drivers/STM32F1xx_HAL_Driver/Src/stm32f1xx_hal.o
                0x08003ca0                HAL_InitTick
 .text.HAL_IncTick
                0x08003d0c       0x24 ./Drivers/STM32F1xx_HAL_Driver/Src/stm32f1xx_hal.o
                0x08003d0c                HAL_IncTick
 .text.HAL_GetTick
                0x08003d30       0x14 ./Drivers/STM32F1xx_HAL_Driver/Src/stm32f1xx_hal.o
                0x08003d30                HAL_GetTick
 .text.HAL_ADC_Init
                0x08003d44      0x1dc ./Drivers/STM32F1xx_HAL_Driver/Src/stm32f1xx_hal_adc.o
                0x08003d44                HAL_ADC_Init
 .text.HAL_ADC_ConfigChannel
                0x08003f20      0x204 ./Drivers/STM32F1xx_HAL_Driver/Src/stm32f1xx_hal_adc.o
                0x08003f20                HAL_ADC_ConfigChannel
 .text.ADC_ConversionStop_Disable
                0x08004124       0xac ./Drivers/STM32F1xx_HAL_Driver/Src/stm32f1xx_hal_adc.o
                0x08004124                ADC_ConversionStop_Disable
 .text.__NVIC_SetPriorityGrouping
                0x080041d0       0x48 ./Drivers/STM32F1xx_HAL_Driver/Src/stm32f1xx_hal_cortex.o
 .text.__NVIC_GetPriorityGrouping
                0x08004218       0x1c ./Drivers/STM32F1xx_HAL_Driver/Src/stm32f1xx_hal_cortex.o
 .text.__NVIC_SetPriority
                0x08004234       0x54 ./Drivers/STM32F1xx_HAL_Driver/Src/stm32f1xx_hal_cortex.o
 .text.NVIC_EncodePriority
                0x08004288       0x60 ./Drivers/STM32F1xx_HAL_Driver/Src/stm32f1xx_hal_cortex.o
 .text.SysTick_Config
                0x080042e8       0x44 ./Drivers/STM32F1xx_HAL_Driver/Src/stm32f1xx_hal_cortex.o
 .text.HAL_NVIC_SetPriorityGrouping
                0x0800432c       0x16 ./Drivers/STM32F1xx_HAL_Driver/Src/stm32f1xx_hal_cortex.o
                0x0800432c                HAL_NVIC_SetPriorityGrouping
 .text.HAL_NVIC_SetPriority
                0x08004342       0x38 ./Drivers/STM32F1xx_HAL_Driver/Src/stm32f1xx_hal_cortex.o
                0x08004342                HAL_NVIC_SetPriority
 .text.HAL_SYSTICK_Config
                0x0800437a       0x18 ./Drivers/STM32F1xx_HAL_Driver/Src/stm32f1xx_hal_cortex.o
                0x0800437a                HAL_SYSTICK_Config
 *fill*         0x08004392        0x2 
 .text.HAL_FLASH_Program
                0x08004394       0xe0 ./Drivers/STM32F1xx_HAL_Driver/Src/stm32f1xx_hal_flash.o
                0x08004394                HAL_FLASH_Program
 .text.HAL_FLASH_Unlock
                0x08004474       0x60 ./Drivers/STM32F1xx_HAL_Driver/Src/stm32f1xx_hal_flash.o
                0x08004474                HAL_FLASH_Unlock
 .text.HAL_FLASH_Lock
                0x080044d4       0x20 ./Drivers/STM32F1xx_HAL_Driver/Src/stm32f1xx_hal_flash.o
                0x080044d4                HAL_FLASH_Lock
 .text._ZL22FLASH_Program_HalfWordmt
                0x080044f4       0x38 ./Drivers/STM32F1xx_HAL_Driver/Src/stm32f1xx_hal_flash.o
 .text.FLASH_WaitForLastOperation
                0x0800452c       0xb4 ./Drivers/STM32F1xx_HAL_Driver/Src/stm32f1xx_hal_flash.o
                0x0800452c                FLASH_WaitForLastOperation
 .text._ZL18FLASH_SetErrorCodev
                0x080045e0       0xbc ./Drivers/STM32F1xx_HAL_Driver/Src/stm32f1xx_hal_flash.o
 .text.HAL_FLASHEx_Erase
                0x0800469c       0xec ./Drivers/STM32F1xx_HAL_Driver/Src/stm32f1xx_hal_flash_ex.o
                0x0800469c                HAL_FLASHEx_Erase
 .text._ZL15FLASH_MassErasem
                0x08004788       0x38 ./Drivers/STM32F1xx_HAL_Driver/Src/stm32f1xx_hal_flash_ex.o
 .text._Z15FLASH_PageErasem
                0x080047c0       0x40 ./Drivers/STM32F1xx_HAL_Driver/Src/stm32f1xx_hal_flash_ex.o
                0x080047c0                FLASH_PageErase(unsigned long)
 .text.HAL_GPIO_Init
                0x08004800      0x308 ./Drivers/STM32F1xx_HAL_Driver/Src/stm32f1xx_hal_gpio.o
                0x08004800                HAL_GPIO_Init
 .text.HAL_GPIO_WritePin
                0x08004b08       0x30 ./Drivers/STM32F1xx_HAL_Driver/Src/stm32f1xx_hal_gpio.o
                0x08004b08                HAL_GPIO_WritePin
 .text.HAL_RCC_OscConfig
                0x08004b38      0x654 ./Drivers/STM32F1xx_HAL_Driver/Src/stm32f1xx_hal_rcc.o
                0x08004b38                HAL_RCC_OscConfig
 .text.HAL_RCC_ClockConfig
                0x0800518c      0x230 ./Drivers/STM32F1xx_HAL_Driver/Src/stm32f1xx_hal_rcc.o
                0x0800518c                HAL_RCC_ClockConfig
 .text.HAL_RCC_GetSysClockFreq
                0x080053bc       0xa8 ./Drivers/STM32F1xx_HAL_Driver/Src/stm32f1xx_hal_rcc.o
                0x080053bc                HAL_RCC_GetSysClockFreq
 .text.HAL_RCC_GetHCLKFreq
                0x08005464       0x14 ./Drivers/STM32F1xx_HAL_Driver/Src/stm32f1xx_hal_rcc.o
                0x08005464                HAL_RCC_GetHCLKFreq
 .text.HAL_RCC_GetPCLK1Freq
                0x08005478       0x28 ./Drivers/STM32F1xx_HAL_Driver/Src/stm32f1xx_hal_rcc.o
                0x08005478                HAL_RCC_GetPCLK1Freq
 .text.HAL_RCC_GetPCLK2Freq
                0x080054a0       0x28 ./Drivers/STM32F1xx_HAL_Driver/Src/stm32f1xx_hal_rcc.o
                0x080054a0                HAL_RCC_GetPCLK2Freq
 .text._ZL9RCC_Delaym
                0x080054c8       0x48 ./Drivers/STM32F1xx_HAL_Driver/Src/stm32f1xx_hal_rcc.o
 .text.HAL_RCCEx_PeriphCLKConfig
                0x08005510      0x1ac ./Drivers/STM32F1xx_HAL_Driver/Src/stm32f1xx_hal_rcc_ex.o
                0x08005510                HAL_RCCEx_PeriphCLKConfig
 .text.HAL_SPI_Init
                0x080056bc      0x112 ./Drivers/STM32F1xx_HAL_Driver/Src/stm32f1xx_hal_spi.o
                0x080056bc                HAL_SPI_Init
 .text.HAL_UART_Init
                0x080057ce       0xaa ./Drivers/STM32F1xx_HAL_Driver/Src/stm32f1xx_hal_uart.o
                0x080057ce                HAL_UART_Init
 .text.HAL_UART_Transmit
                0x08005878      0x142 ./Drivers/STM32F1xx_HAL_Driver/Src/stm32f1xx_hal_uart.o
                0x08005878                HAL_UART_Transmit
 .text._ZL27UART_WaitOnFlagUntilTimeoutP20__UART_HandleTypeDefm10FlagStatusmm
                0x080059ba       0xe2 ./Drivers/STM32F1xx_HAL_Driver/Src/stm32f1xx_hal_uart.o
 .text._ZL18UART_EndRxTransferP20__UART_HandleTypeDef
                0x08005a9c       0xec ./Drivers/STM32F1xx_HAL_Driver/Src/stm32f1xx_hal_uart.o
 .text._ZL14UART_SetConfigP20__UART_HandleTypeDef
                0x08005b88      0x120 ./Drivers/STM32F1xx_HAL_Driver/Src/stm32f1xx_hal_uart.o
 .text.free     0x08005ca8       0x10 C:/ST/STM32CubeIDE_2.0.0/STM32CubeIDE/plugins/com.st.stm32cube.ide.mcu.externaltools.gnu-tools-for-stm32.13.3.rel1.win32_1.0.100.202509120712/tools/bin/../lib/gcc/arm-none-eabi/13.3.1/../../../../arm-none-eabi/lib/thumb/v7-m/nofp\libc_nano.a(libc_a-malloc.o)
                0x08005ca8                free
 .text.__malloc_lock
                0x08005cb8        0xc C:/ST/STM32CubeIDE_2.0.0/STM32CubeIDE/plugins/com.st.stm32cube.ide.mcu.externaltools.gnu-tools-for-stm32.13.3.rel1.win32_1.0.100.202509120712/tools/bin/../lib/gcc/arm-none-eabi/13.3.1/../../../../arm-none-eabi/lib/thumb/v7-m/nofp\libc_nano.a(libc_a-mlock.o)
                0x08005cb8                __malloc_lock
 .text.__malloc_unlock
                0x08005cc4        0xc C:/ST/STM32CubeIDE_2.0.0/STM32CubeIDE/plugins/com.st.stm32cube.ide.mcu.externaltools.gnu-tools-for-stm32.13.3.rel1.win32_1.0.100.202509120712/tools/bin/../lib/gcc/arm-none-eabi/13.3.1/../../../../arm-none-eabi/lib/thumb/v7-m/nofp\libc_nano.a(libc_a-mlock.o)
                0x08005cc4                __malloc_unlock
 .text.memset   0x08005cd0       0x10 C:/ST/STM32CubeIDE_2.0.0/STM32CubeIDE/plugins/com.st.stm32cube.ide.mcu.externaltools.gnu-tools-for-stm32.13.3.rel1.win32_1.0.100.202509120712/tools/bin/../lib/gcc/arm-none-eabi/13.3.1/../../../../arm-none-eabi/lib/thumb/v7-m/nofp\libc_nano.a(libc_a-memset.o)
                0x08005cd0                memset
 .text.__errno  0x08005ce0        0xc C:/ST/STM32CubeIDE_2.0.0/STM32CubeIDE/plugins/com.st.stm32cube.ide.mcu.externaltools.gnu-tools-for-stm32.13.3.rel1.win32_1.0.100.202509120712/tools/bin/../lib/gcc/arm-none-eabi/13.3.1/../../../../arm-none-eabi/lib/thumb/v7-m/nofp\libc_nano.a(libc_a-errno.o)
                0x08005ce0                __errno
 .text.__libc_init_array
                0x08005cec       0x48 C:/ST/STM32CubeIDE_2.0.0/STM32CubeIDE/plugins/com.st.stm32cube.ide.mcu.externaltools.gnu-tools-for-stm32.13.3.rel1.win32_1.0.100.202509120712/tools/bin/../lib/gcc/arm-none-eabi/13.3.1/../../../../arm-none-eabi/lib/thumb/v7-m/nofp\libc_nano.a(libc_a-init.o)
                0x08005cec                __libc_init_array
 .text.__retarget_lock_acquire_recursive
                0x08005d34        0x2 C:/ST/STM32CubeIDE_2.0.0/STM32CubeIDE/plugins/com.st.stm32cube.ide.mcu.externaltools.gnu-tools-for-stm32.13.3.rel1.win32_1.0.100.202509120712/tools/bin/../lib/gcc/arm-none-eabi/13.3.1/../../../../arm-none-eabi/lib/thumb/v7-m/nofp\libc_nano.a(libc_a-lock.o)
                0x08005d34                __retarget_lock_acquire_recursive
 .text.__retarget_lock_release_recursive
                0x08005d36        0x2 C:/ST/STM32CubeIDE_2.0.0/STM32CubeIDE/plugins/com.st.stm32cube.ide.mcu.externaltools.gnu-tools-for-stm32.13.3.rel1.win32_1.0.100.202509120712/tools/bin/../lib/gcc/arm-none-eabi/13.3.1/../../../../arm-none-eabi/lib/thumb/v7-m/nofp\libc_nano.a(libc_a-lock.o)
                0x08005d36                __retarget_lock_release_recursive
 .text.strcpy   0x08005d38       0x10 C:/ST/STM32CubeIDE_2.0.0/STM32CubeIDE/plugins/com.st.stm32cube.ide.mcu.externaltools.gnu-tools-for-stm32.13.3.rel1.win32_1.0.100.202509120712/tools/bin/../lib/gcc/arm-none-eabi/13.3.1/../../../../arm-none-eabi/lib/thumb/v7-m/nofp\libc_nano.a(libc_a-strcpy.o)
                0x08005d38                strcpy
 .text.memcpy   0x08005d48       0x1c C:/ST/STM32CubeIDE_2.0.0/STM32CubeIDE/plugins/com.st.stm32cube.ide.mcu.externaltools.gnu-tools-for-stm32.13.3.rel1.win32_1.0.100.202509120712/tools/bin/../lib/gcc/arm-none-eabi/13.3.1/../../../../arm-none-eabi/lib/thumb/v7-m/nofp\libc_nano.a(libc_a-memcpy-stub.o)
                0x08005d48                memcpy
 .text._free_r  0x08005d64       0x90 C:/ST/STM32CubeIDE_2.0.0/STM32CubeIDE/plugins/com.st.stm32cube.ide.mcu.externaltools.gnu-tools-for-stm32.13.3.rel1.win32_1.0.100.202509120712/tools/bin/../lib/gcc/arm-none-eabi/13.3.1/../../../../arm-none-eabi/lib/thumb/v7-m/nofp\libc_nano.a(libc_a-freer.o)
                0x08005d64                _free_r
 .text.abort    0x08005df4        0xe C:/ST/STM32CubeIDE_2.0.0/STM32CubeIDE/plugins/com.st.stm32cube.ide.mcu.externaltools.gnu-tools-for-stm32.13.3.rel1.win32_1.0.100.202509120712/tools/bin/../lib/gcc/arm-none-eabi/13.3.1/../../../../arm-none-eabi/lib/thumb/v7-m/nofp\libc_nano.a(libc_a-abort.o)
                0x08005df4                abort
 .text._raise_r
                0x08005e02       0x50 C:/ST/STM32CubeIDE_2.0.0/STM32CubeIDE/plugins/com.st.stm32cube.ide.mcu.externaltools.gnu-tools-for-stm32.13.3.rel1.win32_1.0.100.202509120712/tools/bin/../lib/gcc/arm-none-eabi/13.3.1/../../../../arm-none-eabi/lib/thumb/v7-m/nofp\libc_nano.a(libc_a-signal.o)
                0x08005e02                _raise_r
 *fill*         0x08005e52        0x2 
 .text.raise    0x08005e54       0x10 C:/ST/STM32CubeIDE_2.0.0/STM32CubeIDE/plugins/com.st.stm32cube.ide.mcu.externaltools.gnu-tools-for-stm32.13.3.rel1.win32_1.0.100.202509120712/tools/bin/../lib/gcc/arm-none-eabi/13.3.1/../../../../arm-none-eabi/lib/thumb/v7-m/nofp\libc_nano.a(libc_a-signal.o)
                0x08005e54                raise
 .text._kill_r  0x08005e64       0x24 C:/ST/STM32CubeIDE_2.0.0/STM32CubeIDE/plugins/com.st.stm32cube.ide.mcu.externaltools.gnu-tools-for-stm32.13.3.rel1.win32_1.0.100.202509120712/tools/bin/../lib/gcc/arm-none-eabi/13.3.1/../../../../arm-none-eabi/lib/thumb/v7-m/nofp\libc_nano.a(libc_a-signalr.o)
                0x08005e64                _kill_r
 .text._getpid_r
                0x08005e88        0x4 C:/ST/STM32CubeIDE_2.0.0/STM32CubeIDE/plugins/com.st.stm32cube.ide.mcu.externaltools.gnu-tools-for-stm32.13.3.rel1.win32_1.0.100.202509120712/tools/bin/../lib/gcc/arm-none-eabi/13.3.1/../../../../arm-none-eabi/lib/thumb/v7-m/nofp\libc_nano.a(libc_a-signalr.o)
                0x08005e88                _getpid_r
 *(.glue_7)
 .glue_7        0x08005e8c        0x0 linker stubs
 *(.glue_7t)
 .glue_7t       0x08005e8c        0x0 linker stubs
 *(.eh_frame)
 .eh_frame      0x08005e8c        0x0 C:/ST/STM32CubeIDE_2.0.0/STM32CubeIDE/plugins/com.st.stm32cube.ide.mcu.externaltools.gnu-tools-for-stm32.13.3.rel1.win32_1.0.100.202509120712/tools/bin/../lib/gcc/arm-none-eabi/13.3.1/thumb/v7-m/nofp/crtbegin.o
 *(.init)
 .init          0x08005e8c        0x4 C:/ST/STM32CubeIDE_2.0.0/STM32CubeIDE/plugins/com.st.stm32cube.ide.mcu.externaltools.gnu-tools-for-stm32.13.3.rel1.win32_1.0.100.202509120712/tools/bin/../lib/gcc/arm-none-eabi/13.3.1/thumb/v7-m/nofp/crti.o
                0x08005e8c                _init
 .init          0x08005e90        0x8 C:/ST/STM32CubeIDE_2.0.0/STM32CubeIDE/plugins/com.st.stm32cube.ide.mcu.externaltools.gnu-tools-for-stm32.13.3.rel1.win32_1.0.100.202509120712/tools/bin/../lib/gcc/arm-none-eabi/13.3.1/thumb/v7-m/nofp/crtn.o
 *(.fini)
 .fini          0x08005e98        0x4 C:/ST/STM32CubeIDE_2.0.0/STM32CubeIDE/plugins/com.st.stm32cube.ide.mcu.externaltools.gnu-tools-for-stm32.13.3.rel1.win32_1.0.100.202509120712/tools/bin/../lib/gcc/arm-none-eabi/13.3.1/thumb/v7-m/nofp/crti.o
                0x08005e98                _fini
 .fini          0x08005e9c        0x8 C:/ST/STM32CubeIDE_2.0.0/STM32CubeIDE/plugins/com.st.stm32cube.ide.mcu.externaltools.gnu-tools-for-stm32.13.3.rel1.win32_1.0.100.202509120712/tools/bin/../lib/gcc/arm-none-eabi/13.3.1/thumb/v7-m/nofp/crtn.o
                0x08005ea4                        . = ALIGN (0x4)
                0x08005ea4                        _etext = .

.vfp11_veneer   0x08005ea4        0x0
 .vfp11_veneer  0x08005ea4        0x0 linker stubs

.v4_bx          0x08005ea4        0x0
 .v4_bx         0x08005ea4        0x0 linker stubs

.iplt           0x08005ea4        0x0
 .iplt          0x08005ea4        0x0 C:/ST/STM32CubeIDE_2.0.0/STM32CubeIDE/plugins/com.st.stm32cube.ide.mcu.externaltools.gnu-tools-for-stm32.13.3.rel1.win32_1.0.100.202509120712/tools/bin/../lib/gcc/arm-none-eabi/13.3.1/thumb/v7-m/nofp/crtbegin.o

.rodata         0x08005ea4      0x130
                0x08005ea4                        . = ALIGN (0x4)
 *(.rodata)
 .rodata        0x08005ea4       0x59 ./Drivers/EDP/ak/src/message.o
 *fill*         0x08005efd        0x3 
 .rodata        0x08005f00       0x3d ./Drivers/EDP/ak/src/task.o
 *fill*         0x08005f3d        0x3 
 .rodata        0x08005f40        0x7 ./Drivers/EDP/ak/src/timer.o
 *fill*         0x08005f47        0x1 
 .rodata        0x08005f48       0x17 ./Drivers/EDP/app/app.o
 *(.rodata*)
 *fill*         0x08005f5f        0x1 
 .rodata.AHBPrescTable
                0x08005f60       0x10 ./Core/Src/system_stm32f1xx.o
                0x08005f60                AHBPrescTable
 .rodata.APBPrescTable
                0x08005f70        0x8 ./Core/Src/system_stm32f1xx.o
                0x08005f70                APBPrescTable
 .rodata.app_task_table
                0x08005f78       0x38 ./Drivers/EDP/app/task_list.o
                0x08005f78                app_task_table
 .rodata.app_task_polling_table
                0x08005fb0       0x10 ./Drivers/EDP/app/task_list.o
                0x08005fb0                app_task_polling_table
 .rodata._ZZ23HAL_RCC_GetSysClockFreqE18aPLLMULFactorTable
                0x08005fc0       0x10 ./Drivers/STM32F1xx_HAL_Driver/Src/stm32f1xx_hal_rcc.o
 .rodata._ZZ23HAL_RCC_GetSysClockFreqE18aPredivFactorTable
                0x08005fd0        0x2 ./Drivers/STM32F1xx_HAL_Driver/Src/stm32f1xx_hal_rcc.o
                0x08005fd4                        . = ALIGN (0x4)
 *fill*         0x08005fd2        0x2 

.ARM.extab      0x08005fd4      0x270
                0x08005fd4                        . = ALIGN (0x4)
 *(.ARM.extab* .gnu.linkonce.armextab.*)
 .ARM.extab.text.MX_ADC1_Init
                0x08005fd4        0xc ./Core/Src/adc.o
 .ARM.extab.text.HAL_ADC_MspInit
                0x08005fe0        0xc ./Core/Src/adc.o
 .ARM.extab.text.HAL_SPI_MspInit
                0x08005fec        0xc ./Core/Src/spi.o
 .ARM.extab.text._kill
                0x08005ff8        0xc ./Core/Src/syscalls.o
 .ARM.extab.text._exit
                0x08006004        0xc ./Core/Src/syscalls.o
 .ARM.extab.text.HAL_UART_MspInit
                0x08006010        0xc ./Core/Src/usart.o
 .ARM.extab.text.msg_free
                0x0800601c        0xc ./Drivers/EDP/ak/src/message.o
 .ARM.extab.text.msg_force_free
                0x08006028        0xc ./Drivers/EDP/ak/src/message.o
 .ARM.extab.text.msg_inc_ref_count
                0x08006034        0xc ./Drivers/EDP/ak/src/message.o
 .ARM.extab.text.msg_dec_ref_count
                0x08006040        0xc ./Drivers/EDP/ak/src/message.o
 .ARM.extab.text._ZL18pure_msg_pool_initv
                0x0800604c        0xc ./Drivers/EDP/ak/src/message.o
 .ARM.extab.text.get_pure_msg
                0x08006058        0xc ./Drivers/EDP/ak/src/message.o
 .ARM.extab.text._ZL13free_pure_msgP8ak_msg_t
                0x08006064        0xc ./Drivers/EDP/ak/src/message.o
 .ARM.extab.text._ZL20common_msg_pool_initv
                0x08006070        0xc ./Drivers/EDP/ak/src/message.o
 .ARM.extab.text.get_common_msg
                0x0800607c        0xc ./Drivers/EDP/ak/src/message.o
 .ARM.extab.text._ZL15free_common_msgP8ak_msg_t
                0x08006088        0xc ./Drivers/EDP/ak/src/message.o
 .ARM.extab.text.set_data_common_msg
                0x08006094        0xc ./Drivers/EDP/ak/src/message.o
 .ARM.extab.text.get_data_common_msg
                0x080060a0        0xc ./Drivers/EDP/ak/src/message.o
 .ARM.extab.text.get_data_len_common_msg
                0x080060ac        0xc ./Drivers/EDP/ak/src/message.o
 .ARM.extab.text._ZL21dynamic_msg_pool_initv
                0x080060b8        0xc ./Drivers/EDP/ak/src/message.o
 .ARM.extab.text._ZL16free_dynamic_msgP8ak_msg_t
                0x080060c4        0xc ./Drivers/EDP/ak/src/message.o
 .ARM.extab.text._ZL26task_queue_integrity_checkP5tcb_th
                0x080060d0        0xc ./Drivers/EDP/ak/src/task.o
 .ARM.extab.text.task_create
                0x080060dc        0xc ./Drivers/EDP/ak/src/task.o
 .ARM.extab.text.task_polling_create
                0x080060e8        0xc ./Drivers/EDP/ak/src/task.o
 .ARM.extab.text.task_post
                0x080060f4        0xc ./Drivers/EDP/ak/src/task.o
 .ARM.extab.text.task_remove_msg
                0x08006100        0xc ./Drivers/EDP/ak/src/task.o
 .ARM.extab.text.task_post_pure_msg
                0x0800610c        0xc ./Drivers/EDP/ak/src/task.o
 .ARM.extab.text.task_post_common_msg
                0x08006118        0xc ./Drivers/EDP/ak/src/task.o
 .ARM.extab.text.task_init
                0x08006124        0xc ./Drivers/EDP/ak/src/task.o
 .ARM.extab.text.task_deinit
                0x08006130        0xc ./Drivers/EDP/ak/src/task.o
 .ARM.extab.text.task_polling_run
                0x0800613c        0xc ./Drivers/EDP/ak/src/task.o
 .ARM.extab.text._ZL13task_shedulerv
                0x08006148        0xc ./Drivers/EDP/ak/src/task.o
 .ARM.extab.text._ZL19timer_msg_pool_initv
                0x08006154        0xc ./Drivers/EDP/ak/src/timer.o
 .ARM.extab.text._ZL14free_timer_msgP10ak_timer_t
                0x08006160        0xc ./Drivers/EDP/ak/src/timer.o
 .ARM.extab.text.task_timer_tick
                0x0800616c        0xc ./Drivers/EDP/ak/src/timer.o
 .ARM.extab.text._ZL16timer_remove_msghh
                0x08006178        0xc ./Drivers/EDP/ak/src/timer.o
 .ARM.extab.text.sys_dbg_fatal
                0x08006184        0xc ./Drivers/EDP/sys/sys_dbg.o
 .ARM.extab.text.HAL_InitTick
                0x08006190        0xc ./Drivers/STM32F1xx_HAL_Driver/Src/stm32f1xx_hal.o
 .ARM.extab.text.HAL_ADC_Init
                0x0800619c        0xc ./Drivers/STM32F1xx_HAL_Driver/Src/stm32f1xx_hal_adc.o
 .ARM.extab.text.ADC_ConversionStop_Disable
                0x080061a8        0xc ./Drivers/STM32F1xx_HAL_Driver/Src/stm32f1xx_hal_adc.o
 .ARM.extab.text.FLASH_WaitForLastOperation
                0x080061b4        0xc ./Drivers/STM32F1xx_HAL_Driver/Src/stm32f1xx_hal_flash.o
 .ARM.extab.text.HAL_FLASHEx_Erase
                0x080061c0        0xc ./Drivers/STM32F1xx_HAL_Driver/Src/stm32f1xx_hal_flash_ex.o
 .ARM.extab.text.HAL_RCC_OscConfig
                0x080061cc        0xc ./Drivers/STM32F1xx_HAL_Driver/Src/stm32f1xx_hal_rcc.o
 .ARM.extab.text.HAL_RCC_ClockConfig
                0x080061d8        0xc ./Drivers/STM32F1xx_HAL_Driver/Src/stm32f1xx_hal_rcc.o
 .ARM.extab.text.HAL_RCCEx_PeriphCLKConfig
                0x080061e4        0xc ./Drivers/STM32F1xx_HAL_Driver/Src/stm32f1xx_hal_rcc_ex.o
 .ARM.extab.text.HAL_SPI_Init
                0x080061f0        0xc ./Drivers/STM32F1xx_HAL_Driver/Src/stm32f1xx_hal_spi.o
 .ARM.extab.text.HAL_UART_Init
                0x080061fc        0xc ./Drivers/STM32F1xx_HAL_Driver/Src/stm32f1xx_hal_uart.o
 .ARM.extab.text.HAL_UART_Transmit
                0x08006208        0xc ./Drivers/STM32F1xx_HAL_Driver/Src/stm32f1xx_hal_uart.o
 .ARM.extab.text._ZL27UART_WaitOnFlagUntilTimeoutP20__UART_HandleTypeDefm10FlagStatusmm
                0x08006214        0xc ./Drivers/STM32F1xx_HAL_Driver/Src/stm32f1xx_hal_uart.o
 .ARM.extab.text._ZL14UART_SetConfigP20__UART_HandleTypeDef
                0x08006220        0xc ./Drivers/STM32F1xx_HAL_Driver/Src/stm32f1xx_hal_uart.o
 .ARM.extab     0x0800622c       0x18 C:/ST/STM32CubeIDE_2.0.0/STM32CubeIDE/plugins/com.st.stm32cube.ide.mcu.externaltools.gnu-tools-for-stm32.13.3.rel1.win32_1.0.100.202509120712/tools/bin/../lib/gcc/arm-none-eabi/13.3.1/thumb/v7-m/nofp\libgcc.a(pr-support.o)
                0x08006244                        . = ALIGN (0x4)

.ARM            0x08006244      0x320
                0x08006244                        . = ALIGN (0x4)
                0x08006244                        __exidx_start = .
 *(.ARM.exidx*)
 .ARM.exidx     0x08006244       0x80 C:/ST/STM32CubeIDE_2.0.0/STM32CubeIDE/plugins/com.st.stm32cube.ide.mcu.externaltools.gnu-tools-for-stm32.13.3.rel1.win32_1.0.100.202509120712/tools/bin/../lib/gcc/arm-none-eabi/13.3.1/thumb/v7-m/nofp\libgcc.a(unwind-arm.o)
                                 0xd8 (size before relaxing)
 .ARM.exidx     0x080062c4       0x30 C:/ST/STM32CubeIDE_2.0.0/STM32CubeIDE/plugins/com.st.stm32cube.ide.mcu.externaltools.gnu-tools-for-stm32.13.3.rel1.win32_1.0.100.202509120712/tools/bin/../lib/gcc/arm-none-eabi/13.3.1/thumb/v7-m/nofp\libgcc.a(pr-support.o)
                                 0x38 (size before relaxing)
 .ARM.exidx.text.MX_ADC1_Init
                0x080062f4        0x8 ./Core/Src/adc.o
 .ARM.exidx.text.HAL_ADC_MspInit
                0x080062fc        0x8 ./Core/Src/adc.o
 .ARM.exidx.text.MX_GPIO_Init
                0x08006304        0x8 ./Core/Src/gpio.o
 .ARM.exidx.text.MX_SPI1_Init
                0x0800630c        0x8 ./Core/Src/spi.o
 .ARM.exidx.text.HAL_SPI_MspInit
                0x08006314        0x8 ./Core/Src/spi.o
 .ARM.exidx.text.HAL_MspInit
                0x0800631c        0x8 ./Core/Src/stm32f1xx_hal_msp.o
 .ARM.exidx.text.hardfault_capture
                0x08006324        0x0 ./Core/Src/stm32f1xx_it.o
                                  0x8 (size before relaxing)
 .ARM.exidx.text.NMI_Handler
                0x08006324        0x0 ./Core/Src/stm32f1xx_it.o
                                  0x8 (size before relaxing)
 .ARM.exidx.text.HardFault_Handler
                0x08006324        0x0 ./Core/Src/stm32f1xx_it.o
                                  0x8 (size before relaxing)
 .ARM.exidx.text.MemManage_Handler
                0x08006324        0x0 ./Core/Src/stm32f1xx_it.o
                                  0x8 (size before relaxing)
 .ARM.exidx.text.BusFault_Handler
                0x08006324        0x0 ./Core/Src/stm32f1xx_it.o
                                  0x8 (size before relaxing)
 .ARM.exidx.text.UsageFault_Handler
                0x08006324        0x0 ./Core/Src/stm32f1xx_it.o
                                  0x8 (size before relaxing)
 .ARM.exidx.text.SVC_Handler
                0x08006324        0x0 ./Core/Src/stm32f1xx_it.o
                                  0x8 (size before relaxing)
 .ARM.exidx.text.DebugMon_Handler
                0x08006324        0x0 ./Core/Src/stm32f1xx_it.o
                                  0x8 (size before relaxing)
 .ARM.exidx.text.PendSV_Handler
                0x08006324        0x0 ./Core/Src/stm32f1xx_it.o
                                  0x8 (size before relaxing)
 .ARM.exidx.text.SysTick_Handler
                0x08006324        0x8 ./Core/Src/stm32f1xx_it.o
 .ARM.exidx.text._getpid
                0x0800632c        0x8 ./Core/Src/syscalls.o
 .ARM.exidx.text._kill
                0x08006334        0x8 ./Core/Src/syscalls.o
 .ARM.exidx.text._exit
                0x0800633c        0x8 ./Core/Src/syscalls.o
 .ARM.exidx.text.SystemInit
                0x08006344        0x8 ./Core/Src/system_stm32f1xx.o
 .ARM.exidx.text.MX_USART1_UART_Init
                0x0800634c        0x8 ./Core/Src/usart.o
 .ARM.exidx.text.HAL_UART_MspInit
                0x08006354       0x10 ./Core/Src/usart.o
                                  0x8 (size before relaxing)
 .ARM.exidx.text._ZL23msg_ptr_belongs_to_poolPK8ak_msg_t
                0x08006364        0x0 ./Drivers/EDP/ak/src/message.o
                                  0x8 (size before relaxing)
 .ARM.exidx.text.msg_init
                0x08006364        0x8 ./Drivers/EDP/ak/src/message.o
 .ARM.exidx.text.msg_free
                0x0800636c        0x8 ./Drivers/EDP/ak/src/message.o
 .ARM.exidx.text.msg_force_free
                0x08006374        0x8 ./Drivers/EDP/ak/src/message.o
 .ARM.exidx.text.msg_inc_ref_count
                0x0800637c        0x8 ./Drivers/EDP/ak/src/message.o
 .ARM.exidx.text.msg_dec_ref_count
                0x08006384        0x8 ./Drivers/EDP/ak/src/message.o
 .ARM.exidx.text.ak_free
                0x0800638c        0x8 ./Drivers/EDP/ak/src/message.o
 .ARM.exidx.text._ZL18pure_msg_pool_initv
                0x08006394        0x8 ./Drivers/EDP/ak/src/message.o
 .ARM.exidx.text.get_pure_msg_pool_used
                0x0800639c        0x8 ./Drivers/EDP/ak/src/message.o
 .ARM.exidx.text.get_pure_msg
                0x080063a4        0x8 ./Drivers/EDP/ak/src/message.o
 .ARM.exidx.text._ZL13free_pure_msgP8ak_msg_t
                0x080063ac        0x8 ./Drivers/EDP/ak/src/message.o
 .ARM.exidx.text._ZL20common_msg_pool_initv
                0x080063b4        0x8 ./Drivers/EDP/ak/src/message.o
 .ARM.exidx.text.get_common_msg
                0x080063bc        0x8 ./Drivers/EDP/ak/src/message.o
 .ARM.exidx.text._ZL15free_common_msgP8ak_msg_t
                0x080063c4        0x8 ./Drivers/EDP/ak/src/message.o
 .ARM.exidx.text.set_data_common_msg
                0x080063cc        0x8 ./Drivers/EDP/ak/src/message.o
 .ARM.exidx.text.get_data_common_msg
                0x080063d4        0x8 ./Drivers/EDP/ak/src/message.o
 .ARM.exidx.text.get_data_len_common_msg
                0x080063dc        0x8 ./Drivers/EDP/ak/src/message.o
 .ARM.exidx.text._ZL21dynamic_msg_pool_initv
                0x080063e4        0x8 ./Drivers/EDP/ak/src/message.o
 .ARM.exidx.text._ZL16free_dynamic_msgP8ak_msg_t
                0x080063ec        0x8 ./Drivers/EDP/ak/src/message.o
 .ARM.exidx.text.msg_is_valid_ptr
                0x080063f4        0x8 ./Drivers/EDP/ak/src/message.o
 .ARM.exidx.text.msg_is_valid_or_null
                0x080063fc        0x0 ./Drivers/EDP/ak/src/message.o
                                  0x8 (size before relaxing)
 .ARM.exidx.text._ZL26task_queue_integrity_checkP5tcb_th
                0x080063fc        0x8 ./Drivers/EDP/ak/src/task.o
 .ARM.exidx.text.task_create
                0x08006404        0x8 ./Drivers/EDP/ak/src/task.o
 .ARM.exidx.text.task_polling_create
                0x0800640c        0x8 ./Drivers/EDP/ak/src/task.o
 .ARM.exidx.text.task_post
                0x08006414        0x8 ./Drivers/EDP/ak/src/task.o
 .ARM.exidx.text.task_remove_msg
                0x0800641c        0x8 ./Drivers/EDP/ak/src/task.o
 .ARM.exidx.text.task_post_pure_msg
                0x08006424        0x8 ./Drivers/EDP/ak/src/task.o
 .ARM.exidx.text.task_post_common_msg
                0x0800642c        0x8 ./Drivers/EDP/ak/src/task.o
 .ARM.exidx.text.task_init
                0x08006434        0x8 ./Drivers/EDP/ak/src/task.o
 .ARM.exidx.text.task_debug_run_once
                0x0800643c        0x8 ./Drivers/EDP/ak/src/task.o
 .ARM.exidx.text.task_deinit
                0x08006444        0x8 ./Drivers/EDP/ak/src/task.o
 .ARM.exidx.text.task_polling_run
                0x0800644c        0x8 ./Drivers/EDP/ak/src/task.o
 .ARM.exidx.text._ZL13task_shedulerv
                0x08006454        0x8 ./Drivers/EDP/ak/src/task.o
 .ARM.exidx.text.get_current_task_id
                0x0800645c        0x8 ./Drivers/EDP/ak/src/task.o
 .ARM.exidx.text.get_current_task_info
                0x08006464        0x0 ./Drivers/EDP/ak/src/task.o
                                  0x8 (size before relaxing)
 .ARM.exidx.text.get_current_active_object
                0x08006464        0x0 ./Drivers/EDP/ak/src/task.o
                                  0x8 (size before relaxing)
 .ARM.exidx.text.get_task_table_size
                0x08006464        0x0 ./Drivers/EDP/ak/src/task.o
                                  0x8 (size before relaxing)
 .ARM.exidx.text._ZL19timer_msg_pool_initv
                0x08006464        0x8 ./Drivers/EDP/ak/src/timer.o
 .ARM.exidx.text._ZL14free_timer_msgP10ak_timer_t
                0x0800646c        0x8 ./Drivers/EDP/ak/src/timer.o
 .ARM.exidx.text.task_timer_tick
                0x08006474        0x8 ./Drivers/EDP/ak/src/timer.o
 .ARM.exidx.text.timer_init
                0x0800647c        0x8 ./Drivers/EDP/ak/src/timer.o
 .ARM.exidx.text._ZL16timer_remove_msghh
                0x08006484       0x10 ./Drivers/EDP/ak/src/timer.o
                                  0x8 (size before relaxing)
 .ARM.exidx.text.sys_dbg_fatal
                0x08006494        0x8 ./Drivers/EDP/sys/sys_dbg.o
 .ARM.exidx.text.sys_dbg_cpu_dump
                0x0800649c        0x8 ./Drivers/EDP/sys/sys_dbg.o
 .ARM.exidx.text.sys_dbg_stack_space_dump
                0x080064a4        0x0 ./Drivers/EDP/sys/sys_dbg.o
                                  0x8 (size before relaxing)
 .ARM.exidx.text.HAL_Init
                0x080064a4        0x8 ./Drivers/STM32F1xx_HAL_Driver/Src/stm32f1xx_hal.o
 .ARM.exidx.text.HAL_InitTick
                0x080064ac        0x8 ./Drivers/STM32F1xx_HAL_Driver/Src/stm32f1xx_hal.o
 .ARM.exidx.text.HAL_IncTick
                0x080064b4        0x8 ./Drivers/STM32F1xx_HAL_Driver/Src/stm32f1xx_hal.o
 .ARM.exidx.text.HAL_GetTick
                0x080064bc        0x0 ./Drivers/STM32F1xx_HAL_Driver/Src/stm32f1xx_hal.o
                                  0x8 (size before relaxing)
 .ARM.exidx.text.HAL_ADC_Init
                0x080064bc        0x8 ./Drivers/STM32F1xx_HAL_Driver/Src/stm32f1xx_hal_adc.o
 .ARM.exidx.text.HAL_ADC_ConfigChannel
                0x080064c4        0x8 ./Drivers/STM32F1xx_HAL_Driver/Src/stm32f1xx_hal_adc.o
 .ARM.exidx.text.ADC_ConversionStop_Disable
                0x080064cc        0x8 ./Drivers/STM32F1xx_HAL_Driver/Src/stm32f1xx_hal_adc.o
 .ARM.exidx.text.__NVIC_SetPriorityGrouping
                0x080064d4        0x8 ./Drivers/STM32F1xx_HAL_Driver/Src/stm32f1xx_hal_cortex.o
 .ARM.exidx.text.__NVIC_GetPriorityGrouping
                0x080064dc        0x0 ./Drivers/STM32F1xx_HAL_Driver/Src/stm32f1xx_hal_cortex.o
                                  0x8 (size before relaxing)
 .ARM.exidx.text.__NVIC_SetPriority
                0x080064dc        0x0 ./Drivers/STM32F1xx_HAL_Driver/Src/stm32f1xx_hal_cortex.o
                                  0x8 (size before relaxing)
 .ARM.exidx.text.NVIC_EncodePriority
                0x080064dc        0x0 ./Drivers/STM32F1xx_HAL_Driver/Src/stm32f1xx_hal_cortex.o
                                  0x8 (size before relaxing)
 .ARM.exidx.text.SysTick_Config
                0x080064dc        0x0 ./Drivers/STM32F1xx_HAL_Driver/Src/stm32f1xx_hal_cortex.o
                                  0x8 (size before relaxing)
 .ARM.exidx.text.HAL_NVIC_SetPriorityGrouping
                0x080064dc        0x0 ./Drivers/STM32F1xx_HAL_Driver/Src/stm32f1xx_hal_cortex.o
                                  0x8 (size before relaxing)
 .ARM.exidx.text.HAL_NVIC_SetPriority
                0x080064dc        0x0 ./Drivers/STM32F1xx_HAL_Driver/Src/stm32f1xx_hal_cortex.o
                                  0x8 (size before relaxing)
 .ARM.exidx.text.HAL_SYSTICK_Config
                0x080064dc        0x0 ./Drivers/STM32F1xx_HAL_Driver/Src/stm32f1xx_hal_cortex.o
                                  0x8 (size before relaxing)
 .ARM.exidx.text.HAL_FLASH_Program
                0x080064dc        0x8 ./Drivers/STM32F1xx_HAL_Driver/Src/stm32f1xx_hal_flash.o
 .ARM.exidx.text.HAL_FLASH_Unlock
                0x080064e4        0x8 ./Drivers/STM32F1xx_HAL_Driver/Src/stm32f1xx_hal_flash.o
 .ARM.exidx.text.HAL_FLASH_Lock
                0x080064ec        0x0 ./Drivers/STM32F1xx_HAL_Driver/Src/stm32f1xx_hal_flash.o
                                  0x8 (size before relaxing)
 .ARM.exidx.text._ZL22FLASH_Program_HalfWordmt
                0x080064ec        0x0 ./Drivers/STM32F1xx_HAL_Driver/Src/stm32f1xx_hal_flash.o
                                  0x8 (size before relaxing)
 .ARM.exidx.text.FLASH_WaitForLastOperation
                0x080064ec        0x8 ./Drivers/STM32F1xx_HAL_Driver/Src/stm32f1xx_hal_flash.o
 .ARM.exidx.text._ZL18FLASH_SetErrorCodev
                0x080064f4        0x8 ./Drivers/STM32F1xx_HAL_Driver/Src/stm32f1xx_hal_flash.o
 .ARM.exidx.text.HAL_FLASHEx_Erase
                0x080064fc        0x8 ./Drivers/STM32F1xx_HAL_Driver/Src/stm32f1xx_hal_flash_ex.o
 .ARM.exidx.text._ZL15FLASH_MassErasem
                0x08006504        0x8 ./Drivers/STM32F1xx_HAL_Driver/Src/stm32f1xx_hal_flash_ex.o
 .ARM.exidx.text._Z15FLASH_PageErasem
                0x0800650c        0x0 ./Drivers/STM32F1xx_HAL_Driver/Src/stm32f1xx_hal_flash_ex.o
                                  0x8 (size before relaxing)
 .ARM.exidx.text.HAL_GPIO_Init
                0x0800650c        0x0 ./Drivers/STM32F1xx_HAL_Driver/Src/stm32f1xx_hal_gpio.o
                                  0x8 (size before relaxing)
 .ARM.exidx.text.HAL_GPIO_WritePin
                0x0800650c        0x0 ./Drivers/STM32F1xx_HAL_Driver/Src/stm32f1xx_hal_gpio.o
                                  0x8 (size before relaxing)
 .ARM.exidx.text.HAL_RCC_OscConfig
                0x0800650c        0x8 ./Drivers/STM32F1xx_HAL_Driver/Src/stm32f1xx_hal_rcc.o
 .ARM.exidx.text.HAL_RCC_ClockConfig
                0x08006514        0x8 ./Drivers/STM32F1xx_HAL_Driver/Src/stm32f1xx_hal_rcc.o
 .ARM.exidx.text.HAL_RCC_GetSysClockFreq
                0x0800651c        0x8 ./Drivers/STM32F1xx_HAL_Driver/Src/stm32f1xx_hal_rcc.o
 .ARM.exidx.text.HAL_RCC_GetHCLKFreq
                0x08006524        0x0 ./Drivers/STM32F1xx_HAL_Driver/Src/stm32f1xx_hal_rcc.o
                                  0x8 (size before relaxing)
 .ARM.exidx.text.HAL_RCC_GetPCLK1Freq
                0x08006524        0x0 ./Drivers/STM32F1xx_HAL_Driver/Src/stm32f1xx_hal_rcc.o
                                  0x8 (size before relaxing)
 .ARM.exidx.text.HAL_RCC_GetPCLK2Freq
                0x08006524        0x0 ./Drivers/STM32F1xx_HAL_Driver/Src/stm32f1xx_hal_rcc.o
                                  0x8 (size before relaxing)
 .ARM.exidx.text._ZL9RCC_Delaym
                0x08006524        0x0 ./Drivers/STM32F1xx_HAL_Driver/Src/stm32f1xx_hal_rcc.o
                                  0x8 (size before relaxing)
 .ARM.exidx.text.HAL_RCCEx_PeriphCLKConfig
                0x08006524        0x8 ./Drivers/STM32F1xx_HAL_Driver/Src/stm32f1xx_hal_rcc_ex.o
 .ARM.exidx.text.HAL_SPI_Init
                0x0800652c        0x8 ./Drivers/STM32F1xx_HAL_Driver/Src/stm32f1xx_hal_spi.o
 .ARM.exidx.text.HAL_UART_Init
                0x08006534        0x8 ./Drivers/STM32F1xx_HAL_Driver/Src/stm32f1xx_hal_uart.o
 .ARM.exidx.text.HAL_UART_Transmit
                0x0800653c        0x8 ./Drivers/STM32F1xx_HAL_Driver/Src/stm32f1xx_hal_uart.o
 .ARM.exidx.text._ZL27UART_WaitOnFlagUntilTimeoutP20__UART_HandleTypeDefm10FlagStatusmm
                0x08006544        0x8 ./Drivers/STM32F1xx_HAL_Driver/Src/stm32f1xx_hal_uart.o
 .ARM.exidx.text._ZL18UART_EndRxTransferP20__UART_HandleTypeDef
                0x0800654c        0x8 ./Drivers/STM32F1xx_HAL_Driver/Src/stm32f1xx_hal_uart.o
 .ARM.exidx.text._ZL14UART_SetConfigP20__UART_HandleTypeDef
                0x08006554       0x10 ./Drivers/STM32F1xx_HAL_Driver/Src/stm32f1xx_hal_uart.o
                                  0x8 (size before relaxing)
                0x08006564                        __exidx_end = .
                0x08006564                        . = ALIGN (0x4)

.preinit_array  0x08006564        0x0
                0x08006564                        . = ALIGN (0x4)
                0x08006564                        PROVIDE (__preinit_array_start = .)
 *(.preinit_array*)
                0x08006564                        PROVIDE (__preinit_array_end = .)
                0x08006564                        . = ALIGN (0x4)

.init_array     0x08006564        0x4
                0x08006564                        . = ALIGN (0x4)
                0x08006564                        PROVIDE (__init_array_start = .)
 *(SORT_BY_NAME(.init_array.*))
 *(.init_array*)
 .init_array    0x08006564        0x4 C:/ST/STM32CubeIDE_2.0.0/STM32CubeIDE/plugins/com.st.stm32cube.ide.mcu.externaltools.gnu-tools-for-stm32.13.3.rel1.win32_1.0.100.202509120712/tools/bin/../lib/gcc/arm-none-eabi/13.3.1/thumb/v7-m/nofp/crtbegin.o
                0x08006568                        PROVIDE (__init_array_end = .)
                0x08006568                        . = ALIGN (0x4)

.fini_array     0x08006568        0x4
                0x08006568                        . = ALIGN (0x4)
                [!provide]                        PROVIDE (__fini_array_start = .)
 *(SORT_BY_NAME(.fini_array.*))
 *(.fini_array*)
 .fini_array    0x08006568        0x4 C:/ST/STM32CubeIDE_2.0.0/STM32CubeIDE/plugins/com.st.stm32cube.ide.mcu.externaltools.gnu-tools-for-stm32.13.3.rel1.win32_1.0.100.202509120712/tools/bin/../lib/gcc/arm-none-eabi/13.3.1/thumb/v7-m/nofp/crtbegin.o
                [!provide]                        PROVIDE (__fini_array_end = .)
                0x0800656c                        . = ALIGN (0x4)
                0x0800656c                        _sidata = LOADADDR (.data)

.rel.dyn        0x0800656c        0x0
 .rel.iplt      0x0800656c        0x0 C:/ST/STM32CubeIDE_2.0.0/STM32CubeIDE/plugins/com.st.stm32cube.ide.mcu.externaltools.gnu-tools-for-stm32.13.3.rel1.win32_1.0.100.202509120712/tools/bin/../lib/gcc/arm-none-eabi/13.3.1/thumb/v7-m/nofp/crtbegin.o

.data           0x20000000       0xa8 load address 0x0800656c
                0x20000000                        . = ALIGN (0x4)
                0x20000000                        _sdata = .
                0x20000000                        _start_ram = _sdata
 *(.data)
 *(.data*)
 .data.SystemCoreClock
                0x20000000        0x4 ./Core/Src/system_stm32f1xx.o
                0x20000000                SystemCoreClock
 .data._ZL22app_edp_dbg_task_table
                0x20000004       0x18 ./Drivers/EDP/app/app.o
 .data._ZL25app_edp_dbg_polling_table
                0x2000001c        0x8 ./Drivers/EDP/app/app.o
 .data.g_app_startup_diag
                0x20000024       0x28 ./Drivers/EDP/app/app.o
                0x20000024                g_app_startup_diag
 .data._ZL25shell_use_blocking_output
                0x2000004c        0x1 ./Drivers/EDP/sys/porting_compat.o
 *fill*         0x2000004d        0x3 
 .data.uwTickPrio
                0x20000050        0x4 ./Drivers/STM32F1xx_HAL_Driver/Src/stm32f1xx_hal.o
                0x20000050                uwTickPrio
 .data.uwTickFreq
                0x20000054        0x1 ./Drivers/STM32F1xx_HAL_Driver/Src/stm32f1xx_hal.o
                0x20000054                uwTickFreq
 *fill*         0x20000055        0x3 
 .data._impure_ptr
                0x20000058        0x4 C:/ST/STM32CubeIDE_2.0.0/STM32CubeIDE/plugins/com.st.stm32cube.ide.mcu.externaltools.gnu-tools-for-stm32.13.3.rel1.win32_1.0.100.202509120712/tools/bin/../lib/gcc/arm-none-eabi/13.3.1/../../../../arm-none-eabi/lib/thumb/v7-m/nofp\libc_nano.a(libc_a-impure.o)
                0x20000058                _impure_ptr
 .data._impure_data
                0x2000005c       0x4c C:/ST/STM32CubeIDE_2.0.0/STM32CubeIDE/plugins/com.st.stm32cube.ide.mcu.externaltools.gnu-tools-for-stm32.13.3.rel1.win32_1.0.100.202509120712/tools/bin/../lib/gcc/arm-none-eabi/13.3.1/../../../../arm-none-eabi/lib/thumb/v7-m/nofp\libc_nano.a(libc_a-impure.o)
                0x2000005c                _impure_data
 *(.RamFunc)
 *(.RamFunc*)
                0x200000a8                        . = ALIGN (0x4)
                0x200000a8                        _edata = .

.igot.plt       0x200000a8        0x0 load address 0x08006614
 .igot.plt      0x200000a8        0x0 C:/ST/STM32CubeIDE_2.0.0/STM32CubeIDE/plugins/com.st.stm32cube.ide.mcu.externaltools.gnu-tools-for-stm32.13.3.rel1.win32_1.0.100.202509120712/tools/bin/../lib/gcc/arm-none-eabi/13.3.1/thumb/v7-m/nofp/crtbegin.o
                0x200000a8                        . = ALIGN (0x4)

.bss            0x200000a8      0xad4 load address 0x08006614
                0x200000a8                        _sbss = .
                0x200000a8                        __bss_start__ = _sbss
 *(.bss)
 .bss           0x200000a8       0x1c C:/ST/STM32CubeIDE_2.0.0/STM32CubeIDE/plugins/com.st.stm32cube.ide.mcu.externaltools.gnu-tools-for-stm32.13.3.rel1.win32_1.0.100.202509120712/tools/bin/../lib/gcc/arm-none-eabi/13.3.1/thumb/v7-m/nofp/crtbegin.o
 *(.bss*)
 .bss.hadc1     0x200000c4       0x30 ./Core/Src/adc.o
                0x200000c4                hadc1
 .bss.hspi1     0x200000f4       0x58 ./Core/Src/spi.o
                0x200000f4                hspi1
 .bss.g_hardfault_ctx
                0x2000014c       0x44 ./Core/Src/stm32f1xx_it.o
                0x2000014c                g_hardfault_ctx
 .bss._ZL20systick_10ms_counter
                0x20000190        0x4 ./Core/Src/stm32f1xx_it.o
 .bss._ZL21systick_100ms_counter
                0x20000194        0x4 ./Core/Src/stm32f1xx_it.o
 .bss.huart1    0x20000198       0x48 ./Core/Src/usart.o
                0x20000198                huart1
 .bss._ZL13msg_pure_pool
                0x200001e0      0x200 ./Drivers/EDP/ak/src/message.o
 .bss._ZL23free_list_pure_msg_pool
                0x200003e0        0x4 ./Drivers/EDP/ak/src/message.o
 .bss._ZL19free_list_pure_used
                0x200003e4        0x4 ./Drivers/EDP/ak/src/message.o
 .bss._ZL23free_list_pure_used_max
                0x200003e8        0x4 ./Drivers/EDP/ak/src/message.o
 .bss._ZL15msg_common_pool
                0x200003ec      0x2a0 ./Drivers/EDP/ak/src/message.o
 .bss._ZL25free_list_common_msg_pool
                0x2000068c        0x4 ./Drivers/EDP/ak/src/message.o
 .bss._ZL21free_list_common_used
                0x20000690        0x4 ./Drivers/EDP/ak/src/message.o
 .bss._ZL25free_list_common_used_max
                0x20000694        0x4 ./Drivers/EDP/ak/src/message.o
 .bss._ZL16msg_dynamic_pool
                0x20000698       0xc0 ./Drivers/EDP/ak/src/message.o
 .bss._ZL26free_list_dynamic_msg_pool
                0x20000758        0x4 ./Drivers/EDP/ak/src/message.o
 .bss._ZL22free_list_dynamic_used
                0x2000075c        0x4 ./Drivers/EDP/ak/src/message.o
 .bss._ZL26free_list_dynamic_used_max
                0x20000760        0x4 ./Drivers/EDP/ak/src/message.o
 .bss._ZL15current_task_id
                0x20000764        0x1 ./Drivers/EDP/ak/src/task.o
 *fill*         0x20000765        0x3 
 .bss._ZL17current_task_info
                0x20000768        0x8 ./Drivers/EDP/ak/src/task.o
 .bss._ZL21current_active_object
                0x20000770       0x10 ./Drivers/EDP/ak/src/task.o
 .bss._ZL14task_pri_queue
                0x20000780       0x60 ./Drivers/EDP/ak/src/task.o
 .bss._ZL10task_table
                0x200007e0        0x4 ./Drivers/EDP/ak/src/task.o
 .bss._ZL15task_table_size
                0x200007e4        0x1 ./Drivers/EDP/ak/src/task.o
 .bss._ZL12task_current
                0x200007e5        0x1 ./Drivers/EDP/ak/src/task.o
 .bss._ZL10task_ready
                0x200007e6        0x1 ./Drivers/EDP/ak/src/task.o
 *fill*         0x200007e7        0x1 
 .bss._ZL18task_polling_table
                0x200007e8        0x4 ./Drivers/EDP/ak/src/task.o
 .bss._ZL23task_polling_table_size
                0x200007ec        0x1 ./Drivers/EDP/ak/src/task.o
 *fill*         0x200007ed        0x3 
 .bss._ZL20ak_timer_payload_irq
                0x200007f0        0x8 ./Drivers/EDP/ak/src/timer.o
 .bss._ZL10timer_pool
                0x200007f8      0x100 ./Drivers/EDP/ak/src/timer.o
 .bss._ZL20free_list_timer_pool
                0x200008f8        0x4 ./Drivers/EDP/ak/src/timer.o
 .bss._ZL20free_list_timer_used
                0x200008fc        0x4 ./Drivers/EDP/ak/src/timer.o
 .bss._ZL24free_list_timer_used_max
                0x20000900        0x4 ./Drivers/EDP/ak/src/timer.o
 .bss._ZL15timer_list_head
                0x20000904        0x4 ./Drivers/EDP/ak/src/timer.o
 .bss.g_app_edp_two_task_dbg
                0x20000908       0x2b ./Drivers/EDP/app/app.o
                0x20000908                g_app_edp_two_task_dbg
 *fill*         0x20000933        0x1 
 .bss.led_life  0x20000934       0x10 ./Drivers/EDP/app/task_life.o
                0x20000934                led_life
 .bss.xfunc_output
                0x20000944        0x4 ./Drivers/EDP/common/xprintf.o
                0x20000944                xfunc_output
 .bss.system_info
                0x20000948       0x28 ./Drivers/EDP/sys/porting_compat.o
                0x20000948                system_info
 .bss._start_boot_share_data_flash
                0x20000970       0x58 ./Drivers/EDP/sys/porting_compat.o
                0x20000970                _start_boot_share_data_flash
 .bss._ZL25soft_watchdog_limit_ticks
                0x200009c8        0x4 ./Drivers/EDP/sys/porting_compat.o
 .bss._ZL27soft_watchdog_counter_ticks
                0x200009cc        0x4 ./Drivers/EDP/sys/porting_compat.o
 .bss._ZL21soft_watchdog_enabled
                0x200009d0        0x1 ./Drivers/EDP/sys/porting_compat.o
 .bss._ZL13console_ready
                0x200009d1        0x1 ./Drivers/EDP/sys/porting_compat.o
 *fill*         0x200009d2        0x2 
 .bss._ZL9fatal_log
                0x200009d4       0x40 ./Drivers/EDP/sys/sys_dbg.o
 .bss.uwTick    0x20000a14        0x4 ./Drivers/STM32F1xx_HAL_Driver/Src/stm32f1xx_hal.o
                0x20000a14                uwTick
 .bss.pFlash    0x20000a18       0x20 ./Drivers/STM32F1xx_HAL_Driver/Src/stm32f1xx_hal_flash.o
                0x20000a18                pFlash
 .bss.__malloc_free_list
                0x20000a38        0x4 C:/ST/STM32CubeIDE_2.0.0/STM32CubeIDE/plugins/com.st.stm32cube.ide.mcu.externaltools.gnu-tools-for-stm32.13.3.rel1.win32_1.0.100.202509120712/tools/bin/../lib/gcc/arm-none-eabi/13.3.1/../../../../arm-none-eabi/lib/thumb/v7-m/nofp\libc_nano.a(libc_a-mallocr.o)
                0x20000a38                __malloc_free_list
 .bss.__sf      0x20000a3c      0x138 C:/ST/STM32CubeIDE_2.0.0/STM32CubeIDE/plugins/com.st.stm32cube.ide.mcu.externaltools.gnu-tools-for-stm32.13.3.rel1.win32_1.0.100.202509120712/tools/bin/../lib/gcc/arm-none-eabi/13.3.1/../../../../arm-none-eabi/lib/thumb/v7-m/nofp\libc_nano.a(libc_a-findfp.o)
                0x20000a3c                __sf
 .bss.errno     0x20000b74        0x4 C:/ST/STM32CubeIDE_2.0.0/STM32CubeIDE/plugins/com.st.stm32cube.ide.mcu.externaltools.gnu-tools-for-stm32.13.3.rel1.win32_1.0.100.202509120712/tools/bin/../lib/gcc/arm-none-eabi/13.3.1/../../../../arm-none-eabi/lib/thumb/v7-m/nofp\libc_nano.a(libc_a-reent.o)
                0x20000b74                errno
 .bss.__lock___malloc_recursive_mutex
                0x20000b78        0x1 C:/ST/STM32CubeIDE_2.0.0/STM32CubeIDE/plugins/com.st.stm32cube.ide.mcu.externaltools.gnu-tools-for-stm32.13.3.rel1.win32_1.0.100.202509120712/tools/bin/../lib/gcc/arm-none-eabi/13.3.1/../../../../arm-none-eabi/lib/thumb/v7-m/nofp\libc_nano.a(libc_a-lock.o)
                0x20000b78                __lock___malloc_recursive_mutex
 *(COMMON)
                0x20000b7c                        . = ALIGN (0x4)
 *fill*         0x20000b79        0x3 
                0x20000b7c                        _ebss = .
                0x20000b7c                        __bss_end__ = _ebss

._user_heap_stack
                0x20000b7c      0x604 load address 0x08006614
                0x20000b80                        . = ALIGN (0x8)
 *fill*         0x20000b7c        0x4 
                0x20000b80                        PROVIDE (end = .)
                0x20000b80                        PROVIDE (_end = .)
                0x20000d80                        . = (. + _Min_Heap_Size)
 *fill*         0x20000b80      0x200 
                0x20001180                        . = (. + _Min_Stack_Size)
 *fill*         0x20000d80      0x400 
                0x20001180                        . = ALIGN (0x8)

/DISCARD/
 libc.a(*)
 libm.a(*)
 libgcc.a(*)

.ARM.attributes
                0x00000000       0x29
 *(.ARM.attributes)
 .ARM.attributes
                0x00000000       0x1d C:/ST/STM32CubeIDE_2.0.0/STM32CubeIDE/plugins/com.st.stm32cube.ide.mcu.externaltools.gnu-tools-for-stm32.13.3.rel1.win32_1.0.100.202509120712/tools/bin/../lib/gcc/arm-none-eabi/13.3.1/thumb/v7-m/nofp/crti.o
 .ARM.attributes
                0x0000001d       0x2d C:/ST/STM32CubeIDE_2.0.0/STM32CubeIDE/plugins/com.st.stm32cube.ide.mcu.externaltools.gnu-tools-for-stm32.13.3.rel1.win32_1.0.100.202509120712/tools/bin/../lib/gcc/arm-none-eabi/13.3.1/thumb/v7-m/nofp/crtbegin.o
 .ARM.attributes
                0x0000004a       0x2d ./Core/Src/adc.o
 .ARM.attributes
                0x00000077       0x2d ./Core/Src/gpio.o
 .ARM.attributes
                0x000000a4       0x2d ./Core/Src/main.o
 .ARM.attributes
                0x000000d1       0x2d ./Core/Src/spi.o
 .ARM.attributes
                0x000000fe       0x2d ./Core/Src/stm32f1xx_hal_msp.o
 .ARM.attributes
                0x0000012b       0x2d ./Core/Src/stm32f1xx_it.o
 .ARM.attributes
                0x00000158       0x2d ./Core/Src/syscalls.o
 .ARM.attributes
                0x00000185       0x2d ./Core/Src/system_stm32f1xx.o
 .ARM.attributes
                0x000001b2       0x2d ./Core/Src/usart.o
 .ARM.attributes
                0x000001df       0x21 ./Core/Startup/startup_stm32f103c8tx.o
 .ARM.attributes
                0x00000200       0x2d ./Drivers/EDP/ak/src/message.o
 .ARM.attributes
                0x0000022d       0x2d ./Drivers/EDP/ak/src/task.o
 .ARM.attributes
                0x0000025a       0x2d ./Drivers/EDP/ak/src/timer.o
 .ARM.attributes
                0x00000287       0x2d ./Drivers/EDP/app/app.o
 .ARM.attributes
                0x000002b4       0x2d ./Drivers/EDP/app/task_dbg.o
 .ARM.attributes
                0x000002e1       0x2d ./Drivers/EDP/app/task_if.o
 .ARM.attributes
                0x0000030e       0x2d ./Drivers/EDP/app/task_life.o
 .ARM.attributes
                0x0000033b       0x2d ./Drivers/EDP/app/task_list.o
 .ARM.attributes
                0x00000368       0x2d ./Drivers/EDP/app/task_system.o
 .ARM.attributes
                0x00000395       0x2d ./Drivers/EDP/app/task_uart_if.o
 .ARM.attributes
                0x000003c2       0x2d ./Drivers/EDP/common/xprintf.o
 .ARM.attributes
                0x000003ef       0x2d ./Drivers/EDP/sys/porting_compat.o
 .ARM.attributes
                0x0000041c       0x2d ./Drivers/EDP/sys/sys_dbg.o
 .ARM.attributes
                0x00000449       0x2d ./Drivers/STM32F1xx_HAL_Driver/Src/stm32f1xx_hal.o
 .ARM.attributes
                0x00000476       0x2d ./Drivers/STM32F1xx_HAL_Driver/Src/stm32f1xx_hal_adc.o
 .ARM.attributes
                0x000004a3       0x2d ./Drivers/STM32F1xx_HAL_Driver/Src/stm32f1xx_hal_cortex.o
 .ARM.attributes
                0x000004d0       0x2d ./Drivers/STM32F1xx_HAL_Driver/Src/stm32f1xx_hal_flash.o
 .ARM.attributes
                0x000004fd       0x2d ./Drivers/STM32F1xx_HAL_Driver/Src/stm32f1xx_hal_flash_ex.o
 .ARM.attributes
                0x0000052a       0x2d ./Drivers/STM32F1xx_HAL_Driver/Src/stm32f1xx_hal_gpio.o
 .ARM.attributes
                0x00000557       0x2d ./Drivers/STM32F1xx_HAL_Driver/Src/stm32f1xx_hal_rcc.o
 .ARM.attributes
                0x00000584       0x2d ./Drivers/STM32F1xx_HAL_Driver/Src/stm32f1xx_hal_rcc_ex.o
 .ARM.attributes
                0x000005b1       0x2d ./Drivers/STM32F1xx_HAL_Driver/Src/stm32f1xx_hal_spi.o
 .ARM.attributes
                0x000005de       0x2d ./Drivers/STM32F1xx_HAL_Driver/Src/stm32f1xx_hal_uart.o
 .ARM.attributes
                0x0000060b       0x2d C:/ST/STM32CubeIDE_2.0.0/STM32CubeIDE/plugins/com.st.stm32cube.ide.mcu.externaltools.gnu-tools-for-stm32.13.3.rel1.win32_1.0.100.202509120712/tools/bin/../lib/gcc/arm-none-eabi/13.3.1/../../../../arm-none-eabi/lib/thumb/v7-m/nofp\libc_nano.a(libc_a-malloc.o)
 .ARM.attributes
                0x00000638       0x2d C:/ST/STM32CubeIDE_2.0.0/STM32CubeIDE/plugins/com.st.stm32cube.ide.mcu.externaltools.gnu-tools-for-stm32.13.3.rel1.win32_1.0.100.202509120712/tools/bin/../lib/gcc/arm-none-eabi/13.3.1/../../../../arm-none-eabi/lib/thumb/v7-m/nofp\libc_nano.a(libc_a-mallocr.o)
 .ARM.attributes
                0x00000665       0x2d C:/ST/STM32CubeIDE_2.0.0/STM32CubeIDE/plugins/com.st.stm32cube.ide.mcu.externaltools.gnu-tools-for-stm32.13.3.rel1.win32_1.0.100.202509120712/tools/bin/../lib/gcc/arm-none-eabi/13.3.1/../../../../arm-none-eabi/lib/thumb/v7-m/nofp\libc_nano.a(libc_a-mlock.o)
 .ARM.attributes
                0x00000692       0x2d C:/ST/STM32CubeIDE_2.0.0/STM32CubeIDE/plugins/com.st.stm32cube.ide.mcu.externaltools.gnu-tools-for-stm32.13.3.rel1.win32_1.0.100.202509120712/tools/bin/../lib/gcc/arm-none-eabi/13.3.1/../../../../arm-none-eabi/lib/thumb/v7-m/nofp\libc_nano.a(libc_a-findfp.o)
 .ARM.attributes
                0x000006bf       0x2d C:/ST/STM32CubeIDE_2.0.0/STM32CubeIDE/plugins/com.st.stm32cube.ide.mcu.externaltools.gnu-tools-for-stm32.13.3.rel1.win32_1.0.100.202509120712/tools/bin/../lib/gcc/arm-none-eabi/13.3.1/../../../../arm-none-eabi/lib/thumb/v7-m/nofp\libc_nano.a(libc_a-memset.o)
 .ARM.attributes
                0x000006ec       0x2d C:/ST/STM32CubeIDE_2.0.0/STM32CubeIDE/plugins/com.st.stm32cube.ide.mcu.externaltools.gnu-tools-for-stm32.13.3.rel1.win32_1.0.100.202509120712/tools/bin/../lib/gcc/arm-none-eabi/13.3.1/../../../../arm-none-eabi/lib/thumb/v7-m/nofp\libc_nano.a(libc_a-reent.o)
 .ARM.attributes
                0x00000719       0x2d C:/ST/STM32CubeIDE_2.0.0/STM32CubeIDE/plugins/com.st.stm32cube.ide.mcu.externaltools.gnu-tools-for-stm32.13.3.rel1.win32_1.0.100.202509120712/tools/bin/../lib/gcc/arm-none-eabi/13.3.1/../../../../arm-none-eabi/lib/thumb/v7-m/nofp\libc_nano.a(libc_a-impure.o)
 .ARM.attributes
                0x00000746       0x2d C:/ST/STM32CubeIDE_2.0.0/STM32CubeIDE/plugins/com.st.stm32cube.ide.mcu.externaltools.gnu-tools-for-stm32.13.3.rel1.win32_1.0.100.202509120712/tools/bin/../lib/gcc/arm-none-eabi/13.3.1/../../../../arm-none-eabi/lib/thumb/v7-m/nofp\libc_nano.a(libc_a-errno.o)
 .ARM.attributes
                0x00000773       0x2d C:/ST/STM32CubeIDE_2.0.0/STM32CubeIDE/plugins/com.st.stm32cube.ide.mcu.externaltools.gnu-tools-for-stm32.13.3.rel1.win32_1.0.100.202509120712/tools/bin/../lib/gcc/arm-none-eabi/13.3.1/../../../../arm-none-eabi/lib/thumb/v7-m/nofp\libc_nano.a(libc_a-init.o)
 .ARM.attributes
                0x000007a0       0x2d C:/ST/STM32CubeIDE_2.0.0/STM32CubeIDE/plugins/com.st.stm32cube.ide.mcu.externaltools.gnu-tools-for-stm32.13.3.rel1.win32_1.0.100.202509120712/tools/bin/../lib/gcc/arm-none-eabi/13.3.1/../../../../arm-none-eabi/lib/thumb/v7-m/nofp\libc_nano.a(libc_a-lock.o)
 .ARM.attributes
                0x000007cd       0x2d C:/ST/STM32CubeIDE_2.0.0/STM32CubeIDE/plugins/com.st.stm32cube.ide.mcu.externaltools.gnu-tools-for-stm32.13.3.rel1.win32_1.0.100.202509120712/tools/bin/../lib/gcc/arm-none-eabi/13.3.1/../../../../arm-none-eabi/lib/thumb/v7-m/nofp\libc_nano.a(libc_a-strcpy.o)
 .ARM.attributes
                0x000007fa       0x2d C:/ST/STM32CubeIDE_2.0.0/STM32CubeIDE/plugins/com.st.stm32cube.ide.mcu.externaltools.gnu-tools-for-stm32.13.3.rel1.win32_1.0.100.202509120712/tools/bin/../lib/gcc/arm-none-eabi/13.3.1/../../../../arm-none-eabi/lib/thumb/v7-m/nofp\libc_nano.a(libc_a-memcpy-stub.o)
 .ARM.attributes
                0x00000827       0x2d C:/ST/STM32CubeIDE_2.0.0/STM32CubeIDE/plugins/com.st.stm32cube.ide.mcu.externaltools.gnu-tools-for-stm32.13.3.rel1.win32_1.0.100.202509120712/tools/bin/../lib/gcc/arm-none-eabi/13.3.1/../../../../arm-none-eabi/lib/thumb/v7-m/nofp\libc_nano.a(libc_a-freer.o)
 .ARM.attributes
                0x00000854       0x2d C:/ST/STM32CubeIDE_2.0.0/STM32CubeIDE/plugins/com.st.stm32cube.ide.mcu.externaltools.gnu-tools-for-stm32.13.3.rel1.win32_1.0.100.202509120712/tools/bin/../lib/gcc/arm-none-eabi/13.3.1/thumb/v7-m/nofp\libgcc.a(unwind-arm.o)
 .ARM.attributes
                0x00000881       0x1d C:/ST/STM32CubeIDE_2.0.0/STM32CubeIDE/plugins/com.st.stm32cube.ide.mcu.externaltools.gnu-tools-for-stm32.13.3.rel1.win32_1.0.100.202509120712/tools/bin/../lib/gcc/arm-none-eabi/13.3.1/thumb/v7-m/nofp\libgcc.a(libunwind.o)
 .ARM.attributes
                0x0000089e       0x2d C:/ST/STM32CubeIDE_2.0.0/STM32CubeIDE/plugins/com.st.stm32cube.ide.mcu.externaltools.gnu-tools-for-stm32.13.3.rel1.win32_1.0.100.202509120712/tools/bin/../lib/gcc/arm-none-eabi/13.3.1/thumb/v7-m/nofp\libgcc.a(pr-support.o)
 .ARM.attributes
                0x000008cb       0x2d C:/ST/STM32CubeIDE_2.0.0/STM32CubeIDE/plugins/com.st.stm32cube.ide.mcu.externaltools.gnu-tools-for-stm32.13.3.rel1.win32_1.0.100.202509120712/tools/bin/../lib/gcc/arm-none-eabi/13.3.1/../../../../arm-none-eabi/lib/thumb/v7-m/nofp\libc_nano.a(libc_a-abort.o)
 .ARM.attributes
                0x000008f8       0x2d C:/ST/STM32CubeIDE_2.0.0/STM32CubeIDE/plugins/com.st.stm32cube.ide.mcu.externaltools.gnu-tools-for-stm32.13.3.rel1.win32_1.0.100.202509120712/tools/bin/../lib/gcc/arm-none-eabi/13.3.1/../../../../arm-none-eabi/lib/thumb/v7-m/nofp\libc_nano.a(libc_a-signal.o)
 .ARM.attributes
                0x00000925       0x2d C:/ST/STM32CubeIDE_2.0.0/STM32CubeIDE/plugins/com.st.stm32cube.ide.mcu.externaltools.gnu-tools-for-stm32.13.3.rel1.win32_1.0.100.202509120712/tools/bin/../lib/gcc/arm-none-eabi/13.3.1/../../../../arm-none-eabi/lib/thumb/v7-m/nofp\libc_nano.a(libc_a-signalr.o)
 .ARM.attributes
                0x00000952       0x1d C:/ST/STM32CubeIDE_2.0.0/STM32CubeIDE/plugins/com.st.stm32cube.ide.mcu.externaltools.gnu-tools-for-stm32.13.3.rel1.win32_1.0.100.202509120712/tools/bin/../lib/gcc/arm-none-eabi/13.3.1/thumb/v7-m/nofp/crtn.o
OUTPUT(AK Firmware F103 Custom Porting.elf elf32-littlearm)
LOAD linker stubs
LOAD C:/ST/STM32CubeIDE_2.0.0/STM32CubeIDE/plugins/com.st.stm32cube.ide.mcu.externaltools.gnu-tools-for-stm32.13.3.rel1.win32_1.0.100.202509120712/tools/bin/../lib/gcc/arm-none-eabi/13.3.1/../../../../arm-none-eabi/lib/thumb/v7-m/nofp\libc.a
LOAD C:/ST/STM32CubeIDE_2.0.0/STM32CubeIDE/plugins/com.st.stm32cube.ide.mcu.externaltools.gnu-tools-for-stm32.13.3.rel1.win32_1.0.100.202509120712/tools/bin/../lib/gcc/arm-none-eabi/13.3.1/../../../../arm-none-eabi/lib/thumb/v7-m/nofp\libm.a
LOAD C:/ST/STM32CubeIDE_2.0.0/STM32CubeIDE/plugins/com.st.stm32cube.ide.mcu.externaltools.gnu-tools-for-stm32.13.3.rel1.win32_1.0.100.202509120712/tools/bin/../lib/gcc/arm-none-eabi/13.3.1/thumb/v7-m/nofp\libgcc.a

.debug_info     0x00000000    0x17de9
 .debug_info    0x00000000      0x870 ./Core/Src/adc.o
 .debug_info    0x00000870      0x16d ./Core/Src/gpio.o
 .debug_info    0x000009dd      0x33e ./Core/Src/main.o
 .debug_info    0x00000d1b      0x898 ./Core/Src/spi.o
 .debug_info    0x000015b3      0x1f9 ./Core/Src/stm32f1xx_hal_msp.o
 .debug_info    0x000017ac      0x583 ./Core/Src/stm32f1xx_it.o
 .debug_info    0x00001d2f      0xd31 ./Core/Src/syscalls.o
 .debug_info    0x00002a60      0x2b7 ./Core/Src/system_stm32f1xx.o
 .debug_info    0x00002d17      0x874 ./Core/Src/usart.o
 .debug_info    0x0000358b       0x30 ./Core/Startup/startup_stm32f103c8tx.o
 .debug_info    0x000035bb     0x10f8 ./Drivers/EDP/ak/src/message.o
 .debug_info    0x000046b3     0x1276 ./Drivers/EDP/ak/src/task.o
 .debug_info    0x00005929      0xd40 ./Drivers/EDP/ak/src/timer.o
 .debug_info    0x00006669      0xfed ./Drivers/EDP/app/app.o
 .debug_info    0x00007656      0x7ed ./Drivers/EDP/app/task_dbg.o
 .debug_info    0x00007e43      0x8e6 ./Drivers/EDP/app/task_if.o
 .debug_info    0x00008729      0x957 ./Drivers/EDP/app/task_life.o
 .debug_info    0x00009080      0x9d1 ./Drivers/EDP/app/task_list.o
 .debug_info    0x00009a51      0x7ed ./Drivers/EDP/app/task_system.o
 .debug_info    0x0000a23e      0x7ed ./Drivers/EDP/app/task_uart_if.o
 .debug_info    0x0000aa2b     0x1992 ./Drivers/EDP/common/xprintf.o
 .debug_info    0x0000c3bd     0x2a34 ./Drivers/EDP/sys/porting_compat.o
 .debug_info    0x0000edf1      0xeca ./Drivers/EDP/sys/sys_dbg.o
 .debug_info    0x0000fcbb      0x79b ./Drivers/STM32F1xx_HAL_Driver/Src/stm32f1xx_hal.o
 .debug_info    0x00010456      0xc8c ./Drivers/STM32F1xx_HAL_Driver/Src/stm32f1xx_hal_adc.o
 .debug_info    0x000110e2      0xa97 ./Drivers/STM32F1xx_HAL_Driver/Src/stm32f1xx_hal_cortex.o
 .debug_info    0x00011b79      0x5a9 ./Drivers/STM32F1xx_HAL_Driver/Src/stm32f1xx_hal_flash.o
 .debug_info    0x00012122      0x79b ./Drivers/STM32F1xx_HAL_Driver/Src/stm32f1xx_hal_flash_ex.o
 .debug_info    0x000128bd      0x5c7 ./Drivers/STM32F1xx_HAL_Driver/Src/stm32f1xx_hal_gpio.o
 .debug_info    0x00012e84      0x812 ./Drivers/STM32F1xx_HAL_Driver/Src/stm32f1xx_hal_rcc.o
 .debug_info    0x00013696      0x3e4 ./Drivers/STM32F1xx_HAL_Driver/Src/stm32f1xx_hal_rcc_ex.o
 .debug_info    0x00013a7a     0x145a ./Drivers/STM32F1xx_HAL_Driver/Src/stm32f1xx_hal_spi.o
 .debug_info    0x00014ed4     0x2f15 ./Drivers/STM32F1xx_HAL_Driver/Src/stm32f1xx_hal_uart.o

.debug_abbrev   0x00000000     0x4aa6
 .debug_abbrev  0x00000000      0x1e4 ./Core/Src/adc.o
 .debug_abbrev  0x000001e4       0xc6 ./Core/Src/gpio.o
 .debug_abbrev  0x000002aa      0x19f ./Core/Src/main.o
 .debug_abbrev  0x00000449      0x1ea ./Core/Src/spi.o
 .debug_abbrev  0x00000633       0xdb ./Core/Src/stm32f1xx_hal_msp.o
 .debug_abbrev  0x0000070e      0x252 ./Core/Src/stm32f1xx_it.o
 .debug_abbrev  0x00000960      0x296 ./Core/Src/syscalls.o
 .debug_abbrev  0x00000bf6      0x142 ./Core/Src/system_stm32f1xx.o
 .debug_abbrev  0x00000d38      0x1e9 ./Core/Src/usart.o
 .debug_abbrev  0x00000f21       0x24 ./Core/Startup/startup_stm32f103c8tx.o
 .debug_abbrev  0x00000f45      0x3a2 ./Drivers/EDP/ak/src/message.o
 .debug_abbrev  0x000012e7      0x3bd ./Drivers/EDP/ak/src/task.o
 .debug_abbrev  0x000016a4      0x371 ./Drivers/EDP/ak/src/timer.o
 .debug_abbrev  0x00001a15      0x351 ./Drivers/EDP/app/app.o
 .debug_abbrev  0x00001d66      0x1ae ./Drivers/EDP/app/task_dbg.o
 .debug_abbrev  0x00001f14      0x1e3 ./Drivers/EDP/app/task_if.o
 .debug_abbrev  0x000020f7      0x21d ./Drivers/EDP/app/task_life.o
 .debug_abbrev  0x00002314      0x21d ./Drivers/EDP/app/task_list.o
 .debug_abbrev  0x00002531      0x1ae ./Drivers/EDP/app/task_system.o
 .debug_abbrev  0x000026df      0x1ae ./Drivers/EDP/app/task_uart_if.o
 .debug_abbrev  0x0000288d      0x2aa ./Drivers/EDP/common/xprintf.o
 .debug_abbrev  0x00002b37      0x564 ./Drivers/EDP/sys/porting_compat.o
 .debug_abbrev  0x0000309b      0x360 ./Drivers/EDP/sys/sys_dbg.o
 .debug_abbrev  0x000033fb      0x1fc ./Drivers/STM32F1xx_HAL_Driver/Src/stm32f1xx_hal.o
 .debug_abbrev  0x000035f7      0x219 ./Drivers/STM32F1xx_HAL_Driver/Src/stm32f1xx_hal_adc.o