Archive member included to satisfy reference by file (symbol)

C:/ST/STM32CubeIDE_2.0.0/STM32CubeIDE/plugins/com.st.stm32cube.ide.mcu.externaltools.gnu-tools-for-stm32.13.3.rel1.win32_1.0.100.202509120712/tools/bin/../lib/gcc/arm-none-eabi/13.3.1/../../../../arm-none-eabi/lib/thumb/v7-m/nofp\libc_nano.a(libc_a-exit.o)
                              C:/ST/STM32CubeIDE_2.0.0/STM32CubeIDE/plugins/com.st.stm32cube.ide.mcu.externaltools.gnu-tools-for-stm32.13.3.rel1.win32_1.0.100.202509120712/tools/bin/../lib/gcc/arm-none-eabi/13.3.1/../../../../arm-none-eabi/lib/thumb/v7-m/nofp/crt0.o (exit)
C:/ST/STM32CubeIDE_2.0.0/STM32CubeIDE/plugins/com.st.stm32cube.ide.mcu.externaltools.gnu-tools-for-stm32.13.3.rel1.win32_1.0.100.202509120712/tools/bin/../lib/gcc/arm-none-eabi/13.3.1/../../../../arm-none-eabi/lib/thumb/v7-m/nofp\libc_nano.a(libc_a-malloc.o)
                              ./Drivers/EDP/ak/src/message.o (malloc)
C:/ST/STM32CubeIDE_2.0.0/STM32CubeIDE/plugins/com.st.stm32cube.ide.mcu.externaltools.gnu-tools-for-stm32.13.3.rel1.win32_1.0.100.202509120712/tools/bin/../lib/gcc/arm-none-eabi/13.3.1/../../../../arm-none-eabi/lib/thumb/v7-m/nofp\libc_nano.a(libc_a-mallocr.o)
                              C:/ST/STM32CubeIDE_2.0.0/STM32CubeIDE/plugins/com.st.stm32cube.ide.mcu.externaltools.gnu-tools-for-stm32.13.3.rel1.win32_1.0.100.202509120712/tools/bin/../lib/gcc/arm-none-eabi/13.3.1/../../../../arm-none-eabi/lib/thumb/v7-m/nofp\libc_nano.a(libc_a-malloc.o) (_malloc_r)
C:/ST/STM32CubeIDE_2.0.0/STM32CubeIDE/plugins/com.st.stm32cube.ide.mcu.externaltools.gnu-tools-for-stm32.13.3.rel1.win32_1.0.100.202509120712/tools/bin/../lib/gcc/arm-none-eabi/13.3.1/../../../../arm-none-eabi/lib/thumb/v7-m/nofp\libc_nano.a(libc_a-mlock.o)
                              C:/ST/STM32CubeIDE_2.0.0/STM32CubeIDE/plugins/com.st.stm32cube.ide.mcu.externaltools.gnu-tools-for-stm32.13.3.rel1.win32_1.0.100.202509120712/tools/bin/../lib/gcc/arm-none-eabi/13.3.1/../../../../arm-none-eabi/lib/thumb/v7-m/nofp\libc_nano.a(libc_a-mallocr.o) (__malloc_lock)
C:/ST/STM32CubeIDE_2.0.0/STM32CubeIDE/plugins/com.st.stm32cube.ide.mcu.externaltools.gnu-tools-for-stm32.13.3.rel1.win32_1.0.100.202509120712/tools/bin/../lib/gcc/arm-none-eabi/13.3.1/../../../../arm-none-eabi/lib/thumb/v7-m/nofp\libc_nano.a(libc_a-findfp.o)
                              C:/ST/STM32CubeIDE_2.0.0/STM32CubeIDE/plugins/com.st.stm32cube.ide.mcu.externaltools.gnu-tools-for-stm32.13.3.rel1.win32_1.0.100.202509120712/tools/bin/../lib/gcc/arm-none-eabi/13.3.1/../../../../arm-none-eabi/lib/thumb/v7-m/nofp\libc_nano.a(libc_a-exit.o) (__stdio_exit_handler)
C:/ST/STM32CubeIDE_2.0.0/STM32CubeIDE/plugins/com.st.stm32cube.ide.mcu.externaltools.gnu-tools-for-stm32.13.3.rel1.win32_1.0.100.202509120712/tools/bin/../lib/gcc/arm-none-eabi/13.3.1/../../../../arm-none-eabi/lib/thumb/v7-m/nofp\libc_nano.a(libc_a-fwalk.o)
                              C:/ST/STM32CubeIDE_2.0.0/STM32CubeIDE/plugins/com.st.stm32cube.ide.mcu.externaltools.gnu-tools-for-stm32.13.3.rel1.win32_1.0.100.202509120712/tools/bin/../lib/gcc/arm-none-eabi/13.3.1/../../../../arm-none-eabi/lib/thumb/v7-m/nofp\libc_nano.a(libc_a-findfp.o) (_fwalk_sglue)
C:/ST/STM32CubeIDE_2.0.0/STM32CubeIDE/plugins/com.st.stm32cube.ide.mcu.externaltools.gnu-tools-for-stm32.13.3.rel1.win32_1.0.100.202509120712/tools/bin/../lib/gcc/arm-none-eabi/13.3.1/../../../../arm-none-eabi/lib/thumb/v7-m/nofp\libc_nano.a(libc_a-stdio.o)
                              C:/ST/STM32CubeIDE_2.0.0/STM32CubeIDE/plugins/com.st.stm32cube.ide.mcu.externaltools.gnu-tools-for-stm32.13.3.rel1.win32_1.0.100.202509120712/tools/bin/../lib/gcc/arm-none-eabi/13.3.1/../../../../arm-none-eabi/lib/thumb/v7-m/nofp\libc_nano.a(libc_a-findfp.o) (__sread)
C:/ST/STM32CubeIDE_2.0.0/STM32CubeIDE/plugins/com.st.stm32cube.ide.mcu.externaltools.gnu-tools-for-stm32.13.3.rel1.win32_1.0.100.202509120712/tools/bin/../lib/gcc/arm-none-eabi/13.3.1/../../../../arm-none-eabi/lib/thumb/v7-m/nofp\libc_nano.a(libc_a-memset.o)
                              C:/ST/STM32CubeIDE_2.0.0/STM32CubeIDE/plugins/com.st.stm32cube.ide.mcu.externaltools.gnu-tools-for-stm32.13.3.rel1.win32_1.0.100.202509120712/tools/bin/../lib/gcc/arm-none-eabi/13.3.1/../../../../arm-none-eabi/lib/thumb/v7-m/nofp/crt0.o (memset)
C:/ST/STM32CubeIDE_2.0.0/STM32CubeIDE/plugins/com.st.stm32cube.ide.mcu.externaltools.gnu-tools-for-stm32.13.3.rel1.win32_1.0.100.202509120712/tools/bin/../lib/gcc/arm-none-eabi/13.3.1/../../../../arm-none-eabi/lib/thumb/v7-m/nofp\libc_nano.a(libc_a-closer.o)
                              C:/ST/STM32CubeIDE_2.0.0/STM32CubeIDE/plugins/com.st.stm32cube.ide.mcu.externaltools.gnu-tools-for-stm32.13.3.rel1.win32_1.0.100.202509120712/tools/bin/../lib/gcc/arm-none-eabi/13.3.1/../../../../arm-none-eabi/lib/thumb/v7-m/nofp\libc_nano.a(libc_a-stdio.o) (_close_r)
[...]
Memory Configuration

Name             Origin             Length             Attributes
RAM              0x20000000         0x00005000         xrw
FLASH            0x08000000         0x00010000         xr
*default*        0x00000000         0xffffffff

Linker script and memory map

LOAD C:/ST/STM32CubeIDE_2.0.0/STM32CubeIDE/plugins/com.st.stm32cube.ide.mcu.externaltools.gnu-tools-for-stm32.13.3.rel1.win32_1.0.100.202509120712/tools/bin/../lib/gcc/arm-none-eabi/13.3.1/thumb/v7-m/nofp/crti.o
LOAD C:/ST/STM32CubeIDE_2.0.0/STM32CubeIDE/plugins/com.st.stm32cube.ide.mcu.externaltools.gnu-tools-for-stm32.13.3.rel1.win32_1.0.100.202509120712/tools/bin/../lib/gcc/arm-none-eabi/13.3.1/thumb/v7-m/nofp/crtbegin.o
LOAD C:/ST/STM32CubeIDE_2.0.0/STM32CubeIDE/plugins/com.st.stm32cube.ide.mcu.externaltools.gnu-tools-for-stm32.13.3.rel1.win32_1.0.100.202509120712/tools/bin/../lib/gcc/arm-none-eabi/13.3.1/../../../../arm-none-eabi/lib/thumb/v7-m/nofp/crt0.o
LOAD ./Core/Src/adc.o
LOAD ./Core/Src/gpio.o
LOAD ./Core/Src/main.o
LOAD ./Core/Src/spi.o
LOAD ./Core/Src/stm32f1xx_hal_msp.o
LOAD ./Core/Src/stm32f1xx_it.o
LOAD ./Core/Src/syscalls.o
LOAD ./Core/Src/sysmem.o
LOAD ./Core/Src/system_stm32f1xx.o
LOAD ./Core/Src/usart.o
LOAD ./Core/Startup/startup_stm32f103c8tx.o
LOAD ./Drivers/EDP/ak/src/fsm.o
LOAD ./Drivers/EDP/ak/src/message.o
LOAD ./Drivers/EDP/ak/src/task.o
LOAD ./Drivers/EDP/ak/src/timer.o
LOAD ./Drivers/EDP/ak/src/tsm.o
LOAD ./Drivers/EDP/app/app.o
LOAD ./Drivers/EDP/app/task_if.o
LOAD ./Drivers/EDP/app/task_list.o
LOAD ./Drivers/EDP/common/container/fifo.o
LOAD ./Drivers/EDP/common/container/log_queue.o
LOAD ./Drivers/EDP/common/container/ring_buffer.o
LOAD ./Drivers/EDP/common/utils.o
LOAD ./Drivers/EDP/sys/porting_compat.o
LOAD ./Drivers/EDP/sys/sys_boot.o
LOAD ./Drivers/EDP/sys/sys_dbg.o
LOAD ./Drivers/STM32F1xx_HAL_Driver/Src/stm32f1xx_hal.o
LOAD ./Drivers/STM32F1xx_HAL_Driver/Src/stm32f1xx_hal_adc.o
LOAD ./Drivers/STM32F1xx_HAL_Driver/Src/stm32f1xx_hal_adc_ex.o
LOAD ./Drivers/STM32F1xx_HAL_Driver/Src/stm32f1xx_hal_cortex.o
LOAD ./Drivers/STM32F1xx_HAL_Driver/Src/stm32f1xx_hal_dma.o
LOAD ./Drivers/STM32F1xx_HAL_Driver/Src/stm32f1xx_hal_exti.o
LOAD ./Drivers/STM32F1xx_HAL_Driver/Src/stm32f1xx_hal_flash.o
LOAD ./Drivers/STM32F1xx_HAL_Driver/Src/stm32f1xx_hal_flash_ex.o
LOAD ./Drivers/STM32F1xx_HAL_Driver/Src/stm32f1xx_hal_gpio.o
LOAD ./Drivers/STM32F1xx_HAL_Driver/Src/stm32f1xx_hal_gpio_ex.o
LOAD ./Drivers/STM32F1xx_HAL_Driver/Src/stm32f1xx_hal_pwr.o
LOAD ./Drivers/STM32F1xx_HAL_Driver/Src/stm32f1xx_hal_rcc.o
LOAD ./Drivers/STM32F1xx_HAL_Driver/Src/stm32f1xx_hal_rcc_ex.o
LOAD ./Drivers/STM32F1xx_HAL_Driver/Src/stm32f1xx_hal_spi.o
LOAD ./Drivers/STM32F1xx_HAL_Driver/Src/stm32f1xx_hal_uart.o
LOAD ./Test/Sample/sample.o
START GROUP
LOAD C:/ST/STM32CubeIDE_2.0.0/STM32CubeIDE/plugins/com.st.stm32cube.ide.mcu.externaltools.gnu-tools-for-stm32.13.3.rel1.win32_1.0.100.202509120712/tools/bin/../lib/gcc/arm-none-eabi/13.3.1/../../../../arm-none-eabi/lib/thumb/v7-m/nofp\libstdc++_nano.a
LOAD C:/ST/STM32CubeIDE_2.0.0/STM32CubeIDE/plugins/com.st.stm32cube.ide.mcu.externaltools.gnu-tools-for-stm32.13.3.rel1.win32_1.0.100.202509120712/tools/bin/../lib/gcc/arm-none-eabi/13.3.1/../../../../arm-none-eabi/lib/thumb/v7-m/nofp\libsupc++_nano.a
END GROUP
LOAD C:/ST/STM32CubeIDE_2.0.0/STM32CubeIDE/plugins/com.st.stm32cube.ide.mcu.externaltools.gnu-tools-for-stm32.13.3.rel1.win32_1.0.100.202509120712/tools/bin/../lib/gcc/arm-none-eabi/13.3.1/../../../../arm-none-eabi/lib/thumb/v7-m/nofp\libstdc++_nano.a
LOAD C:/ST/STM32CubeIDE_2.0.0/STM32CubeIDE/plugins/com.st.stm32cube.ide.mcu.externaltools.gnu-tools-for-stm32.13.3.rel1.win32_1.0.100.202509120712/tools/bin/../lib/gcc/arm-none-eabi/13.3.1/../../../../arm-none-eabi/lib/thumb/v7-m/nofp\libm.a
LOAD C:/ST/STM32CubeIDE_2.0.0/STM32CubeIDE/plugins/com.st.stm32cube.ide.mcu.externaltools.gnu-tools-for-stm32.13.3.rel1.win32_1.0.100.202509120712/tools/bin/../lib/gcc/arm-none-eabi/13.3.1/../../../../arm-none-eabi/lib/thumb/v7-m/nofp\libc_nano.a
START GROUP
LOAD C:/ST/STM32CubeIDE_2.0.0/STM32CubeIDE/plugins/com.st.stm32cube.ide.mcu.externaltools.gnu-tools-for-stm32.13.3.rel1.win32_1.0.100.202509120712/tools/bin/../lib/gcc/arm-none-eabi/13.3.1/thumb/v7-m/nofp\libgcc.a
LOAD C:/ST/STM32CubeIDE_2.0.0/STM32CubeIDE/plugins/com.st.stm32cube.ide.mcu.externaltools.gnu-tools-for-stm32.13.3.rel1.win32_1.0.100.202509120712/tools/bin/../lib/gcc/arm-none-eabi/13.3.1/../../../../arm-none-eabi/lib/thumb/v7-m/nofp\libc_nano.a
END GROUP
START GROUP
LOAD C:/ST/STM32CubeIDE_2.0.0/STM32CubeIDE/plugins/com.st.stm32cube.ide.mcu.externaltools.gnu-tools-for-stm32.13.3.rel1.win32_1.0.100.202509120712/tools/bin/../lib/gcc/arm-none-eabi/13.3.1/thumb/v7-m/nofp\libgcc.a
LOAD C:/ST/STM32CubeIDE_2.0.0/STM32CubeIDE/plugins/com.st.stm32cube.ide.mcu.externaltools.gnu-tools-for-stm32.13.3.rel1.win32_1.0.100.202509120712/tools/bin/../lib/gcc/arm-none-eabi/13.3.1/../../../../arm-none-eabi/lib/thumb/v7-m/nofp\libc_nano.a
LOAD C:/ST/STM32CubeIDE_2.0.0/STM32CubeIDE/plugins/com.st.stm32cube.ide.mcu.externaltools.gnu-tools-for-stm32.13.3.rel1.win32_1.0.100.202509120712/tools/bin/../lib/gcc/arm-none-eabi/13.3.1/../../../../arm-none-eabi/lib/thumb/v7-m/nofp\libnosys.a
END GROUP
START GROUP
LOAD C:/ST/STM32CubeIDE_2.0.0/STM32CubeIDE/plugins/com.st.stm32cube.ide.mcu.externaltools.gnu-tools-for-stm32.13.3.rel1.win32_1.0.100.202509120712/tools/bin/../lib/gcc/arm-none-eabi/13.3.1/thumb/v7-m/nofp\libgcc.a
LOAD C:/ST/STM32CubeIDE_2.0.0/STM32CubeIDE/plugins/com.st.stm32cube.ide.mcu.externaltools.gnu-tools-for-stm32.13.3.rel1.win32_1.0.100.202509120712/tools/bin/../lib/gcc/arm-none-eabi/13.3.1/../../../../arm-none-eabi/lib/thumb/v7-m/nofp\libc_nano.a
LOAD C:/ST/STM32CubeIDE_2.0.0/STM32CubeIDE/plugins/com.st.stm32cube.ide.mcu.externaltools.gnu-tools-for-stm32.13.3.rel1.win32_1.0.100.202509120712/tools/bin/../lib/gcc/arm-none-eabi/13.3.1/../../../../arm-none-eabi/lib/thumb/v7-m/nofp\libnosys.a
END GROUP
LOAD C:/ST/STM32CubeIDE_2.0.0/STM32CubeIDE/plugins/com.st.stm32cube.ide.mcu.externaltools.gnu-tools-for-stm32.13.3.rel1.win32_1.0.100.202509120712/tools/bin/../lib/gcc/arm-none-eabi/13.3.1/thumb/v7-m/nofp/crtend.o
LOAD C:/ST/STM32CubeIDE_2.0.0/STM32CubeIDE/plugins/com.st.stm32cube.ide.mcu.externaltools.gnu-tools-for-stm32.13.3.rel1.win32_1.0.100.202509120712/tools/bin/../lib/gcc/arm-none-eabi/13.3.1/thumb/v7-m/nofp/crtn.o
                0x20005000                        _estack = (ORIGIN (RAM) + LENGTH (RAM))
                0x00000200                        _Min_Heap_Size = 0x200
                0x00000400                        _Min_Stack_Size = 0x400

.isr_vector     0x08000000      0x10c
                0x08000000                        . = ALIGN (0x4)
 *(.isr_vector)
 .isr_vector    0x08000000      0x10c ./Core/Startup/startup_stm32f103c8tx.o
                0x08000000                g_pfnVectors
                0x0800010c                        . = ALIGN (0x4)

.text           0x0800010c     0x4978
                0x0800010c                        . = ALIGN (0x4)
 *(.text)
 .text          0x0800010c       0x40 C:/ST/STM32CubeIDE_2.0.0/STM32CubeIDE/plugins/com.st.stm32cube.ide.mcu.externaltools.gnu-tools-for-stm32.13.3.rel1.win32_1.0.100.202509120712/tools/bin/../lib/gcc/arm-none-eabi/13.3.1/thumb/v7-m/nofp/crtbegin.o
 .text          0x0800014c      0xa54 C:/ST/STM32CubeIDE_2.0.0/STM32CubeIDE/plugins/com.st.stm32cube.ide.mcu.externaltools.gnu-tools-for-stm32.13.3.rel1.win32_1.0.100.202509120712/tools/bin/../lib/gcc/arm-none-eabi/13.3.1/thumb/v7-m/nofp\libgcc.a(unwind-arm.o)
                0x08000410                _Unwind_GetCFA
                0x08000414                __gnu_Unwind_RaiseException
                0x0800047c                __gnu_Unwind_ForcedUnwind
                0x08000490                __gnu_Unwind_Resume
                0x080004d4                __gnu_Unwind_Resume_or_Rethrow
                0x080004e8                _Unwind_Complete
                0x080004ec                _Unwind_DeleteException
                0x080004f8                _Unwind_VRS_Get
                0x08000548                _Unwind_VRS_Set
                0x08000594                __gnu_Unwind_Backtrace
                0x080008bc                __aeabi_unwind_cpp_pr0
                0x080008c0                __aeabi_unwind_cpp_pr1
                0x080008c4                __aeabi_unwind_cpp_pr2
                0x080008c8                _Unwind_VRS_Pop
 .text          0x08000ba0      0x1ac C:/ST/STM32CubeIDE_2.0.0/STM32CubeIDE/plugins/com.st.stm32cube.ide.mcu.externaltools.gnu-tools-for-stm32.13.3.rel1.win32_1.0.100.202509120712/tools/bin/../lib/gcc/arm-none-eabi/13.3.1/thumb/v7-m/nofp\libgcc.a(libunwind.o)
                0x08000ba0                __restore_core_regs
                0x08000ba0                restore_core_regs
                0x08000bb8                __gnu_Unwind_Restore_VFP
                0x08000bc0                __gnu_Unwind_Save_VFP
                0x08000bc8                __gnu_Unwind_Restore_VFP_D
                0x08000bd0                __gnu_Unwind_Save_VFP_D
                0x08000bd8                __gnu_Unwind_Restore_VFP_D_16_to_31
                0x08000be0                __gnu_Unwind_Save_VFP_D_16_to_31
                0x08000be8                __gnu_Unwind_Restore_WMMXD
                0x08000c2c                __gnu_Unwind_Save_WMMXD
                0x08000c70                __gnu_Unwind_Restore_WMMXC
                0x08000c84                __gnu_Unwind_Save_WMMXC
                0x08000c98                ___Unwind_RaiseException
                0x08000c98                _Unwind_RaiseException
                0x08000cbc                _Unwind_Resume
                0x08000cbc                ___Unwind_Resume
                0x08000ce0                _Unwind_Resume_or_Rethrow
                0x08000ce0                ___Unwind_Resume_or_Rethrow
                0x08000d04                _Unwind_ForcedUnwind
                0x08000d04                ___Unwind_ForcedUnwind
                0x08000d28                ___Unwind_Backtrace
                0x08000d28                _Unwind_Backtrace
 .text          0x08000d4c      0x3a4 C:/ST/STM32CubeIDE_2.0.0/STM32CubeIDE/plugins/com.st.stm32cube.ide.mcu.externaltools.gnu-tools-for-stm32.13.3.rel1.win32_1.0.100.202509120712/tools/bin/../lib/gcc/arm-none-eabi/13.3.1/thumb/v7-m/nofp\libgcc.a(pr-support.o)
                0x08000da4                __gnu_unwind_execute
                0x080010a0                __gnu_unwind_frame
                0x080010d0                _Unwind_GetRegionStart
                0x080010dc                _Unwind_GetLanguageSpecificData
 *(.text*)
 .text.MX_ADC1_Init
                0x080010f0       0x90 ./Core/Src/adc.o
                0x080010f0                MX_ADC1_Init
 .text.HAL_ADC_MspInit
                0x08001180       0x78 ./Core/Src/adc.o
                0x08001180                HAL_ADC_MspInit
 .text.MX_GPIO_Init
                0x080011f8       0x44 ./Core/Src/gpio.o
                0x080011f8                MX_GPIO_Init
 .text.main     0x0800123c       0x28 ./Core/Src/main.o
                0x0800123c                main
 .text.SystemClock_Config
                0x08001264       0xd4 ./Core/Src/main.o
                0x08001264                SystemClock_Config
 .text.Error_Handler
                0x08001338        0xc ./Core/Src/main.o
                0x08001338                Error_Handler
 .text.MX_SPI1_Init
                0x08001344       0x78 ./Core/Src/spi.o
                0x08001344                MX_SPI1_Init
 .text.HAL_SPI_MspInit
                0x080013bc       0x94 ./Core/Src/spi.o
                0x080013bc                HAL_SPI_MspInit
 .text.HAL_MspInit
                0x08001450       0x64 ./Core/Src/stm32f1xx_hal_msp.o
                0x08001450                HAL_MspInit
 .text.hardfault_capture
                0x080014b4       0xa4 ./Core/Src/stm32f1xx_it.o
                0x080014b4                hardfault_capture
 .text.NMI_Handler
                0x08001558        0x8 ./Core/Src/stm32f1xx_it.o
                0x08001558                NMI_Handler
 .text.HardFault_Handler
                0x08001560       0x16 ./Core/Src/stm32f1xx_it.o
                0x08001560                HardFault_Handler
 .text.MemManage_Handler
                0x08001576        0x8 ./Core/Src/stm32f1xx_it.o
                0x08001576                MemManage_Handler
 .text.BusFault_Handler
                0x0800157e        0x8 ./Core/Src/stm32f1xx_it.o
                0x0800157e                BusFault_Handler
 .text.UsageFault_Handler
                0x08001586        0x8 ./Core/Src/stm32f1xx_it.o
                0x08001586                UsageFault_Handler
 .text.SVC_Handler
                0x0800158e        0xc ./Core/Src/stm32f1xx_it.o
                0x0800158e                SVC_Handler
 .text.DebugMon_Handler
                0x0800159a        0xc ./Core/Src/stm32f1xx_it.o
                0x0800159a                DebugMon_Handler
 .text.PendSV_Handler
                0x080015a6        0xc ./Core/Src/stm32f1xx_it.o
                0x080015a6                PendSV_Handler
 *fill*         0x080015b2        0x2 
 .text.SysTick_Handler
                0x080015b4       0x48 ./Core/Src/stm32f1xx_it.o
                0x080015b4                SysTick_Handler
 .text._getpid  0x080015fc        0xe ./Core/Src/syscalls.o
                0x080015fc                _getpid
 .text._kill    0x0800160a       0x20 ./Core/Src/syscalls.o
                0x0800160a                _kill
 .text._exit    0x0800162a       0x16 ./Core/Src/syscalls.o
                0x0800162a                _exit
 .text.SystemInit
                0x08001640        0xc ./Core/Src/system_stm32f1xx.o
                0x08001640                SystemInit
 .text.MX_USART1_UART_Init
                0x0800164c       0x5c ./Core/Src/usart.o
                0x0800164c                MX_USART1_UART_Init
 .text.HAL_UART_MspInit
                0x080016a8       0x98 ./Core/Src/usart.o
                0x080016a8                HAL_UART_MspInit
 .text.Reset_Handler
                0x08001740       0x48 ./Core/Startup/startup_stm32f103c8tx.o
                0x08001740                Reset_Handler
 .text.Default_Handler
                0x08001788        0x2 ./Core/Startup/startup_stm32f103c8tx.o
                0x08001788                RTC_Alarm_IRQHandler
                0x08001788                EXTI2_IRQHandler
                0x08001788                TIM1_CC_IRQHandler
                0x08001788                PVD_IRQHandler
                0x08001788                EXTI3_IRQHandler
                0x08001788                EXTI0_IRQHandler
                0x08001788                I2C2_EV_IRQHandler
                0x08001788                ADC1_2_IRQHandler
                0x08001788                SPI1_IRQHandler
                0x08001788                TAMPER_IRQHandler
                0x08001788                DMA1_Channel4_IRQHandler
                0x08001788                USART3_IRQHandler
                0x08001788                RTC_IRQHandler
                0x08001788                DMA1_Channel7_IRQHandler
                0x08001788                CAN1_RX1_IRQHandler
                0x08001788                TIM4_IRQHandler
                0x08001788                I2C1_EV_IRQHandler
                0x08001788                DMA1_Channel6_IRQHandler
                0x08001788                TIM3_IRQHandler
                0x08001788                RCC_IRQHandler
                0x08001788                TIM1_TRG_COM_IRQHandler
                0x08001788                DMA1_Channel1_IRQHandler
                0x08001788                Default_Handler
                0x08001788                EXTI15_10_IRQHandler
                0x08001788                EXTI9_5_IRQHandler
                0x08001788                SPI2_IRQHandler
                0x08001788                DMA1_Channel5_IRQHandler
                0x08001788                EXTI4_IRQHandler
                0x08001788                USB_LP_CAN1_RX0_IRQHandler
                0x08001788                USB_HP_CAN1_TX_IRQHandler
                0x08001788                DMA1_Channel3_IRQHandler
                0x08001788                TIM1_UP_IRQHandler
                0x08001788                WWDG_IRQHandler
                0x08001788                TIM2_IRQHandler
                0x08001788                TIM1_BRK_IRQHandler
                0x08001788                EXTI1_IRQHandler
                0x08001788                USART2_IRQHandler
                0x08001788                I2C2_ER_IRQHandler
                0x08001788                DMA1_Channel2_IRQHandler
                0x08001788                CAN1_SCE_IRQHandler
                0x08001788                FLASH_IRQHandler
                0x08001788                USART1_IRQHandler
                0x08001788                I2C1_ER_IRQHandler
                0x08001788                USBWakeUp_IRQHandler
 *fill*         0x0800178a        0x2 
 .text._ZL23msg_ptr_belongs_to_poolPK8ak_msg_t
                0x0800178c       0x9c ./Drivers/EDP/ak/src/message.o
 .text.msg_init
                0x08001828       0x14 ./Drivers/EDP/ak/src/message.o
                0x08001828                msg_init
 .text.msg_free
                0x0800183c       0x6c ./Drivers/EDP/ak/src/message.o
                0x0800183c                msg_free
 .text.msg_dec_ref_count
                0x080018a8       0x3c ./Drivers/EDP/ak/src/message.o
                0x080018a8                msg_dec_ref_count
 .text.ak_free  0x080018e4       0x16 ./Drivers/EDP/ak/src/message.o
                0x080018e4                ak_free
 *fill*         0x080018fa        0x2 
 .text._ZL18pure_msg_pool_initv
                0x080018fc       0xf0 ./Drivers/EDP/ak/src/message.o
 .text._ZL13free_pure_msgP8ak_msg_t
                0x080019ec       0x38 ./Drivers/EDP/ak/src/message.o
 .text._ZL20common_msg_pool_initv
                0x08001a24      0x134 ./Drivers/EDP/ak/src/message.o
 .text.get_common_msg
                0x08001b58       0xc0 ./Drivers/EDP/ak/src/message.o
                0x08001b58                get_common_msg
 .text._ZL15free_common_msgP8ak_msg_t
                0x08001c18       0x38 ./Drivers/EDP/ak/src/message.o
 .text.set_data_common_msg
                0x08001c50       0x5c ./Drivers/EDP/ak/src/message.o
                0x08001c50                set_data_common_msg
 .text._ZL21dynamic_msg_pool_initv
                0x08001cac      0x164 ./Drivers/EDP/ak/src/message.o
 .text._ZL16free_dynamic_msgP8ak_msg_t
                0x08001e10       0x44 ./Drivers/EDP/ak/src/message.o
 .text.msg_is_valid_ptr
                0x08001e54       0x24 ./Drivers/EDP/ak/src/message.o
                0x08001e54                msg_is_valid_ptr
 .text.msg_is_valid_or_null
                0x08001e78       0x24 ./Drivers/EDP/ak/src/message.o
                0x08001e78                msg_is_valid_or_null
 .text._ZL26task_queue_integrity_checkP5tcb_th
                0x08001e9c       0x88 ./Drivers/EDP/ak/src/task.o
 .text.task_create
                0x08001f24       0x84 ./Drivers/EDP/ak/src/task.o
                0x08001f24                task_create
 .text.task_post
                0x08001fa8      0x134 ./Drivers/EDP/ak/src/task.o
                0x08001fa8                task_post
 .text.task_post_common_msg
                0x080020dc       0x42 ./Drivers/EDP/ak/src/task.o
                0x080020dc                task_post_common_msg
 *fill*         0x0800211e        0x2 
 .text.task_init
                0x08002120       0xa0 ./Drivers/EDP/ak/src/task.o
                0x08002120                task_init
 .text.task_sample_run_once
                0x080021c0       0x2c ./Drivers/EDP/ak/src/task.o
                0x080021c0                task_sample_run_once
 .text._ZL13task_shedulerv
                0x080021ec      0x1c4 ./Drivers/EDP/ak/src/task.o
 .text.get_current_task_id
                0x080023b0       0x14 ./Drivers/EDP/ak/src/task.o
                0x080023b0                get_current_task_id
 .text.get_current_task_info
                0x080023c4       0x14 ./Drivers/EDP/ak/src/task.o
                0x080023c4                get_current_task_info
 .text.get_current_active_object
                0x080023d8       0x14 ./Drivers/EDP/ak/src/task.o
                0x080023d8                get_current_active_object
 .text._ZL19timer_msg_pool_initv
                0x080023ec       0xb4 ./Drivers/EDP/ak/src/timer.o
 .text.timer_init
                0x080024a0       0x24 ./Drivers/EDP/ak/src/timer.o
                0x080024a0                timer_init
 .text.__NVIC_SystemReset
                0x080024c4       0x2c ./Drivers/EDP/sys/porting_compat.o
 .text.enable_dwt_cycle_counter
                0x080024f0       0x34 ./Drivers/EDP/sys/porting_compat.o
 .text.get_flash_length_bytes
                0x08002524       0x10 ./Drivers/EDP/sys/porting_compat.o
 .text.normalize_flash_address
                0x08002534       0x24 ./Drivers/EDP/sys/porting_compat.o
 .text.is_internal_flash_address
                0x08002558       0x36 ./Drivers/EDP/sys/porting_compat.o
 *fill*         0x0800258e        0x2 
 .text.flash_program_bytes
                0x08002590       0xbc ./Drivers/EDP/sys/porting_compat.o
 .text.flash_erase_pages
                0x0800264c       0x9c ./Drivers/EDP/sys/porting_compat.o
 .text.platform_enter_critical
                0x080026e8       0x10 ./Drivers/EDP/sys/porting_compat.o
                0x080026e8                platform_enter_critical
 .text.platform_exit_critical
                0x080026f8       0x10 ./Drivers/EDP/sys/porting_compat.o
                0x080026f8                platform_exit_critical
 .text.flash_read
                0x08002708       0x60 ./Drivers/EDP/sys/porting_compat.o
                0x08002708                flash_read
 .text.flash_write
                0x08002768       0x1e ./Drivers/EDP/sys/porting_compat.o
                0x08002768                flash_write
 .text.flash_erase_sector
                0x08002786       0x1a ./Drivers/EDP/sys/porting_compat.o
                0x08002786                flash_erase_sector
 .text.flash_erase_block_64k
                0x080027a0       0x1a ./Drivers/EDP/sys/porting_compat.o
                0x080027a0                flash_erase_block_64k
 *fill*         0x080027ba        0x2 
 .text.sys_cfg_clock
                0x080027bc       0x20 ./Drivers/EDP/sys/porting_compat.o
                0x080027bc                sys_cfg_clock
 .text.sys_cfg_tick
                0x080027dc       0x14 ./Drivers/EDP/sys/porting_compat.o
                0x080027dc                sys_cfg_tick
 .text.sys_cfg_update_info
                0x080027f0       0x70 ./Drivers/EDP/sys/porting_compat.o
                0x080027f0                sys_cfg_update_info
 .text.sys_cfg_init
                0x08002860       0x14 ./Drivers/EDP/sys/porting_compat.o
                0x08002860                sys_cfg_init
 .text.sys_ctrl_reset
                0x08002874        0x8 ./Drivers/EDP/sys/porting_compat.o
                0x08002874                sys_ctrl_reset
 .text.sys_ctrl_independent_watchdog_reset
                0x0800287c        0xc ./Drivers/EDP/sys/porting_compat.o
                0x0800287c                sys_ctrl_independent_watchdog_reset
 .text.sys_ctrl_soft_watchdog_reset
                0x08002888       0x18 ./Drivers/EDP/sys/porting_compat.o
                0x08002888                sys_ctrl_soft_watchdog_reset
 .text.sys_ctrl_soft_watchdog_increase_counter
                0x080028a0       0x40 ./Drivers/EDP/sys/porting_compat.o
                0x080028a0                sys_ctrl_soft_watchdog_increase_counter
 .text.sys_ctrl_delay_us
                0x080028e0       0x54 ./Drivers/EDP/sys/porting_compat.o
                0x080028e0                sys_ctrl_delay_us
 .text.sys_dbg_fatal
                0x08002934      0x144 ./Drivers/EDP/sys/sys_dbg.o
                0x08002934                sys_dbg_fatal
 .text.HAL_Init
                0x08002a78       0x2c ./Drivers/STM32F1xx_HAL_Driver/Src/stm32f1xx_hal.o
                0x08002a78                HAL_Init
 .text.HAL_InitTick
                0x08002aa4       0x6c ./Drivers/STM32F1xx_HAL_Driver/Src/stm32f1xx_hal.o
                0x08002aa4                HAL_InitTick
 .text.HAL_IncTick
                0x08002b10       0x24 ./Drivers/STM32F1xx_HAL_Driver/Src/stm32f1xx_hal.o
                0x08002b10                HAL_IncTick
 .text.HAL_GetTick
                0x08002b34       0x14 ./Drivers/STM32F1xx_HAL_Driver/Src/stm32f1xx_hal.o
                0x08002b34                HAL_GetTick
 .text.HAL_ADC_Init
                0x08002b48      0x1dc ./Drivers/STM32F1xx_HAL_Driver/Src/stm32f1xx_hal_adc.o
                0x08002b48                HAL_ADC_Init
 .text.HAL_ADC_ConfigChannel
                0x08002d24      0x204 ./Drivers/STM32F1xx_HAL_Driver/Src/stm32f1xx_hal_adc.o
                0x08002d24                HAL_ADC_ConfigChannel
 .text.ADC_ConversionStop_Disable
                0x08002f28       0xac ./Drivers/STM32F1xx_HAL_Driver/Src/stm32f1xx_hal_adc.o
                0x08002f28                ADC_ConversionStop_Disable
 .text.__NVIC_SetPriorityGrouping
                0x08002fd4       0x48 ./Drivers/STM32F1xx_HAL_Driver/Src/stm32f1xx_hal_cortex.o
 .text.__NVIC_GetPriorityGrouping
                0x0800301c       0x1c ./Drivers/STM32F1xx_HAL_Driver/Src/stm32f1xx_hal_cortex.o
 .text.__NVIC_SetPriority
                0x08003038       0x54 ./Drivers/STM32F1xx_HAL_Driver/Src/stm32f1xx_hal_cortex.o
 .text.NVIC_EncodePriority
                0x0800308c       0x60 ./Drivers/STM32F1xx_HAL_Driver/Src/stm32f1xx_hal_cortex.o
 .text.SysTick_Config
                0x080030ec       0x44 ./Drivers/STM32F1xx_HAL_Driver/Src/stm32f1xx_hal_cortex.o
 .text.HAL_NVIC_SetPriorityGrouping
                0x08003130       0x16 ./Drivers/STM32F1xx_HAL_Driver/Src/stm32f1xx_hal_cortex.o
                0x08003130                HAL_NVIC_SetPriorityGrouping
 .text.HAL_NVIC_SetPriority
                0x08003146       0x38 ./Drivers/STM32F1xx_HAL_Driver/Src/stm32f1xx_hal_cortex.o
                0x08003146                HAL_NVIC_SetPriority
 .text.HAL_SYSTICK_Config
                0x0800317e       0x18 ./Drivers/STM32F1xx_HAL_Driver/Src/stm32f1xx_hal_cortex.o
                0x0800317e                HAL_SYSTICK_Config
 *fill*         0x08003196        0x2 
 .text.HAL_FLASH_Program
                0x08003198       0xe0 ./Drivers/STM32F1xx_HAL_Driver/Src/stm32f1xx_hal_flash.o
                0x08003198                HAL_FLASH_Program
 .text.HAL_FLASH_Unlock
                0x08003278       0x60 ./Drivers/STM32F1xx_HAL_Driver/Src/stm32f1xx_hal_flash.o
                0x08003278                HAL_FLASH_Unlock
 .text.HAL_FLASH_Lock
                0x080032d8       0x20 ./Drivers/STM32F1xx_HAL_Driver/Src/stm32f1xx_hal_flash.o
                0x080032d8                HAL_FLASH_Lock
 .text._ZL22FLASH_Program_HalfWordmt
                0x080032f8       0x38 ./Drivers/STM32F1xx_HAL_Driver/Src/stm32f1xx_hal_flash.o
 .text.FLASH_WaitForLastOperation
                0x08003330       0xb4 ./Drivers/STM32F1xx_HAL_Driver/Src/stm32f1xx_hal_flash.o
                0x08003330                FLASH_WaitForLastOperation
 .text._ZL18FLASH_SetErrorCodev
                0x080033e4       0xbc ./Drivers/STM32F1xx_HAL_Driver/Src/stm32f1xx_hal_flash.o
 .text.HAL_FLASHEx_Erase
                0x080034a0       0xec ./Drivers/STM32F1xx_HAL_Driver/Src/stm32f1xx_hal_flash_ex.o
                0x080034a0                HAL_FLASHEx_Erase
 .text._ZL15FLASH_MassErasem
                0x0800358c       0x38 ./Drivers/STM32F1xx_HAL_Driver/Src/stm32f1xx_hal_flash_ex.o
 .text._Z15FLASH_PageErasem
                0x080035c4       0x40 ./Drivers/STM32F1xx_HAL_Driver/Src/stm32f1xx_hal_flash_ex.o
                0x080035c4                FLASH_PageErase(unsigned long)
 .text.HAL_GPIO_Init
                0x08003604      0x308 ./Drivers/STM32F1xx_HAL_Driver/Src/stm32f1xx_hal_gpio.o
                0x08003604                HAL_GPIO_Init
 .text.HAL_RCC_OscConfig
                0x0800390c      0x654 ./Drivers/STM32F1xx_HAL_Driver/Src/stm32f1xx_hal_rcc.o
                0x0800390c                HAL_RCC_OscConfig
 .text.HAL_RCC_ClockConfig
                0x08003f60      0x230 ./Drivers/STM32F1xx_HAL_Driver/Src/stm32f1xx_hal_rcc.o
                0x08003f60                HAL_RCC_ClockConfig
 .text.HAL_RCC_GetSysClockFreq
                0x08004190       0xa8 ./Drivers/STM32F1xx_HAL_Driver/Src/stm32f1xx_hal_rcc.o
                0x08004190                HAL_RCC_GetSysClockFreq
 .text.HAL_RCC_GetHCLKFreq
                0x08004238       0x14 ./Drivers/STM32F1xx_HAL_Driver/Src/stm32f1xx_hal_rcc.o
                0x08004238                HAL_RCC_GetHCLKFreq
 .text.HAL_RCC_GetPCLK1Freq
                0x0800424c       0x28 ./Drivers/STM32F1xx_HAL_Driver/Src/stm32f1xx_hal_rcc.o
                0x0800424c                HAL_RCC_GetPCLK1Freq
 .text.HAL_RCC_GetPCLK2Freq
                0x08004274       0x28 ./Drivers/STM32F1xx_HAL_Driver/Src/stm32f1xx_hal_rcc.o
                0x08004274                HAL_RCC_GetPCLK2Freq
 .text._ZL9RCC_Delaym
                0x0800429c       0x48 ./Drivers/STM32F1xx_HAL_Driver/Src/stm32f1xx_hal_rcc.o
 .text.HAL_RCCEx_PeriphCLKConfig
                0x080042e4      0x1ac ./Drivers/STM32F1xx_HAL_Driver/Src/stm32f1xx_hal_rcc_ex.o
                0x080042e4                HAL_RCCEx_PeriphCLKConfig
 .text.HAL_SPI_Init
                0x08004490      0x112 ./Drivers/STM32F1xx_HAL_Driver/Src/stm32f1xx_hal_spi.o
                0x08004490                HAL_SPI_Init
 .text.HAL_UART_Init
                0x080045a2       0xaa ./Drivers/STM32F1xx_HAL_Driver/Src/stm32f1xx_hal_uart.o
                0x080045a2                HAL_UART_Init
 .text._ZL14UART_SetConfigP20__UART_HandleTypeDef
                0x0800464c      0x120 ./Drivers/STM32F1xx_HAL_Driver/Src/stm32f1xx_hal_uart.o
 .text._Z14task_a_handlerP8ak_msg_t
                0x0800476c       0x40 ./Test/Sample/sample.o
                0x0800476c                task_a_handler(ak_msg_t*)
 .text._Z14task_b_handlerP8ak_msg_t
                0x080047ac       0x64 ./Test/Sample/sample.o
                0x080047ac                task_b_handler(ak_msg_t*)
 .text._Z11sample_mainv
                0x08004810       0x78 ./Test/Sample/sample.o
                0x08004810                sample_main()
 .text.free     0x08004888       0x10 C:/ST/STM32CubeIDE_2.0.0/STM32CubeIDE/plugins/com.st.stm32cube.ide.mcu.externaltools.gnu-tools-for-stm32.13.3.rel1.win32_1.0.100.202509120712/tools/bin/../lib/gcc/arm-none-eabi/13.3.1/../../../../arm-none-eabi/lib/thumb/v7-m/nofp\libc_nano.a(libc_a-malloc.o)
                0x08004888                free
 .text.__malloc_lock
                0x08004898        0xc C:/ST/STM32CubeIDE_2.0.0/STM32CubeIDE/plugins/com.st.stm32cube.ide.mcu.externaltools.gnu-tools-for-stm32.13.3.rel1.win32_1.0.100.202509120712/tools/bin/../lib/gcc/arm-none-eabi/13.3.1/../../../../arm-none-eabi/lib/thumb/v7-m/nofp\libc_nano.a(libc_a-mlock.o)
                0x08004898                __malloc_lock
 .text.__malloc_unlock
                0x080048a4        0xc C:/ST/STM32CubeIDE_2.0.0/STM32CubeIDE/plugins/com.st.stm32cube.ide.mcu.externaltools.gnu-tools-for-stm32.13.3.rel1.win32_1.0.100.202509120712/tools/bin/../lib/gcc/arm-none-eabi/13.3.1/../../../../arm-none-eabi/lib/thumb/v7-m/nofp\libc_nano.a(libc_a-mlock.o)
                0x080048a4                __malloc_unlock
 .text.memset   0x080048b0       0x10 C:/ST/STM32CubeIDE_2.0.0/STM32CubeIDE/plugins/com.st.stm32cube.ide.mcu.externaltools.gnu-tools-for-stm32.13.3.rel1.win32_1.0.100.202509120712/tools/bin/../lib/gcc/arm-none-eabi/13.3.1/../../../../arm-none-eabi/lib/thumb/v7-m/nofp\libc_nano.a(libc_a-memset.o)
                0x080048b0                memset
 .text.__errno  0x080048c0        0xc C:/ST/STM32CubeIDE_2.0.0/STM32CubeIDE/plugins/com.st.stm32cube.ide.mcu.externaltools.gnu-tools-for-stm32.13.3.rel1.win32_1.0.100.202509120712/tools/bin/../lib/gcc/arm-none-eabi/13.3.1/../../../../arm-none-eabi/lib/thumb/v7-m/nofp\libc_nano.a(libc_a-errno.o)
                0x080048c0                __errno
 .text.__libc_init_array
                0x080048cc       0x48 C:/ST/STM32CubeIDE_2.0.0/STM32CubeIDE/plugins/com.st.stm32cube.ide.mcu.externaltools.gnu-tools-for-stm32.13.3.rel1.win32_1.0.100.202509120712/tools/bin/../lib/gcc/arm-none-eabi/13.3.1/../../../../arm-none-eabi/lib/thumb/v7-m/nofp\libc_nano.a(libc_a-init.o)
                0x080048cc                __libc_init_array
 .text.__retarget_lock_acquire_recursive
                0x08004914        0x2 C:/ST/STM32CubeIDE_2.0.0/STM32CubeIDE/plugins/com.st.stm32cube.ide.mcu.externaltools.gnu-tools-for-stm32.13.3.rel1.win32_1.0.100.202509120712/tools/bin/../lib/gcc/arm-none-eabi/13.3.1/../../../../arm-none-eabi/lib/thumb/v7-m/nofp\libc_nano.a(libc_a-lock.o)
                0x08004914                __retarget_lock_acquire_recursive
 .text.__retarget_lock_release_recursive
                0x08004916        0x2 C:/ST/STM32CubeIDE_2.0.0/STM32CubeIDE/plugins/com.st.stm32cube.ide.mcu.externaltools.gnu-tools-for-stm32.13.3.rel1.win32_1.0.100.202509120712/tools/bin/../lib/gcc/arm-none-eabi/13.3.1/../../../../arm-none-eabi/lib/thumb/v7-m/nofp\libc_nano.a(libc_a-lock.o)
                0x08004916                __retarget_lock_release_recursive
 .text.strcpy   0x08004918       0x10 C:/ST/STM32CubeIDE_2.0.0/STM32CubeIDE/plugins/com.st.stm32cube.ide.mcu.externaltools.gnu-tools-for-stm32.13.3.rel1.win32_1.0.100.202509120712/tools/bin/../lib/gcc/arm-none-eabi/13.3.1/../../../../arm-none-eabi/lib/thumb/v7-m/nofp\libc_nano.a(libc_a-strcpy.o)
                0x08004918                strcpy
 .text.memcpy   0x08004928       0x1c C:/ST/STM32CubeIDE_2.0.0/STM32CubeIDE/plugins/com.st.stm32cube.ide.mcu.externaltools.gnu-tools-for-stm32.13.3.rel1.win32_1.0.100.202509120712/tools/bin/../lib/gcc/arm-none-eabi/13.3.1/../../../../arm-none-eabi/lib/thumb/v7-m/nofp\libc_nano.a(libc_a-memcpy-stub.o)
                0x08004928                memcpy
 .text._free_r  0x08004944       0x90 C:/ST/STM32CubeIDE_2.0.0/STM32CubeIDE/plugins/com.st.stm32cube.ide.mcu.externaltools.gnu-tools-for-stm32.13.3.rel1.win32_1.0.100.202509120712/tools/bin/../lib/gcc/arm-none-eabi/13.3.1/../../../../arm-none-eabi/lib/thumb/v7-m/nofp\libc_nano.a(libc_a-freer.o)
                0x08004944                _free_r
 .text.abort    0x080049d4        0xe C:/ST/STM32CubeIDE_2.0.0/STM32CubeIDE/plugins/com.st.stm32cube.ide.mcu.externaltools.gnu-tools-for-stm32.13.3.rel1.win32_1.0.100.202509120712/tools/bin/../lib/gcc/arm-none-eabi/13.3.1/../../../../arm-none-eabi/lib/thumb/v7-m/nofp\libc_nano.a(libc_a-abort.o)
                0x080049d4                abort
 .text._raise_r
                0x080049e2       0x50 C:/ST/STM32CubeIDE_2.0.0/STM32CubeIDE/plugins/com.st.stm32cube.ide.mcu.externaltools.gnu-tools-for-stm32.13.3.rel1.win32_1.0.100.202509120712/tools/bin/../lib/gcc/arm-none-eabi/13.3.1/../../../../arm-none-eabi/lib/thumb/v7-m/nofp\libc_nano.a(libc_a-signal.o)
                0x080049e2                _raise_r
 *fill*         0x08004a32        0x2 
 .text.raise    0x08004a34       0x10 C:/ST/STM32CubeIDE_2.0.0/STM32CubeIDE/plugins/com.st.stm32cube.ide.mcu.externaltools.gnu-tools-for-stm32.13.3.rel1.win32_1.0.100.202509120712/tools/bin/../lib/gcc/arm-none-eabi/13.3.1/../../../../arm-none-eabi/lib/thumb/v7-m/nofp\libc_nano.a(libc_a-signal.o)
                0x08004a34                raise
 .text._kill_r  0x08004a44       0x24 C:/ST/STM32CubeIDE_2.0.0/STM32CubeIDE/plugins/com.st.stm32cube.ide.mcu.externaltools.gnu-tools-for-stm32.13.3.rel1.win32_1.0.100.202509120712/tools/bin/../lib/gcc/arm-none-eabi/13.3.1/../../../../arm-none-eabi/lib/thumb/v7-m/nofp\libc_nano.a(libc_a-signalr.o)
                0x08004a44                _kill_r
 .text._getpid_r
                0x08004a68        0x4 C:/ST/STM32CubeIDE_2.0.0/STM32CubeIDE/plugins/com.st.stm32cube.ide.mcu.externaltools.gnu-tools-for-stm32.13.3.rel1.win32_1.0.100.202509120712/tools/bin/../lib/gcc/arm-none-eabi/13.3.1/../../../../arm-none-eabi/lib/thumb/v7-m/nofp\libc_nano.a(libc_a-signalr.o)
                0x08004a68                _getpid_r
 *(.glue_7)
 .glue_7        0x08004a6c        0x0 linker stubs
 *(.glue_7t)
 .glue_7t       0x08004a6c        0x0 linker stubs
 *(.eh_frame)
 .eh_frame      0x08004a6c        0x0 C:/ST/STM32CubeIDE_2.0.0/STM32CubeIDE/plugins/com.st.stm32cube.ide.mcu.externaltools.gnu-tools-for-stm32.13.3.rel1.win32_1.0.100.202509120712/tools/bin/../lib/gcc/arm-none-eabi/13.3.1/thumb/v7-m/nofp/crtbegin.o
 *(.init)
 .init          0x08004a6c        0x4 C:/ST/STM32CubeIDE_2.0.0/STM32CubeIDE/plugins/com.st.stm32cube.ide.mcu.externaltools.gnu-tools-for-stm32.13.3.rel1.win32_1.0.100.202509120712/tools/bin/../lib/gcc/arm-none-eabi/13.3.1/thumb/v7-m/nofp/crti.o
                0x08004a6c                _init
 .init          0x08004a70        0x8 C:/ST/STM32CubeIDE_2.0.0/STM32CubeIDE/plugins/com.st.stm32cube.ide.mcu.externaltools.gnu-tools-for-stm32.13.3.rel1.win32_1.0.100.202509120712/tools/bin/../lib/gcc/arm-none-eabi/13.3.1/thumb/v7-m/nofp/crtn.o
 *(.fini)
 .fini          0x08004a78        0x4 C:/ST/STM32CubeIDE_2.0.0/STM32CubeIDE/plugins/com.st.stm32cube.ide.mcu.externaltools.gnu-tools-for-stm32.13.3.rel1.win32_1.0.100.202509120712/tools/bin/../lib/gcc/arm-none-eabi/13.3.1/thumb/v7-m/nofp/crti.o
                0x08004a78                _fini
 .fini          0x08004a7c        0x8 C:/ST/STM32CubeIDE_2.0.0/STM32CubeIDE/plugins/com.st.stm32cube.ide.mcu.externaltools.gnu-tools-for-stm32.13.3.rel1.win32_1.0.100.202509120712/tools/bin/../lib/gcc/arm-none-eabi/13.3.1/thumb/v7-m/nofp/crtn.o
                0x08004a84                        . = ALIGN (0x4)
                0x08004a84                        _etext = .

.vfp11_veneer   0x08004a84        0x0
 .vfp11_veneer  0x08004a84        0x0 linker stubs

.v4_bx          0x08004a84        0x0
 .v4_bx         0x08004a84        0x0 linker stubs

.iplt           0x08004a84        0x0
 .iplt          0x08004a84        0x0 C:/ST/STM32CubeIDE_2.0.0/STM32CubeIDE/plugins/com.st.stm32cube.ide.mcu.externaltools.gnu-tools-for-stm32.13.3.rel1.win32_1.0.100.202509120712/tools/bin/../lib/gcc/arm-none-eabi/13.3.1/thumb/v7-m/nofp/crtbegin.o

.rodata         0x08004a84       0x40
                0x08004a84                        . = ALIGN (0x4)
 *(.rodata)
 .rodata        0x08004a84        0xe ./Drivers/EDP/ak/src/message.o
 *fill*         0x08004a92        0x2 
 .rodata        0x08004a94        0x3 ./Drivers/EDP/ak/src/task.o
 *(.rodata*)
 *fill*         0x08004a97        0x1 
 .rodata.AHBPrescTable
                0x08004a98       0x10 ./Core/Src/system_stm32f1xx.o
                0x08004a98                AHBPrescTable
 .rodata.APBPrescTable
                0x08004aa8        0x8 ./Core/Src/system_stm32f1xx.o
                0x08004aa8                APBPrescTable
 .rodata._ZZ23HAL_RCC_GetSysClockFreqE18aPLLMULFactorTable
                0x08004ab0       0x10 ./Drivers/STM32F1xx_HAL_Driver/Src/stm32f1xx_hal_rcc.o
 .rodata._ZZ23HAL_RCC_GetSysClockFreqE18aPredivFactorTable
                0x08004ac0        0x2 ./Drivers/STM32F1xx_HAL_Driver/Src/stm32f1xx_hal_rcc.o
                0x08004ac4                        . = ALIGN (0x4)
 *fill*         0x08004ac2        0x2 

.ARM.extab      0x08004ac4      0x1c8
                0x08004ac4                        . = ALIGN (0x4)
 *(.ARM.extab* .gnu.linkonce.armextab.*)
 .ARM.extab.text.MX_ADC1_Init
                0x08004ac4        0xc ./Core/Src/adc.o
 .ARM.extab.text.HAL_ADC_MspInit
                0x08004ad0        0xc ./Core/Src/adc.o
 .ARM.extab.text.HAL_SPI_MspInit
                0x08004adc        0xc ./Core/Src/spi.o
 .ARM.extab.text._kill
                0x08004ae8        0xc ./Core/Src/syscalls.o
 .ARM.extab.text._exit
                0x08004af4        0xc ./Core/Src/syscalls.o
 .ARM.extab.text.HAL_UART_MspInit
                0x08004b00        0xc ./Core/Src/usart.o
 .ARM.extab.text.msg_free
                0x08004b0c        0xc ./Drivers/EDP/ak/src/message.o
 .ARM.extab.text.msg_dec_ref_count
                0x08004b18        0xc ./Drivers/EDP/ak/src/message.o
 .ARM.extab.text._ZL18pure_msg_pool_initv
                0x08004b24        0xc ./Drivers/EDP/ak/src/message.o
 .ARM.extab.text._ZL13free_pure_msgP8ak_msg_t
                0x08004b30        0xc ./Drivers/EDP/ak/src/message.o
 .ARM.extab.text._ZL20common_msg_pool_initv
                0x08004b3c        0xc ./Drivers/EDP/ak/src/message.o
 .ARM.extab.text.get_common_msg
                0x08004b48        0xc ./Drivers/EDP/ak/src/message.o
 .ARM.extab.text._ZL15free_common_msgP8ak_msg_t
                0x08004b54        0xc ./Drivers/EDP/ak/src/message.o
 .ARM.extab.text.set_data_common_msg
                0x08004b60        0xc ./Drivers/EDP/ak/src/message.o
 .ARM.extab.text._ZL21dynamic_msg_pool_initv
                0x08004b6c        0xc ./Drivers/EDP/ak/src/message.o
 .ARM.extab.text._ZL16free_dynamic_msgP8ak_msg_t
                0x08004b78        0xc ./Drivers/EDP/ak/src/message.o
 .ARM.extab.text._ZL26task_queue_integrity_checkP5tcb_th
                0x08004b84        0xc ./Drivers/EDP/ak/src/task.o
 .ARM.extab.text.task_create
                0x08004b90        0xc ./Drivers/EDP/ak/src/task.o
 .ARM.extab.text.task_post
                0x08004b9c        0xc ./Drivers/EDP/ak/src/task.o
 .ARM.extab.text.task_post_common_msg
                0x08004ba8        0xc ./Drivers/EDP/ak/src/task.o
 .ARM.extab.text.task_init
                0x08004bb4        0xc ./Drivers/EDP/ak/src/task.o
 .ARM.extab.text._ZL13task_shedulerv
                0x08004bc0        0xc ./Drivers/EDP/ak/src/task.o
 .ARM.extab.text._ZL19timer_msg_pool_initv
                0x08004bcc        0xc ./Drivers/EDP/ak/src/timer.o
 .ARM.extab.text.sys_dbg_fatal
                0x08004bd8        0xc ./Drivers/EDP/sys/sys_dbg.o
 .ARM.extab.text.HAL_InitTick
                0x08004be4        0xc ./Drivers/STM32F1xx_HAL_Driver/Src/stm32f1xx_hal.o
 .ARM.extab.text.HAL_ADC_Init
                0x08004bf0        0xc ./Drivers/STM32F1xx_HAL_Driver/Src/stm32f1xx_hal_adc.o
 .ARM.extab.text.ADC_ConversionStop_Disable
                0x08004bfc        0xc ./Drivers/STM32F1xx_HAL_Driver/Src/stm32f1xx_hal_adc.o
 .ARM.extab.text.FLASH_WaitForLastOperation
                0x08004c08        0xc ./Drivers/STM32F1xx_HAL_Driver/Src/stm32f1xx_hal_flash.o
 .ARM.extab.text.HAL_FLASHEx_Erase
                0x08004c14        0xc ./Drivers/STM32F1xx_HAL_Driver/Src/stm32f1xx_hal_flash_ex.o
 .ARM.extab.text.HAL_RCC_OscConfig
                0x08004c20        0xc ./Drivers/STM32F1xx_HAL_Driver/Src/stm32f1xx_hal_rcc.o
 .ARM.extab.text.HAL_RCC_ClockConfig
                0x08004c2c        0xc ./Drivers/STM32F1xx_HAL_Driver/Src/stm32f1xx_hal_rcc.o
 .ARM.extab.text.HAL_RCCEx_PeriphCLKConfig
                0x08004c38        0xc ./Drivers/STM32F1xx_HAL_Driver/Src/stm32f1xx_hal_rcc_ex.o
 .ARM.extab.text.HAL_SPI_Init
                0x08004c44        0xc ./Drivers/STM32F1xx_HAL_Driver/Src/stm32f1xx_hal_spi.o
 .ARM.extab.text.HAL_UART_Init
                0x08004c50        0xc ./Drivers/STM32F1xx_HAL_Driver/Src/stm32f1xx_hal_uart.o
 .ARM.extab.text._ZL14UART_SetConfigP20__UART_HandleTypeDef
                0x08004c5c        0xc ./Drivers/STM32F1xx_HAL_Driver/Src/stm32f1xx_hal_uart.o
 .ARM.extab.text._Z14task_a_handlerP8ak_msg_t
                0x08004c68        0xc ./Test/Sample/sample.o
 .ARM.extab     0x08004c74       0x18 C:/ST/STM32CubeIDE_2.0.0/STM32CubeIDE/plugins/com.st.stm32cube.ide.mcu.externaltools.gnu-tools-for-stm32.13.3.rel1.win32_1.0.100.202509120712/tools/bin/../lib/gcc/arm-none-eabi/13.3.1/thumb/v7-m/nofp\libgcc.a(pr-support.o)
                0x08004c8c                        . = ALIGN (0x4)

.ARM            0x08004c8c      0x2a8
                0x08004c8c                        . = ALIGN (0x4)
                0x08004c8c                        __exidx_start = .
 *(.ARM.exidx*)
 .ARM.exidx     0x08004c8c       0x80 C:/ST/STM32CubeIDE_2.0.0/STM32CubeIDE/plugins/com.st.stm32cube.ide.mcu.externaltools.gnu-tools-for-stm32.13.3.rel1.win32_1.0.100.202509120712/tools/bin/../lib/gcc/arm-none-eabi/13.3.1/thumb/v7-m/nofp\libgcc.a(unwind-arm.o)
                                 0xd8 (size before relaxing)
 .ARM.exidx     0x08004d0c       0x30 C:/ST/STM32CubeIDE_2.0.0/STM32CubeIDE/plugins/com.st.stm32cube.ide.mcu.externaltools.gnu-tools-for-stm32.13.3.rel1.win32_1.0.100.202509120712/tools/bin/../lib/gcc/arm-none-eabi/13.3.1/thumb/v7-m/nofp\libgcc.a(pr-support.o)
                                 0x38 (size before relaxing)
 .ARM.exidx.text.MX_ADC1_Init
                0x08004d3c        0x8 ./Core/Src/adc.o
 .ARM.exidx.text.HAL_ADC_MspInit
                0x08004d44        0x8 ./Core/Src/adc.o
 .ARM.exidx.text.MX_GPIO_Init
                0x08004d4c        0x8 ./Core/Src/gpio.o
 .ARM.exidx.text.MX_SPI1_Init
                0x08004d54        0x8 ./Core/Src/spi.o
 .ARM.exidx.text.HAL_SPI_MspInit
                0x08004d5c        0x8 ./Core/Src/spi.o
 .ARM.exidx.text.HAL_MspInit
                0x08004d64        0x8 ./Core/Src/stm32f1xx_hal_msp.o
 .ARM.exidx.text.hardfault_capture
                0x08004d6c        0x0 ./Core/Src/stm32f1xx_it.o
                                  0x8 (size before relaxing)
 .ARM.exidx.text.NMI_Handler
                0x08004d6c        0x0 ./Core/Src/stm32f1xx_it.o
                                  0x8 (size before relaxing)
 .ARM.exidx.text.HardFault_Handler
                0x08004d6c        0x0 ./Core/Src/stm32f1xx_it.o
                                  0x8 (size before relaxing)
 .ARM.exidx.text.MemManage_Handler
                0x08004d6c        0x0 ./Core/Src/stm32f1xx_it.o
                                  0x8 (size before relaxing)
 .ARM.exidx.text.BusFault_Handler
                0x08004d6c        0x0 ./Core/Src/stm32f1xx_it.o
                                  0x8 (size before relaxing)
 .ARM.exidx.text.UsageFault_Handler
                0x08004d6c        0x0 ./Core/Src/stm32f1xx_it.o
                                  0x8 (size before relaxing)
 .ARM.exidx.text.SVC_Handler
                0x08004d6c        0x0 ./Core/Src/stm32f1xx_it.o
                                  0x8 (size before relaxing)
 .ARM.exidx.text.DebugMon_Handler
                0x08004d6c        0x0 ./Core/Src/stm32f1xx_it.o
                                  0x8 (size before relaxing)
 .ARM.exidx.text.PendSV_Handler
                0x08004d6c        0x0 ./Core/Src/stm32f1xx_it.o
                                  0x8 (size before relaxing)
 .ARM.exidx.text.SysTick_Handler
                0x08004d6c        0x8 ./Core/Src/stm32f1xx_it.o
 .ARM.exidx.text._getpid
                0x08004d74        0x8 ./Core/Src/syscalls.o
 .ARM.exidx.text._kill
                0x08004d7c        0x8 ./Core/Src/syscalls.o
 .ARM.exidx.text._exit
                0x08004d84        0x8 ./Core/Src/syscalls.o
 .ARM.exidx.text.SystemInit
                0x08004d8c        0x8 ./Core/Src/system_stm32f1xx.o
 .ARM.exidx.text.MX_USART1_UART_Init
                0x08004d94        0x8 ./Core/Src/usart.o
 .ARM.exidx.text.HAL_UART_MspInit
                0x08004d9c       0x10 ./Core/Src/usart.o
                                  0x8 (size before relaxing)
 .ARM.exidx.text._ZL23msg_ptr_belongs_to_poolPK8ak_msg_t
                0x08004dac        0x0 ./Drivers/EDP/ak/src/message.o
                                  0x8 (size before relaxing)
 .ARM.exidx.text.msg_init
                0x08004dac        0x8 ./Drivers/EDP/ak/src/message.o
 .ARM.exidx.text.msg_free
                0x08004db4        0x8 ./Drivers/EDP/ak/src/message.o
 .ARM.exidx.text.msg_dec_ref_count
                0x08004dbc        0x8 ./Drivers/EDP/ak/src/message.o
 .ARM.exidx.text.ak_free
                0x08004dc4        0x8 ./Drivers/EDP/ak/src/message.o
 .ARM.exidx.text._ZL18pure_msg_pool_initv
                0x08004dcc        0x8 ./Drivers/EDP/ak/src/message.o
 .ARM.exidx.text._ZL13free_pure_msgP8ak_msg_t
                0x08004dd4        0x8 ./Drivers/EDP/ak/src/message.o
 .ARM.exidx.text._ZL20common_msg_pool_initv
                0x08004ddc        0x8 ./Drivers/EDP/ak/src/message.o
 .ARM.exidx.text.get_common_msg
                0x08004de4        0x8 ./Drivers/EDP/ak/src/message.o
 .ARM.exidx.text._ZL15free_common_msgP8ak_msg_t
                0x08004dec        0x8 ./Drivers/EDP/ak/src/message.o
 .ARM.exidx.text.set_data_common_msg
                0x08004df4        0x8 ./Drivers/EDP/ak/src/message.o
 .ARM.exidx.text._ZL21dynamic_msg_pool_initv
                0x08004dfc        0x8 ./Drivers/EDP/ak/src/message.o
 .ARM.exidx.text._ZL16free_dynamic_msgP8ak_msg_t
                0x08004e04        0x8 ./Drivers/EDP/ak/src/message.o
 .ARM.exidx.text.msg_is_valid_ptr
                0x08004e0c        0x8 ./Drivers/EDP/ak/src/message.o
 .ARM.exidx.text.msg_is_valid_or_null
                0x08004e14        0x0 ./Drivers/EDP/ak/src/message.o
                                  0x8 (size before relaxing)
 .ARM.exidx.text._ZL26task_queue_integrity_checkP5tcb_th
                0x08004e14        0x8 ./Drivers/EDP/ak/src/task.o
 .ARM.exidx.text.task_create
                0x08004e1c        0x8 ./Drivers/EDP/ak/src/task.o
 .ARM.exidx.text.task_post
                0x08004e24        0x8 ./Drivers/EDP/ak/src/task.o
 .ARM.exidx.text.task_post_common_msg
                0x08004e2c        0x8 ./Drivers/EDP/ak/src/task.o
 .ARM.exidx.text.task_init
                0x08004e34        0x8 ./Drivers/EDP/ak/src/task.o
 .ARM.exidx.text.task_sample_run_once
                0x08004e3c        0x8 ./Drivers/EDP/ak/src/task.o
 .ARM.exidx.text._ZL13task_shedulerv
                0x08004e44        0x8 ./Drivers/EDP/ak/src/task.o
 .ARM.exidx.text.get_current_task_id
                0x08004e4c        0x8 ./Drivers/EDP/ak/src/task.o
 .ARM.exidx.text.get_current_task_info
                0x08004e54        0x0 ./Drivers/EDP/ak/src/task.o
                                  0x8 (size before relaxing)
 .ARM.exidx.text.get_current_active_object
                0x08004e54        0x0 ./Drivers/EDP/ak/src/task.o
                                  0x8 (size before relaxing)
 .ARM.exidx.text._ZL19timer_msg_pool_initv
                0x08004e54        0x8 ./Drivers/EDP/ak/src/timer.o
 .ARM.exidx.text.timer_init
                0x08004e5c       0x10 ./Drivers/EDP/ak/src/timer.o
                                  0x8 (size before relaxing)
 .ARM.exidx.text.sys_dbg_fatal
                0x08004e6c        0x8 ./Drivers/EDP/sys/sys_dbg.o
 .ARM.exidx.text.HAL_Init
                0x08004e74        0x8 ./Drivers/STM32F1xx_HAL_Driver/Src/stm32f1xx_hal.o
 .ARM.exidx.text.HAL_InitTick
                0x08004e7c        0x8 ./Drivers/STM32F1xx_HAL_Driver/Src/stm32f1xx_hal.o
 .ARM.exidx.text.HAL_IncTick
                0x08004e84        0x8 ./Drivers/STM32F1xx_HAL_Driver/Src/stm32f1xx_hal.o
 .ARM.exidx.text.HAL_GetTick
                0x08004e8c        0x0 ./Drivers/STM32F1xx_HAL_Driver/Src/stm32f1xx_hal.o
                                  0x8 (size before relaxing)
 .ARM.exidx.text.HAL_ADC_Init
                0x08004e8c        0x8 ./Drivers/STM32F1xx_HAL_Driver/Src/stm32f1xx_hal_adc.o
 .ARM.exidx.text.HAL_ADC_ConfigChannel
                0x08004e94        0x8 ./Drivers/STM32F1xx_HAL_Driver/Src/stm32f1xx_hal_adc.o
 .ARM.exidx.text.ADC_ConversionStop_Disable
                0x08004e9c        0x8 ./Drivers/STM32F1xx_HAL_Driver/Src/stm32f1xx_hal_adc.o
 .ARM.exidx.text.__NVIC_SetPriorityGrouping
                0x08004ea4        0x8 ./Drivers/STM32F1xx_HAL_Driver/Src/stm32f1xx_hal_cortex.o
 .ARM.exidx.text.__NVIC_GetPriorityGrouping
                0x08004eac        0x0 ./Drivers/STM32F1xx_HAL_Driver/Src/stm32f1xx_hal_cortex.o
                                  0x8 (size before relaxing)
 .ARM.exidx.text.__NVIC_SetPriority
                0x08004eac        0x0 ./Drivers/STM32F1xx_HAL_Driver/Src/stm32f1xx_hal_cortex.o
                                  0x8 (size before relaxing)
 .ARM.exidx.text.NVIC_EncodePriority
                0x08004eac        0x0 ./Drivers/STM32F1xx_HAL_Driver/Src/stm32f1xx_hal_cortex.o
                                  0x8 (size before relaxing)
 .ARM.exidx.text.SysTick_Config
                0x08004eac        0x0 ./Drivers/STM32F1xx_HAL_Driver/Src/stm32f1xx_hal_cortex.o
                                  0x8 (size before relaxing)
 .ARM.exidx.text.HAL_NVIC_SetPriorityGrouping
                0x08004eac        0x0 ./Drivers/STM32F1xx_HAL_Driver/Src/stm32f1xx_hal_cortex.o
                                  0x8 (size before relaxing)
 .ARM.exidx.text.HAL_NVIC_SetPriority
                0x08004eac        0x0 ./Drivers/STM32F1xx_HAL_Driver/Src/stm32f1xx_hal_cortex.o
                                  0x8 (size before relaxing)
 .ARM.exidx.text.HAL_SYSTICK_Config
                0x08004eac        0x0 ./Drivers/STM32F1xx_HAL_Driver/Src/stm32f1xx_hal_cortex.o
                                  0x8 (size before relaxing)
 .ARM.exidx.text.HAL_FLASH_Program
                0x08004eac        0x8 ./Drivers/STM32F1xx_HAL_Driver/Src/stm32f1xx_hal_flash.o
 .ARM.exidx.text.HAL_FLASH_Unlock
                0x08004eb4        0x8 ./Drivers/STM32F1xx_HAL_Driver/Src/stm32f1xx_hal_flash.o
 .ARM.exidx.text.HAL_FLASH_Lock
                0x08004ebc        0x0 ./Drivers/STM32F1xx_HAL_Driver/Src/stm32f1xx_hal_flash.o
                                  0x8 (size before relaxing)
 .ARM.exidx.text._ZL22FLASH_Program_HalfWordmt
                0x08004ebc        0x0 ./Drivers/STM32F1xx_HAL_Driver/Src/stm32f1xx_hal_flash.o
                                  0x8 (size before relaxing)
 .ARM.exidx.text.FLASH_WaitForLastOperation
                0x08004ebc        0x8 ./Drivers/STM32F1xx_HAL_Driver/Src/stm32f1xx_hal_flash.o
 .ARM.exidx.text._ZL18FLASH_SetErrorCodev
                0x08004ec4        0x8 ./Drivers/STM32F1xx_HAL_Driver/Src/stm32f1xx_hal_flash.o
 .ARM.exidx.text.HAL_FLASHEx_Erase
                0x08004ecc        0x8 ./Drivers/STM32F1xx_HAL_Driver/Src/stm32f1xx_hal_flash_ex.o
 .ARM.exidx.text._ZL15FLASH_MassErasem
                0x08004ed4        0x8 ./Drivers/STM32F1xx_HAL_Driver/Src/stm32f1xx_hal_flash_ex.o
 .ARM.exidx.text._Z15FLASH_PageErasem
                0x08004edc        0x0 ./Drivers/STM32F1xx_HAL_Driver/Src/stm32f1xx_hal_flash_ex.o
                                  0x8 (size before relaxing)
 .ARM.exidx.text.HAL_GPIO_Init
                0x08004edc        0x0 ./Drivers/STM32F1xx_HAL_Driver/Src/stm32f1xx_hal_gpio.o
                                  0x8 (size before relaxing)
 .ARM.exidx.text.HAL_RCC_OscConfig
                0x08004edc        0x8 ./Drivers/STM32F1xx_HAL_Driver/Src/stm32f1xx_hal_rcc.o
 .ARM.exidx.text.HAL_RCC_ClockConfig
                0x08004ee4        0x8 ./Drivers/STM32F1xx_HAL_Driver/Src/stm32f1xx_hal_rcc.o
 .ARM.exidx.text.HAL_RCC_GetSysClockFreq
                0x08004eec        0x8 ./Drivers/STM32F1xx_HAL_Driver/Src/stm32f1xx_hal_rcc.o
 .ARM.exidx.text.HAL_RCC_GetHCLKFreq
                0x08004ef4        0x0 ./Drivers/STM32F1xx_HAL_Driver/Src/stm32f1xx_hal_rcc.o
                                  0x8 (size before relaxing)
 .ARM.exidx.text.HAL_RCC_GetPCLK1Freq
                0x08004ef4        0x0 ./Drivers/STM32F1xx_HAL_Driver/Src/stm32f1xx_hal_rcc.o
                                  0x8 (size before relaxing)
 .ARM.exidx.text.HAL_RCC_GetPCLK2Freq
                0x08004ef4        0x0 ./Drivers/STM32F1xx_HAL_Driver/Src/stm32f1xx_hal_rcc.o
                                  0x8 (size before relaxing)
 .ARM.exidx.text._ZL9RCC_Delaym
                0x08004ef4        0x0 ./Drivers/STM32F1xx_HAL_Driver/Src/stm32f1xx_hal_rcc.o
                                  0x8 (size before relaxing)
 .ARM.exidx.text.HAL_RCCEx_PeriphCLKConfig
                0x08004ef4        0x8 ./Drivers/STM32F1xx_HAL_Driver/Src/stm32f1xx_hal_rcc_ex.o
 .ARM.exidx.text.HAL_SPI_Init
                0x08004efc        0x8 ./Drivers/STM32F1xx_HAL_Driver/Src/stm32f1xx_hal_spi.o
 .ARM.exidx.text.HAL_UART_Init
                0x08004f04        0x8 ./Drivers/STM32F1xx_HAL_Driver/Src/stm32f1xx_hal_uart.o
 .ARM.exidx.text._ZL14UART_SetConfigP20__UART_HandleTypeDef
                0x08004f0c        0x8 ./Drivers/STM32F1xx_HAL_Driver/Src/stm32f1xx_hal_uart.o
 .ARM.exidx.text._Z14task_a_handlerP8ak_msg_t
                0x08004f14        0x8 ./Test/Sample/sample.o
 .ARM.exidx.text._Z14task_b_handlerP8ak_msg_t
                0x08004f1c        0x8 ./Test/Sample/sample.o
 .ARM.exidx.text._Z11sample_mainv
                0x08004f24       0x10 ./Test/Sample/sample.o
                                  0x8 (size before relaxing)
                0x08004f34                        __exidx_end = .
                0x08004f34                        . = ALIGN (0x4)

.preinit_array  0x08004f34        0x0
                0x08004f34                        . = ALIGN (0x4)
                0x08004f34                        PROVIDE (__preinit_array_start = .)
 *(.preinit_array*)
                0x08004f34                        PROVIDE (__preinit_array_end = .)
                0x08004f34                        . = ALIGN (0x4)

.init_array     0x08004f34        0x4
                0x08004f34                        . = ALIGN (0x4)
                0x08004f34                        PROVIDE (__init_array_start = .)
 *(SORT_BY_NAME(.init_array.*))
 *(.init_array*)
 .init_array    0x08004f34        0x4 C:/ST/STM32CubeIDE_2.0.0/STM32CubeIDE/plugins/com.st.stm32cube.ide.mcu.externaltools.gnu-tools-for-stm32.13.3.rel1.win32_1.0.100.202509120712/tools/bin/../lib/gcc/arm-none-eabi/13.3.1/thumb/v7-m/nofp/crtbegin.o
                0x08004f38                        PROVIDE (__init_array_end = .)
                0x08004f38                        . = ALIGN (0x4)

.fini_array     0x08004f38        0x4
                0x08004f38                        . = ALIGN (0x4)
                [!provide]                        PROVIDE (__fini_array_start = .)
 *(SORT_BY_NAME(.fini_array.*))
 *(.fini_array*)
 .fini_array    0x08004f38        0x4 C:/ST/STM32CubeIDE_2.0.0/STM32CubeIDE/plugins/com.st.stm32cube.ide.mcu.externaltools.gnu-tools-for-stm32.13.3.rel1.win32_1.0.100.202509120712/tools/bin/../lib/gcc/arm-none-eabi/13.3.1/thumb/v7-m/nofp/crtbegin.o
                [!provide]                        PROVIDE (__fini_array_end = .)
                0x08004f3c                        . = ALIGN (0x4)
                0x08004f3c                        _sidata = LOADADDR (.data)

.rel.dyn        0x08004f3c        0x0
 .rel.iplt      0x08004f3c        0x0 C:/ST/STM32CubeIDE_2.0.0/STM32CubeIDE/plugins/com.st.stm32cube.ide.mcu.externaltools.gnu-tools-for-stm32.13.3.rel1.win32_1.0.100.202509120712/tools/bin/../lib/gcc/arm-none-eabi/13.3.1/thumb/v7-m/nofp/crtbegin.o

.data           0x20000000       0x74 load address 0x08004f3c
                0x20000000                        . = ALIGN (0x4)
                0x20000000                        _sdata = .
                0x20000000                        _start_ram = _sdata
 *(.data)
 *(.data*)
 .data.SystemCoreClock
                0x20000000        0x4 ./Core/Src/system_stm32f1xx.o
                0x20000000                SystemCoreClock
 .data.uwTickPrio
                0x20000004        0x4 ./Drivers/STM32F1xx_HAL_Driver/Src/stm32f1xx_hal.o
                0x20000004                uwTickPrio
 .data.uwTickFreq
                0x20000008        0x1 ./Drivers/STM32F1xx_HAL_Driver/Src/stm32f1xx_hal.o
                0x20000008                uwTickFreq
 .data.loop_count
                0x20000009        0x1 ./Test/Sample/sample.o
                0x20000009                loop_count
 *fill*         0x2000000a        0x2 
 .data.task_table
                0x2000000c       0x18 ./Test/Sample/sample.o
                0x2000000c                task_table
 .data._impure_ptr
                0x20000024        0x4 C:/ST/STM32CubeIDE_2.0.0/STM32CubeIDE/plugins/com.st.stm32cube.ide.mcu.externaltools.gnu-tools-for-stm32.13.3.rel1.win32_1.0.100.202509120712/tools/bin/../lib/gcc/arm-none-eabi/13.3.1/../../../../arm-none-eabi/lib/thumb/v7-m/nofp\libc_nano.a(libc_a-impure.o)
                0x20000024                _impure_ptr
 .data._impure_data
                0x20000028       0x4c C:/ST/STM32CubeIDE_2.0.0/STM32CubeIDE/plugins/com.st.stm32cube.ide.mcu.externaltools.gnu-tools-for-stm32.13.3.rel1.win32_1.0.100.202509120712/tools/bin/../lib/gcc/arm-none-eabi/13.3.1/../../../../arm-none-eabi/lib/thumb/v7-m/nofp\libc_nano.a(libc_a-impure.o)
                0x20000028                _impure_data
 *(.RamFunc)
 *(.RamFunc*)
                0x20000074                        . = ALIGN (0x4)
                0x20000074                        _edata = .

.igot.plt       0x20000074        0x0 load address 0x08004fb0
 .igot.plt      0x20000074        0x0 C:/ST/STM32CubeIDE_2.0.0/STM32CubeIDE/plugins/com.st.stm32cube.ide.mcu.externaltools.gnu-tools-for-stm32.13.3.rel1.win32_1.0.100.202509120712/tools/bin/../lib/gcc/arm-none-eabi/13.3.1/thumb/v7-m/nofp/crtbegin.o
                0x20000074                        . = ALIGN (0x4)

.bss            0x20000078      0xa94 load address 0x08004fb0
                0x20000078                        _sbss = .
                0x20000078                        __bss_start__ = _sbss
 *(.bss)
 .bss           0x20000078       0x1c C:/ST/STM32CubeIDE_2.0.0/STM32CubeIDE/plugins/com.st.stm32cube.ide.mcu.externaltools.gnu-tools-for-stm32.13.3.rel1.win32_1.0.100.202509120712/tools/bin/../lib/gcc/arm-none-eabi/13.3.1/thumb/v7-m/nofp/crtbegin.o
 *(.bss*)
 .bss.hadc1     0x20000094       0x30 ./Core/Src/adc.o
                0x20000094                hadc1
 .bss.hspi1     0x200000c4       0x58 ./Core/Src/spi.o
                0x200000c4                hspi1
 .bss.g_hardfault_ctx
                0x2000011c       0x44 ./Core/Src/stm32f1xx_it.o
                0x2000011c                g_hardfault_ctx
 .bss._ZL20systick_10ms_counter
                0x20000160        0x4 ./Core/Src/stm32f1xx_it.o
 .bss._ZL21systick_100ms_counter
                0x20000164        0x4 ./Core/Src/stm32f1xx_it.o
 .bss.huart1    0x20000168       0x48 ./Core/Src/usart.o
                0x20000168                huart1
 .bss._ZL13msg_pure_pool
                0x200001b0      0x200 ./Drivers/EDP/ak/src/message.o
 .bss._ZL23free_list_pure_msg_pool
                0x200003b0        0x4 ./Drivers/EDP/ak/src/message.o
 .bss._ZL19free_list_pure_used
                0x200003b4        0x4 ./Drivers/EDP/ak/src/message.o
 .bss._ZL23free_list_pure_used_max
                0x200003b8        0x4 ./Drivers/EDP/ak/src/message.o
 .bss._ZL15msg_common_pool
                0x200003bc      0x2a0 ./Drivers/EDP/ak/src/message.o
 .bss._ZL25free_list_common_msg_pool
                0x2000065c        0x4 ./Drivers/EDP/ak/src/message.o
 .bss._ZL21free_list_common_used
                0x20000660        0x4 ./Drivers/EDP/ak/src/message.o
 .bss._ZL25free_list_common_used_max
                0x20000664        0x4 ./Drivers/EDP/ak/src/message.o
 .bss._ZL16msg_dynamic_pool
                0x20000668       0xc0 ./Drivers/EDP/ak/src/message.o
 .bss._ZL26free_list_dynamic_msg_pool
                0x20000728        0x4 ./Drivers/EDP/ak/src/message.o
 .bss._ZL22free_list_dynamic_used
                0x2000072c        0x4 ./Drivers/EDP/ak/src/message.o
 .bss._ZL26free_list_dynamic_used_max
                0x20000730        0x4 ./Drivers/EDP/ak/src/message.o
 .bss._ZL15current_task_id
                0x20000734        0x1 ./Drivers/EDP/ak/src/task.o
 *fill*         0x20000735        0x3 
 .bss._ZL17current_task_info
                0x20000738        0x8 ./Drivers/EDP/ak/src/task.o
 .bss._ZL21current_active_object
                0x20000740       0x10 ./Drivers/EDP/ak/src/task.o
 .bss._ZL14task_pri_queue
                0x20000750       0x60 ./Drivers/EDP/ak/src/task.o
 .bss._ZL10task_table
                0x200007b0        0x4 ./Drivers/EDP/ak/src/task.o
 .bss._ZL15task_table_size
                0x200007b4        0x1 ./Drivers/EDP/ak/src/task.o
 .bss._ZL12task_current
                0x200007b5        0x1 ./Drivers/EDP/ak/src/task.o
 .bss._ZL10task_ready
                0x200007b6        0x1 ./Drivers/EDP/ak/src/task.o
 *fill*         0x200007b7        0x1 
 .bss._ZL20ak_timer_payload_irq
                0x200007b8        0x8 ./Drivers/EDP/ak/src/timer.o
 .bss._ZL10timer_pool
                0x200007c0      0x100 ./Drivers/EDP/ak/src/timer.o
 .bss._ZL20free_list_timer_pool
                0x200008c0        0x4 ./Drivers/EDP/ak/src/timer.o
 .bss._ZL20free_list_timer_used
                0x200008c4        0x4 ./Drivers/EDP/ak/src/timer.o
 .bss._ZL24free_list_timer_used_max
                0x200008c8        0x4 ./Drivers/EDP/ak/src/timer.o
 .bss._ZL15timer_list_head
                0x200008cc        0x4 ./Drivers/EDP/ak/src/timer.o
 .bss.system_info
                0x200008d0       0x28 ./Drivers/EDP/sys/porting_compat.o
                0x200008d0                system_info
 .bss._start_boot_share_data_flash
                0x200008f8       0x58 ./Drivers/EDP/sys/porting_compat.o
                0x200008f8                _start_boot_share_data_flash
 .bss._ZL25soft_watchdog_limit_ticks
                0x20000950        0x4 ./Drivers/EDP/sys/porting_compat.o
 .bss._ZL27soft_watchdog_counter_ticks
                0x20000954        0x4 ./Drivers/EDP/sys/porting_compat.o
 .bss._ZL21soft_watchdog_enabled
                0x20000958        0x1 ./Drivers/EDP/sys/porting_compat.o
 *fill*         0x20000959        0x3 
 .bss._ZL9fatal_log
                0x2000095c       0x40 ./Drivers/EDP/sys/sys_dbg.o
 .bss.uwTick    0x2000099c        0x4 ./Drivers/STM32F1xx_HAL_Driver/Src/stm32f1xx_hal.o
                0x2000099c                uwTick
 .bss.pFlash    0x200009a0       0x20 ./Drivers/STM32F1xx_HAL_Driver/Src/stm32f1xx_hal_flash.o
                0x200009a0                pFlash
 .bss.glb_dbg   0x200009c0        0x7 ./Test/Sample/sample.o
                0x200009c0                glb_dbg
 *fill*         0x200009c7        0x1 
 .bss.__malloc_free_list
                0x200009c8        0x4 C:/ST/STM32CubeIDE_2.0.0/STM32CubeIDE/plugins/com.st.stm32cube.ide.mcu.externaltools.gnu-tools-for-stm32.13.3.rel1.win32_1.0.100.202509120712/tools/bin/../lib/gcc/arm-none-eabi/13.3.1/../../../../arm-none-eabi/lib/thumb/v7-m/nofp\libc_nano.a(libc_a-mallocr.o)
                0x200009c8                __malloc_free_list
 .bss.__sf      0x200009cc      0x138 C:/ST/STM32CubeIDE_2.0.0/STM32CubeIDE/plugins/com.st.stm32cube.ide.mcu.externaltools.gnu-tools-for-stm32.13.3.rel1.win32_1.0.100.202509120712/tools/bin/../lib/gcc/arm-none-eabi/13.3.1/../../../../arm-none-eabi/lib/thumb/v7-m/nofp\libc_nano.a(libc_a-findfp.o)
                0x200009cc                __sf
 .bss.errno     0x20000b04        0x4 C:/ST/STM32CubeIDE_2.0.0/STM32CubeIDE/plugins/com.st.stm32cube.ide.mcu.externaltools.gnu-tools-for-stm32.13.3.rel1.win32_1.0.100.202509120712/tools/bin/../lib/gcc/arm-none-eabi/13.3.1/../../../../arm-none-eabi/lib/thumb/v7-m/nofp\libc_nano.a(libc_a-reent.o)
                0x20000b04                errno
 .bss.__lock___malloc_recursive_mutex
                0x20000b08        0x1 C:/ST/STM32CubeIDE_2.0.0/STM32CubeIDE/plugins/com.st.stm32cube.ide.mcu.externaltools.gnu-tools-for-stm32.13.3.rel1.win32_1.0.100.202509120712/tools/bin/../lib/gcc/arm-none-eabi/13.3.1/../../../../arm-none-eabi/lib/thumb/v7-m/nofp\libc_nano.a(libc_a-lock.o)
                0x20000b08                __lock___malloc_recursive_mutex
 *(COMMON)
                0x20000b0c                        . = ALIGN (0x4)
 *fill*         0x20000b09        0x3 
                0x20000b0c                        _ebss = .
                0x20000b0c                        __bss_end__ = _ebss

._user_heap_stack
                0x20000b0c      0x604 load address 0x08004fb0
                0x20000b10                        . = ALIGN (0x8)
 *fill*         0x20000b0c        0x4 
                0x20000b10                        PROVIDE (end = .)
                0x20000b10                        PROVIDE (_end = .)
                0x20000d10                        . = (. + _Min_Heap_Size)
 *fill*         0x20000b10      0x200 
                0x20001110                        . = (. + _Min_Stack_Size)
 *fill*         0x20000d10      0x400 
                0x20001110                        . = ALIGN (0x8)

/DISCARD/
 libc.a(*)
 libm.a(*)
 libgcc.a(*)

.ARM.attributes
                0x00000000       0x29
 *(.ARM.attributes)
 .ARM.attributes
                0x00000000       0x1d C:/ST/STM32CubeIDE_2.0.0/STM32CubeIDE/plugins/com.st.stm32cube.ide.mcu.externaltools.gnu-tools-for-stm32.13.3.rel1.win32_1.0.100.202509120712/tools/bin/../lib/gcc/arm-none-eabi/13.3.1/thumb/v7-m/nofp/crti.o
 .ARM.attributes
                0x0000001d       0x2d C:/ST/STM32CubeIDE_2.0.0/STM32CubeIDE/plugins/com.st.stm32cube.ide.mcu.externaltools.gnu-tools-for-stm32.13.3.rel1.win32_1.0.100.202509120712/tools/bin/../lib/gcc/arm-none-eabi/13.3.1/thumb/v7-m/nofp/crtbegin.o
 .ARM.attributes
                0x0000004a       0x2d ./Core/Src/adc.o
 .ARM.attributes
                0x00000077       0x2d ./Core/Src/gpio.o
 .ARM.attributes
                0x000000a4       0x2d ./Core/Src/main.o
 .ARM.attributes
                0x000000d1       0x2d ./Core/Src/spi.o
 .ARM.attributes
                0x000000fe       0x2d ./Core/Src/stm32f1xx_hal_msp.o
 .ARM.attributes
                0x0000012b       0x2d ./Core/Src/stm32f1xx_it.o
 .ARM.attributes
                0x00000158       0x2d ./Core/Src/syscalls.o
 .ARM.attributes
                0x00000185       0x2d ./Core/Src/system_stm32f1xx.o
 .ARM.attributes
                0x000001b2       0x2d ./Core/Src/usart.o
 .ARM.attributes
                0x000001df       0x21 ./Core/Startup/startup_stm32f103c8tx.o
 .ARM.attributes
                0x00000200       0x2d ./Drivers/EDP/ak/src/message.o
 .ARM.attributes
                0x0000022d       0x2d ./Drivers/EDP/ak/src/task.o
 .ARM.attributes
                0x0000025a       0x2d ./Drivers/EDP/ak/src/timer.o
 .ARM.attributes
                0x00000287       0x2d ./Drivers/EDP/sys/porting_compat.o
 .ARM.attributes
                0x000002b4       0x2d ./Drivers/EDP/sys/sys_dbg.o
 .ARM.attributes
                0x000002e1       0x2d ./Drivers/STM32F1xx_HAL_Driver/Src/stm32f1xx_hal.o
 .ARM.attributes
                0x0000030e       0x2d ./Drivers/STM32F1xx_HAL_Driver/Src/stm32f1xx_hal_adc.o
 .ARM.attributes
                0x0000033b       0x2d ./Drivers/STM32F1xx_HAL_Driver/Src/stm32f1xx_hal_cortex.o
 .ARM.attributes
                0x00000368       0x2d ./Drivers/STM32F1xx_HAL_Driver/Src/stm32f1xx_hal_flash.o
 .ARM.attributes
                0x00000395       0x2d ./Drivers/STM32F1xx_HAL_Driver/Src/stm32f1xx_hal_flash_ex.o
 .ARM.attributes
                0x000003c2       0x2d ./Drivers/STM32F1xx_HAL_Driver/Src/stm32f1xx_hal_gpio.o
 .ARM.attributes
                0x000003ef       0x2d ./Drivers/STM32F1xx_HAL_Driver/Src/stm32f1xx_hal_rcc.o
 .ARM.attributes
                0x0000041c       0x2d ./Drivers/STM32F1xx_HAL_Driver/Src/stm32f1xx_hal_rcc_ex.o
 .ARM.attributes
                0x00000449       0x2d ./Drivers/STM32F1xx_HAL_Driver/Src/stm32f1xx_hal_spi.o
 .ARM.attributes
                0x00000476       0x2d ./Drivers/STM32F1xx_HAL_Driver/Src/stm32f1xx_hal_uart.o
 .ARM.attributes
                0x000004a3       0x2d ./Test/Sample/sample.o
 .ARM.attributes
                0x000004d0       0x2d C:/ST/STM32CubeIDE_2.0.0/STM32CubeIDE/plugins/com.st.stm32cube.ide.mcu.externaltools.gnu-tools-for-stm32.13.3.rel1.win32_1.0.100.202509120712/tools/bin/../lib/gcc/arm-none-eabi/13.3.1/../../../../arm-none-eabi/lib/thumb/v7-m/nofp\libc_nano.a(libc_a-malloc.o)
 .ARM.attributes
                0x000004fd       0x2d C:/ST/STM32CubeIDE_2.0.0/STM32CubeIDE/plugins/com.st.stm32cube.ide.mcu.externaltools.gnu-tools-for-stm32.13.3.rel1.win32_1.0.100.202509120712/tools/bin/../lib/gcc/arm-none-eabi/13.3.1/../../../../arm-none-eabi/lib/thumb/v7-m/nofp\libc_nano.a(libc_a-mallocr.o)
 .ARM.attributes
                0x0000052a       0x2d C:/ST/STM32CubeIDE_2.0.0/STM32CubeIDE/plugins/com.st.stm32cube.ide.mcu.externaltools.gnu-tools-for-stm32.13.3.rel1.win32_1.0.100.202509120712/tools/bin/../lib/gcc/arm-none-eabi/13.3.1/../../../../arm-none-eabi/lib/thumb/v7-m/nofp\libc_nano.a(libc_a-mlock.o)
 .ARM.attributes
                0x00000557       0x2d C:/ST/STM32CubeIDE_2.0.0/STM32CubeIDE/plugins/com.st.stm32cube.ide.mcu.externaltools.gnu-tools-for-stm32.13.3.rel1.win32_1.0.100.202509120712/tools/bin/../lib/gcc/arm-none-eabi/13.3.1/../../../../arm-none-eabi/lib/thumb/v7-m/nofp\libc_nano.a(libc_a-findfp.o)
 .ARM.attributes
                0x00000584       0x2d C:/ST/STM32CubeIDE_2.0.0/STM32CubeIDE/plugins/com.st.stm32cube.ide.mcu.externaltools.gnu-tools-for-stm32.13.3.rel1.win32_1.0.100.202509120712/tools/bin/../lib/gcc/arm-none-eabi/13.3.1/../../../../arm-none-eabi/lib/thumb/v7-m/nofp\libc_nano.a(libc_a-memset.o)
 .ARM.attributes
                0x000005b1       0x2d C:/ST/STM32CubeIDE_2.0.0/STM32CubeIDE/plugins/com.st.stm32cube.ide.mcu.externaltools.gnu-tools-for-stm32.13.3.rel1.win32_1.0.100.202509120712/tools/bin/../lib/gcc/arm-none-eabi/13.3.1/../../../../arm-none-eabi/lib/thumb/v7-m/nofp\libc_nano.a(libc_a-reent.o)
 .ARM.attributes
                0x000005de       0x2d C:/ST/STM32CubeIDE_2.0.0/STM32CubeIDE/plugins/com.st.stm32cube.ide.mcu.externaltools.gnu-tools-for-stm32.13.3.rel1.win32_1.0.100.202509120712/tools/bin/../lib/gcc/arm-none-eabi/13.3.1/../../../../arm-none-eabi/lib/thumb/v7-m/nofp\libc_nano.a(libc_a-impure.o)
 .ARM.attributes
                0x0000060b       0x2d C:/ST/STM32CubeIDE_2.0.0/STM32CubeIDE/plugins/com.st.stm32cube.ide.mcu.externaltools.gnu-tools-for-stm32.13.3.rel1.win32_1.0.100.202509120712/tools/bin/../lib/gcc/arm-none-eabi/13.3.1/../../../../arm-none-eabi/lib/thumb/v7-m/nofp\libc_nano.a(libc_a-errno.o)
 .ARM.attributes
                0x00000638       0x2d C:/ST/STM32CubeIDE_2.0.0/STM32CubeIDE/plugins/com.st.stm32cube.ide.mcu.externaltools.gnu-tools-for-stm32.13.3.rel1.win32_1.0.100.202509120712/tools/bin/../lib/gcc/arm-none-eabi/13.3.1/../../../../arm-none-eabi/lib/thumb/v7-m/nofp\libc_nano.a(libc_a-init.o)
 .ARM.attributes
                0x00000665       0x2d C:/ST/STM32CubeIDE_2.0.0/STM32CubeIDE/plugins/com.st.stm32cube.ide.mcu.externaltools.gnu-tools-for-stm32.13.3.rel1.win32_1.0.100.202509120712/tools/bin/../lib/gcc/arm-none-eabi/13.3.1/../../../../arm-none-eabi/lib/thumb/v7-m/nofp\libc_nano.a(libc_a-lock.o)
 .ARM.attributes
                0x00000692       0x2d C:/ST/STM32CubeIDE_2.0.0/STM32CubeIDE/plugins/com.st.stm32cube.ide.mcu.externaltools.gnu-tools-for-stm32.13.3.rel1.win32_1.0.100.202509120712/tools/bin/../lib/gcc/arm-none-eabi/13.3.1/../../../../arm-none-eabi/lib/thumb/v7-m/nofp\libc_nano.a(libc_a-strcpy.o)
 .ARM.attributes
                0x000006bf       0x2d C:/ST/STM32CubeIDE_2.0.0/STM32CubeIDE/plugins/com.st.stm32cube.ide.mcu.externaltools.gnu-tools-for-stm32.13.3.rel1.win32_1.0.100.202509120712/tools/bin/../lib/gcc/arm-none-eabi/13.3.1/../../../../arm-none-eabi/lib/thumb/v7-m/nofp\libc_nano.a(libc_a-memcpy-stub.o)
 .ARM.attributes
                0x000006ec       0x2d C:/ST/STM32CubeIDE_2.0.0/STM32CubeIDE/plugins/com.st.stm32cube.ide.mcu.externaltools.gnu-tools-for-stm32.13.3.rel1.win32_1.0.100.202509120712/tools/bin/../lib/gcc/arm-none-eabi/13.3.1/../../../../arm-none-eabi/lib/thumb/v7-m/nofp\libc_nano.a(libc_a-freer.o)
 .ARM.attributes
                0x00000719       0x2d C:/ST/STM32CubeIDE_2.0.0/STM32CubeIDE/plugins/com.st.stm32cube.ide.mcu.externaltools.gnu-tools-for-stm32.13.3.rel1.win32_1.0.100.202509120712/tools/bin/../lib/gcc/arm-none-eabi/13.3.1/thumb/v7-m/nofp\libgcc.a(unwind-arm.o)
 .ARM.attributes
                0x00000746       0x1d C:/ST/STM32CubeIDE_2.0.0/STM32CubeIDE/plugins/com.st.stm32cube.ide.mcu.externaltools.gnu-tools-for-stm32.13.3.rel1.win32_1.0.100.202509120712/tools/bin/../lib/gcc/arm-none-eabi/13.3.1/thumb/v7-m/nofp\libgcc.a(libunwind.o)
 .ARM.attributes
                0x00000763       0x2d C:/ST/STM32CubeIDE_2.0.0/STM32CubeIDE/plugins/com.st.stm32cube.ide.mcu.externaltools.gnu-tools-for-stm32.13.3.rel1.win32_1.0.100.202509120712/tools/bin/../lib/gcc/arm-none-eabi/13.3.1/thumb/v7-m/nofp\libgcc.a(pr-support.o)
 .ARM.attributes
                0x00000790       0x2d C:/ST/STM32CubeIDE_2.0.0/STM32CubeIDE/plugins/com.st.stm32cube.ide.mcu.externaltools.gnu-tools-for-stm32.13.3.rel1.win32_1.0.100.202509120712/tools/bin/../lib/gcc/arm-none-eabi/13.3.1/../../../../arm-none-eabi/lib/thumb/v7-m/nofp\libc_nano.a(libc_a-abort.o)
 .ARM.attributes
                0x000007bd       0x2d C:/ST/STM32CubeIDE_2.0.0/STM32CubeIDE/plugins/com.st.stm32cube.ide.mcu.externaltools.gnu-tools-for-stm32.13.3.rel1.win32_1.0.100.202509120712/tools/bin/../lib/gcc/arm-none-eabi/13.3.1/../../../../arm-none-eabi/lib/thumb/v7-m/nofp\libc_nano.a(libc_a-signal.o)
 .ARM.attributes
                0x000007ea       0x2d C:/ST/STM32CubeIDE_2.0.0/STM32CubeIDE/plugins/com.st.stm32cube.ide.mcu.externaltools.gnu-tools-for-stm32.13.3.rel1.win32_1.0.100.202509120712/tools/bin/../lib/gcc/arm-none-eabi/13.3.1/../../../../arm-none-eabi/lib/thumb/v7-m/nofp\libc_nano.a(libc_a-signalr.o)
 .ARM.attributes
                0x00000817       0x1d C:/ST/STM32CubeIDE_2.0.0/STM32CubeIDE/plugins/com.st.stm32cube.ide.mcu.externaltools.gnu-tools-for-stm32.13.3.rel1.win32_1.0.100.202509120712/tools/bin/../lib/gcc/arm-none-eabi/13.3.1/thumb/v7-m/nofp/crtn.o
OUTPUT(AK Firmware F103 Custom Porting.elf elf32-littlearm)
LOAD linker stubs
LOAD C:/ST/STM32CubeIDE_2.0.0/STM32CubeIDE/plugins/com.st.stm32cube.ide.mcu.externaltools.gnu-tools-for-stm32.13.3.rel1.win32_1.0.100.202509120712/tools/bin/../lib/gcc/arm-none-eabi/13.3.1/../../../../arm-none-eabi/lib/thumb/v7-m/nofp\libc.a
LOAD C:/ST/STM32CubeIDE_2.0.0/STM32CubeIDE/plugins/com.st.stm32cube.ide.mcu.externaltools.gnu-tools-for-stm32.13.3.rel1.win32_1.0.100.202509120712/tools/bin/../lib/gcc/arm-none-eabi/13.3.1/../../../../arm-none-eabi/lib/thumb/v7-m/nofp\libm.a
LOAD C:/ST/STM32CubeIDE_2.0.0/STM32CubeIDE/plugins/com.st.stm32cube.ide.mcu.externaltools.gnu-tools-for-stm32.13.3.rel1.win32_1.0.100.202509120712/tools/bin/../lib/gcc/arm-none-eabi/13.3.1/thumb/v7-m/nofp\libgcc.a

.debug_info     0x00000000    0x11b30
 .debug_info    0x00000000      0x870 ./Core/Src/adc.o
 .debug_info    0x00000870      0x16d ./Core/Src/gpio.o
 .debug_info    0x000009dd      0x9e6 ./Core/Src/main.o
 .debug_info    0x000013c3      0x898 ./Core/Src/spi.o
 .debug_info    0x00001c5b      0x1f9 ./Core/Src/stm32f1xx_hal_msp.o
 .debug_info    0x00001e54      0x572 ./Core/Src/stm32f1xx_it.o
 .debug_info    0x000023c6      0xd31 ./Core/Src/syscalls.o
 .debug_info    0x000030f7      0x2b7 ./Core/Src/system_stm32f1xx.o
 .debug_info    0x000033ae      0x874 ./Core/Src/usart.o
 .debug_info    0x00003c22       0x30 ./Core/Startup/startup_stm32f103c8tx.o
 .debug_info    0x00003c52     0x10d9 ./Drivers/EDP/ak/src/message.o
 .debug_info    0x00004d2b     0x1270 ./Drivers/EDP/ak/src/task.o
 .debug_info    0x00005f9b      0xd34 ./Drivers/EDP/ak/src/timer.o
 .debug_info    0x00006ccf     0x164e ./Drivers/EDP/sys/porting_compat.o
 .debug_info    0x0000831d      0xcc5 ./Drivers/EDP/sys/sys_dbg.o
 .debug_info    0x00008fe2      0x79b ./Drivers/STM32F1xx_HAL_Driver/Src/stm32f1xx_hal.o
 .debug_info    0x0000977d      0xc8c ./Drivers/STM32F1xx_HAL_Driver/Src/stm32f1xx_hal_adc.o
 .debug_info    0x0000a409      0xa97 ./Drivers/STM32F1xx_HAL_Driver/Src/stm32f1xx_hal_cortex.o
 .debug_info    0x0000aea0      0x5a9 ./Drivers/STM32F1xx_HAL_Driver/Src/stm32f1xx_hal_flash.o
 .debug_info    0x0000b449      0x79b ./Drivers/STM32F1xx_HAL_Driver/Src/stm32f1xx_hal_flash_ex.o
 .debug_info    0x0000bbe4      0x5c7 ./Drivers/STM32F1xx_HAL_Driver/Src/stm32f1xx_hal_gpio.o
 .debug_info    0x0000c1ab      0x812 ./Drivers/STM32F1xx_HAL_Driver/Src/stm32f1xx_hal_rcc.o
 .debug_info    0x0000c9bd      0x3e4 ./Drivers/STM32F1xx_HAL_Driver/Src/stm32f1xx_hal_rcc_ex.o
 .debug_info    0x0000cda1     0x145a ./Drivers/STM32F1xx_HAL_Driver/Src/stm32f1xx_hal_spi.o
 .debug_info    0x0000e1fb     0x2f15 ./Drivers/STM32F1xx_HAL_Driver/Src/stm32f1xx_hal_uart.o
 .debug_info    0x00011110      0xa20 ./Test/Sample/sample.o

.debug_abbrev   0x00000000     0x3b7b
 .debug_abbrev  0x00000000      0x1e4 ./Core/Src/adc.o
 .debug_abbrev  0x000001e4       0xc6 ./Core/Src/gpio.o
 .debug_abbrev  0x000002aa      0x27b ./Core/Src/main.o
 .debug_abbrev  0x00000525      0x1ea ./Core/Src/spi.o
 .debug_abbrev  0x0000070f       0xdb ./Core/Src/stm32f1xx_hal_msp.o
 .debug_abbrev  0x000007ea      0x23a ./Core/Src/stm32f1xx_it.o
 .debug_abbrev  0x00000a24      0x296 ./Core/Src/syscalls.o
 .debug_abbrev  0x00000cba      0x142 ./Core/Src/system_stm32f1xx.o
 .debug_abbrev  0x00000dfc      0x1e9 ./Core/Src/usart.o
 .debug_abbrev  0x00000fe5       0x24 ./Core/Startup/startup_stm32f103c8tx.o
 .debug_abbrev  0x00001009      0x39f ./Drivers/EDP/ak/src/message.o
 .debug_abbrev  0x000013a8      0x3b8 ./Drivers/EDP/ak/src/task.o
 .debug_abbrev  0x00001760      0x357 ./Drivers/EDP/ak/src/timer.o
 .debug_abbrev  0x00001ab7      0x50f ./Drivers/EDP/sys/porting_compat.o
 .debug_abbrev  0x00001fc6      0x2b2 ./Drivers/EDP/sys/sys_dbg.o
 .debug_abbrev  0x00002278      0x1fc ./Drivers/STM32F1xx_HAL_Driver/Src/stm32f1xx_hal.o
 .debug_abbrev  0x00002474      0x219 ./Drivers/STM32F1xx_HAL_Driver/Src/stm32f1xx_hal_adc.o
 .debug_abbrev  0x0000268d      0x2e0 ./Drivers/STM32F1xx_HAL_Driver/Src/stm32f1xx_hal_cortex.o
 .debug_abbrev  0x0000296d      0x242 ./Drivers/STM32F1xx_HAL_Driver/Src/stm32f1xx_hal_flash.o
 .debug_abbrev  0x00002baf      0x23b ./Drivers/STM32F1xx_HAL_Driver/Src/stm32f1xx_hal_flash_ex.o
 .debug_abbrev  0x00002dea      0x1c8 ./Drivers/STM32F1xx_HAL_Driver/Src/stm32f1xx_hal_gpio.o
 .debug_abbrev  0x00002fb2      0x29f ./Drivers/STM32F1xx_HAL_Driver/Src/stm32f1xx_hal_rcc.o
 .debug_abbrev  0x00003251      0x184 ./Drivers/STM32F1xx_HAL_Driver/Src/stm32f1xx_hal_rcc_ex.o
 .debug_abbrev  0x000033d5      0x26a ./Drivers/STM32F1xx_HAL_Driver/Src/stm32f1xx_hal_spi.o
 .debug_abbrev  0x0000363f      0x2e4 ./Drivers/STM32F1xx_HAL_Driver/Src/stm32f1xx_hal_uart.o
 .debug_abbrev  0x00003923      0x258 ./Test/Sample/sample.o

.debug_aranges  0x00000000      0xf90
 .debug_aranges
                0x00000000       0x30 ./Core/Src/adc.o
 .debug_aranges
                0x00000030       0x20 ./Core/Src/gpio.o
 .debug_aranges
                0x00000050       0x30 ./Core/Src/main.o
 .debug_aranges
                0x00000080       0x30 ./Core/Src/spi.o
 .debug_aranges
                0x000000b0       0x20 ./Core/Src/stm32f1xx_hal_msp.o
 .debug_aranges
                0x000000d0       0x78 ./Core/Src/stm32f1xx_it.o
 .debug_aranges
                0x00000148       0xa8 ./Core/Src/syscalls.o
 .debug_aranges
                0x000001f0       0x28 ./Core/Src/system_stm32f1xx.o
 .debug_aranges
                0x00000218       0x30 ./Core/Src/usart.o
 .debug_aranges
                0x00000248       0x28 ./Core/Startup/startup_stm32f103c8tx.o
 .debug_aranges
                0x00000270      0x118 ./Drivers/EDP/ak/src/message.o
 .debug_aranges
                0x00000388       0xe8 ./Drivers/EDP/ak/src/task.o
 .debug_aranges
                0x00000470       0x70 ./Drivers/EDP/ak/src/timer.o
 .debug_aranges
                0x000004e0      0x180 ./Drivers/EDP/sys/porting_compat.o
 .debug_aranges
                0x00000660       0x20 ./Drivers/EDP/sys/sys_dbg.o
 .debug_aranges
                0x00000680       0xe0 ./Drivers/STM32F1xx_HAL_Driver/Src/stm32f1xx_hal.o
 .debug_aranges
                0x00000760       0xf0 ./Drivers/STM32F1xx_HAL_Driver/Src/stm32f1xx_hal_adc.o
 .debug_aranges
                0x00000850      0x100 ./Drivers/STM32F1xx_HAL_Driver/Src/stm32f1xx_hal_cortex.o
 .debug_aranges
                0x00000950       0x88 ./Drivers/STM32F1xx_HAL_Driver/Src/stm32f1xx_hal_flash.o
 .debug_aranges
                0x000009d8       0x98 ./Drivers/STM32F1xx_HAL_Driver/Src/stm32f1xx_hal_flash_ex.o
 .debug_aranges
                0x00000a70       0x58 ./Drivers/STM32F1xx_HAL_Driver/Src/stm32f1xx_hal_gpio.o
 .debug_aranges
                0x00000ac8       0x90 ./Drivers/STM32F1xx_HAL_Driver/Src/stm32f1xx_hal_rcc.o
 .debug_aranges
                0x00000b58       0x30 ./Drivers/STM32F1xx_HAL_Driver/Src/stm32f1xx_hal_rcc_ex.o
 .debug_aranges
                0x00000b88      0x1d0 ./Drivers/STM32F1xx_HAL_Driver/Src/stm32f1xx_hal_spi.o
 .debug_aranges
                0x00000d58      0x208 ./Drivers/STM32F1xx_HAL_Driver/Src/stm32f1xx_hal_uart.o
 .debug_aranges
                0x00000f60       0x30 ./Test/Sample/sample.o

.debug_rnglists
                0x00000000      0xbcb
 .debug_rnglists
                0x00000000       0x20 ./Core/Src/adc.o
 .debug_rnglists
                0x00000020       0x13 ./Core/Src/gpio.o
 .debug_rnglists
                0x00000033       0x20 ./Core/Src/main.o
 .debug_rnglists
                0x00000053       0x20 ./Core/Src/spi.o
 .debug_rnglists
                0x00000073       0x13 ./Core/Src/stm32f1xx_hal_msp.o
 .debug_rnglists
                0x00000086       0x56 ./Core/Src/stm32f1xx_it.o
 .debug_rnglists
                0x000000dc       0x79 ./Core/Src/syscalls.o
 .debug_rnglists
                0x00000155       0x1a ./Core/Src/system_stm32f1xx.o
 .debug_rnglists
                0x0000016f       0x20 ./Core/Src/usart.o
 .debug_rnglists
                0x0000018f       0x19 ./Core/Startup/startup_stm32f103c8tx.o
 .debug_rnglists
                0x000001a8       0xd4 ./Drivers/EDP/ak/src/message.o
 .debug_rnglists
                0x0000027c       0xb1 ./Drivers/EDP/ak/src/task.o
 .debug_rnglists
                0x0000032d       0x53 ./Drivers/EDP/ak/src/timer.o
 .debug_rnglists
                0x00000380      0x129 ./Drivers/EDP/sys/porting_compat.o
 .debug_rnglists
                0x000004a9       0x14 ./Drivers/EDP/sys/sys_dbg.o
 .debug_rnglists
                0x000004bd       0xa3 ./Drivers/STM32F1xx_HAL_Driver/Src/stm32f1xx_hal.o
 .debug_rnglists
                0x00000560       0xbd ./Drivers/STM32F1xx_HAL_Driver/Src/stm32f1xx_hal_adc.o
 .debug_rnglists
                0x0000061d       0xbb ./Drivers/STM32F1xx_HAL_Driver/Src/stm32f1xx_hal_cortex.o
 .debug_rnglists
                0x000006d8       0x66 ./Drivers/STM32F1xx_HAL_Driver/Src/stm32f1xx_hal_flash.o
 .debug_rnglists
                0x0000073e       0x73 ./Drivers/STM32F1xx_HAL_Driver/Src/stm32f1xx_hal_flash_ex.o
 .debug_rnglists
                0x000007b1       0x3f ./Drivers/STM32F1xx_HAL_Driver/Src/stm32f1xx_hal_gpio.o
 .debug_rnglists
                0x000007f0       0x6c ./Drivers/STM32F1xx_HAL_Driver/Src/stm32f1xx_hal_rcc.o
 .debug_rnglists
                0x0000085c       0x21 ./Drivers/STM32F1xx_HAL_Driver/Src/stm32f1xx_hal_rcc_ex.o
 .debug_rnglists
                0x0000087d      0x170 ./Drivers/STM32F1xx_HAL_Driver/Src/stm32f1xx_hal_spi.o
 .debug_rnglists
                0x000009ed      0x1bf ./Drivers/STM32F1xx_HAL_Driver/Src/stm32f1xx_hal_uart.o
 .debug_rnglists
                0x00000bac       0x1f ./Test/Sample/sample.o

.debug_macro    0x00000000    0x1c8ba
 .debug_macro   0x00000000      0x1c5 ./Core/Src/adc.o
 .debug_macro   0x000001c5      0xc2e ./Core/Src/adc.o
 .debug_macro   0x00000df3      0x221 ./Core/Src/adc.o
 .debug_macro   0x00001014       0x2e ./Core/Src/adc.o
 .debug_macro   0x00001042       0x22 ./Core/Src/adc.o
 .debug_macro   0x00001064       0x1c ./Core/Src/adc.o
 .debug_macro   0x00001080       0x22 ./Core/Src/adc.o
 .debug_macro   0x000010a2       0x8e ./Core/Src/adc.o
 .debug_macro   0x00001130       0x51 ./Core/Src/adc.o
 .debug_macro   0x00001181      0x103 ./Core/Src/adc.o
 .debug_macro   0x00001284       0x6a ./Core/Src/adc.o
 .debug_macro   0x000012ee      0x1df ./Core/Src/adc.o
 .debug_macro   0x000014cd       0x1c ./Core/Src/adc.o
 .debug_macro   0x000014e9       0x22 ./Core/Src/adc.o
 .debug_macro   0x0000150b       0xbd ./Core/Src/adc.o
 .debug_macro   0x000015c8      0xd23 ./Core/Src/adc.o
 .debug_macro   0x000022eb     0xe09e ./Core/Src/adc.o
 .debug_macro   0x00010389       0x6d ./Core/Src/adc.o
 .debug_macro   0x000103f6     0x34a2 ./Core/Src/adc.o
 .debug_macro   0x00013898      0x197 ./Core/Src/adc.o
 .debug_macro   0x00013a2f       0x5c ./Core/Src/adc.o
 .debug_macro   0x00013a8b      0x5bc ./Core/Src/adc.o
 .debug_macro   0x00014047      0x289 ./Core/Src/adc.o
 .debug_macro   0x000142d0      0x1cb ./Core/Src/adc.o
 .debug_macro   0x0001449b      0x114 ./Core/Src/adc.o
 .debug_macro   0x000145af      0x1b2 ./Core/Src/adc.o
 .debug_macro   0x00014761       0x27 ./Core/Src/adc.o
 .debug_macro   0x00014788      0x136 ./Core/Src/adc.o
 .debug_macro   0x000148be      0x1bc ./Core/Src/adc.o
 .debug_macro   0x00014a7a       0x34 ./Core/Src/adc.o
 .debug_macro   0x00014aae       0x3c ./Core/Src/adc.o
 .debug_macro   0x00014aea       0x57 ./Core/Src/adc.o
 .debug_macro   0x00014b41      0x46a ./Core/Src/adc.o
 .debug_macro   0x00014fab      0x1b5 ./Core/Src/adc.o
 .debug_macro   0x00015160       0x87 ./Core/Src/adc.o
 .debug_macro   0x000151e7      0x240 ./Core/Src/adc.o
 .debug_macro   0x00015427      0x140 ./Core/Src/adc.o
 .debug_macro   0x00015567      0x217 ./Core/Src/adc.o
 .debug_macro   0x0001577e      0x28e ./Core/Src/adc.o
 .debug_macro   0x00015a0c       0x83 ./Core/Src/adc.o
 .debug_macro   0x00015a8f      0x1c5 ./Core/Src/gpio.o
 .debug_macro   0x00015c54      0x411 ./Core/Src/main.o
 .debug_macro   0x00016065      0xba4 ./Core/Src/main.o
 .debug_macro   0x00016c09       0x61 ./Core/Src/main.o
 .debug_macro   0x00016c6a       0x24 ./Core/Src/main.o
 .debug_macro   0x00016c8e       0x43 ./Core/Src/main.o
 .debug_macro   0x00016cd1       0x34 ./Core/Src/main.o
 .debug_macro   0x00016d05       0x16 ./Core/Src/main.o
 .debug_macro   0x00016d1b       0x3c ./Core/Src/main.o
 .debug_macro   0x00016d57      0x38c ./Core/Src/main.o
 .debug_macro   0x000170e3       0x10 ./Core/Src/main.o
 .debug_macro   0x000170f3       0x16 ./Core/Src/main.o
 .debug_macro   0x00017109       0x4a ./Core/Src/main.o
 .debug_macro   0x00017153       0x34 ./Core/Src/main.o
 .debug_macro   0x00017187       0x10 ./Core/Src/main.o
 .debug_macro   0x00017197       0x58 ./Core/Src/main.o
 .debug_macro   0x000171ef       0x8e ./Core/Src/main.o
 .debug_macro   0x0001727d       0x16 ./Core/Src/main.o
 .debug_macro   0x00017293      0x185 ./Core/Src/main.o
 .debug_macro   0x00017418       0x16 ./Core/Src/main.o
 .debug_macro   0x0001742e       0x16 ./Core/Src/main.o
 .debug_macro   0x00017444      0x138 ./Core/Src/main.o
 .debug_macro   0x0001757c       0x16 ./Core/Src/main.o
 .debug_macro   0x00017592       0x20 ./Core/Src/main.o
 .debug_macro   0x000175b2       0x16 ./Core/Src/main.o
 .debug_macro   0x000175c8       0x16 ./Core/Src/main.o
 .debug_macro   0x000175de       0x22 ./Core/Src/main.o
 .debug_macro   0x00017600       0x16 ./Core/Src/main.o
 .debug_macro   0x00017616       0x10 ./Core/Src/main.o
 .debug_macro   0x00017626       0x76 ./Core/Src/main.o
 .debug_macro   0x0001769c      0x1f2 ./Core/Src/main.o
 .debug_macro   0x0001788e       0x10 ./Core/Src/main.o
 .debug_macro   0x0001789e      0x409 ./Core/Src/main.o
 .debug_macro   0x00017ca7       0x10 ./Core/Src/main.o
 .debug_macro   0x00017cb7       0x16 ./Core/Src/main.o
 .debug_macro   0x00017ccd       0x16 ./Core/Src/main.o
 .debug_macro   0x00017ce3       0x29 ./Core/Src/main.o
 .debug_macro   0x00017d0c       0x1c ./Core/Src/main.o
 .debug_macro   0x00017d28       0xde ./Core/Src/main.o
 .debug_macro   0x00017e06       0xb9 ./Core/Src/main.o
 .debug_macro   0x00017ebf       0x1c ./Core/Src/main.o
 .debug_macro   0x00017edb       0x16 ./Core/Src/main.o
 .debug_macro   0x00017ef1       0x2e ./Core/Src/main.o
 .debug_macro   0x00017f1f      0x1c5 ./Core/Src/spi.o
 .debug_macro   0x000180e4      0x1bb ./Core/Src/stm32f1xx_hal_msp.o
 .debug_macro   0x0001829f      0x1f6 ./Core/Src/stm32f1xx_it.o
 .debug_macro   0x00018495       0x28 ./Core/Src/stm32f1xx_it.o
 .debug_macro   0x000184bd       0x10 ./Core/Src/stm32f1xx_it.o
 .debug_macro   0x000184cd      0x2d2 ./Core/Src/syscalls.o
 .debug_macro   0x0001879f       0x5b ./Core/Src/syscalls.o
 .debug_macro   0x000187fa       0x94 ./Core/Src/syscalls.o
 .debug_macro   0x0001888e       0x57 ./Core/Src/syscalls.o
 .debug_macro   0x000188e5       0x10 ./Core/Src/syscalls.o
 .debug_macro   0x000188f5       0x10 ./Core/Src/syscalls.o
 .debug_macro   0x00018905       0x10 ./Core/Src/syscalls.o
 .debug_macro   0x00018915       0x10 ./Core/Src/syscalls.o
 .debug_macro   0x00018925       0x1c ./Core/Src/syscalls.o
 .debug_macro   0x00018941       0x52 ./Core/Src/syscalls.o
 .debug_macro   0x00018993       0x22 ./Core/Src/syscalls.o
 .debug_macro   0x000189b5       0x10 ./Core/Src/syscalls.o
 .debug_macro   0x000189c5       0x52 ./Core/Src/syscalls.o
 .debug_macro   0x00018a17       0xcf ./Core/Src/syscalls.o
 .debug_macro   0x00018ae6       0x1c ./Core/Src/syscalls.o
 .debug_macro   0x00018b02       0x3d ./Core/Src/syscalls.o
 .debug_macro   0x00018b3f       0x35 ./Core/Src/syscalls.o
 .debug_macro   0x00018b74      0x12c ./Core/Src/syscalls.o
 .debug_macro   0x00018ca0      0x1f2 ./Core/Src/syscalls.o
 .debug_macro   0x00018e92       0xc8 ./Core/Src/syscalls.o
 .debug_macro   0x00018f5a      0x103 ./Core/Src/syscalls.o
 .debug_macro   0x0001905d      0x368 ./Core/Src/syscalls.o
 .debug_macro   0x000193c5       0x10 ./Core/Src/syscalls.o
 .debug_macro   0x000193d5      0x242 ./Core/Src/syscalls.o
 .debug_macro   0x00019617       0x1c ./Core/Src/syscalls.o
 .debug_macro   0x00019633       0x10 ./Core/Src/syscalls.o
 .debug_macro   0x00019643      0x18a ./Core/Src/syscalls.o
 .debug_macro   0x000197cd       0x16 ./Core/Src/syscalls.o
 .debug_macro   0x000197e3       0xce ./Core/Src/syscalls.o
 .debug_macro   0x000198b1      0x1b1 ./Core/Src/system_stm32f1xx.o
 .debug_macro   0x00019a62      0x1c5 ./Core/Src/usart.o
 .debug_macro   0x00019c27      0x3ce ./Drivers/EDP/ak/src/message.o
 .debug_macro   0x00019ff5      0x11c ./Drivers/EDP/ak/src/message.o
 .debug_macro   0x0001a111       0xa2 ./Drivers/EDP/ak/src/message.o
 .debug_macro   0x0001a1b3       0x1c ./Drivers/EDP/ak/src/message.o
 .debug_macro   0x0001a1cf       0x56 ./Drivers/EDP/ak/src/message.o
 .debug_macro   0x0001a225       0x22 ./Drivers/EDP/ak/src/message.o
 .debug_macro   0x0001a247       0x10 ./Drivers/EDP/ak/src/message.o
 .debug_macro   0x0001a257      0x3cb ./Drivers/EDP/ak/src/task.o
 .debug_macro   0x0001a622       0x10 ./Drivers/EDP/ak/src/task.o
 .debug_macro   0x0001a632       0x22 ./Drivers/EDP/ak/src/task.o
 .debug_macro   0x0001a654      0x3bd ./Drivers/EDP/ak/src/timer.o