../Drivers/STM32F1xx_HAL_Driver/Src/stm32f1xx_hal_flash.c:166:19:HAL_StatusTypeDef HAL_FLASH_Program(uint32_t, uint32_t, uint64_t)	48	static
../Drivers/STM32F1xx_HAL_Driver/Src/stm32f1xx_hal_flash.c:265:19:HAL_StatusTypeDef HAL_FLASH_Program_IT(uint32_t, uint32_t, uint64_t)	32	static
../Drivers/STM32F1xx_HAL_Driver/Src/stm32f1xx_hal_flash.c:327:6:void HAL_FLASH_IRQHandler()	16	static
../Drivers/STM32F1xx_HAL_Driver/Src/stm32f1xx_hal_flash.c:599:13:void HAL_FLASH_EndOfOperationCallback(uint32_t)	16	static
../Drivers/STM32F1xx_HAL_Driver/Src/stm32f1xx_hal_flash.c:617:13:void HAL_FLASH_OperationErrorCallback(uint32_t)	16	static
../Drivers/STM32F1xx_HAL_Driver/Src/stm32f1xx_hal_flash.c:650:19:HAL_StatusTypeDef HAL_FLASH_Unlock()	16	static
../Drivers/STM32F1xx_HAL_Driver/Src/stm32f1xx_hal_flash.c:688:19:HAL_StatusTypeDef HAL_FLASH_Lock()	4	static
../Drivers/STM32F1xx_HAL_Driver/Src/stm32f1xx_hal_flash.c:705:19:HAL_StatusTypeDef HAL_FLASH_OB_Unlock()	4	static
../Drivers/STM32F1xx_HAL_Driver/Src/stm32f1xx_hal_flash.c:725:19:HAL_StatusTypeDef HAL_FLASH_OB_Lock()	4	static
../Drivers/STM32F1xx_HAL_Driver/Src/stm32f1xx_hal_flash.c:738:6:void HAL_FLASH_OB_Launch()	8	static
../Drivers/STM32F1xx_HAL_Driver/Src/stm32f1xx_hal_flash.c:767:10:uint32_t HAL_FLASH_GetError()	4	static
../Drivers/STM32F1xx_HAL_Driver/Src/stm32f1xx_hal_flash.c:790:13:void FLASH_Program_HalfWord(uint32_t, uint16_t)	16	static
../Drivers/STM32F1xx_HAL_Driver/Src/stm32f1xx_hal_flash.c:819:19:HAL_StatusTypeDef FLASH_WaitForLastOperation(uint32_t)	24	static
../Drivers/STM32F1xx_HAL_Driver/Src/stm32f1xx_hal_flash.c:907:13:void FLASH_SetErrorCode()	16	static
