../Drivers/STM32F1xx_HAL_Driver/Src/stm32f1xx_hal_pwr.c:116:13:void PWR_OverloadWfe()	4	static,ignoring_inline_asm
../Drivers/STM32F1xx_HAL_Driver/Src/stm32f1xx_hal_pwr.c:155:6:void HAL_PWR_DeInit()	4	static
../Drivers/STM32F1xx_HAL_Driver/Src/stm32f1xx_hal_pwr.c:168:6:void HAL_PWR_EnableBkUpAccess()	4	static
../Drivers/STM32F1xx_HAL_Driver/Src/stm32f1xx_hal_pwr.c:181:6:void HAL_PWR_DisableBkUpAccess()	4	static
../Drivers/STM32F1xx_HAL_Driver/Src/stm32f1xx_hal_pwr.c:315:6:void HAL_PWR_ConfigPVD(PWR_PVDTypeDef*)	16	static
../Drivers/STM32F1xx_HAL_Driver/Src/stm32f1xx_hal_pwr.c:358:6:void HAL_PWR_EnablePVD()	4	static
../Drivers/STM32F1xx_HAL_Driver/Src/stm32f1xx_hal_pwr.c:368:6:void HAL_PWR_DisablePVD()	4	static
../Drivers/STM32F1xx_HAL_Driver/Src/stm32f1xx_hal_pwr.c:381:6:void HAL_PWR_EnableWakeUpPin(uint32_t)	24	static,ignoring_inline_asm
../Drivers/STM32F1xx_HAL_Driver/Src/stm32f1xx_hal_pwr.c:396:6:void HAL_PWR_DisableWakeUpPin(uint32_t)	24	static,ignoring_inline_asm
../Drivers/STM32F1xx_HAL_Driver/Src/stm32f1xx_hal_pwr.c:416:6:void HAL_PWR_EnterSLEEPMode(uint32_t, uint8_t)	16	static,ignoring_inline_asm
../Drivers/STM32F1xx_HAL_Driver/Src/stm32f1xx_hal_pwr.c:462:6:void HAL_PWR_EnterSTOPMode(uint32_t, uint8_t)	16	static,ignoring_inline_asm
../Drivers/STM32F1xx_HAL_Driver/Src/stm32f1xx_hal_pwr.c:502:6:void HAL_PWR_EnterSTANDBYMode()	4	static,ignoring_inline_asm
../Drivers/STM32F1xx_HAL_Driver/Src/stm32f1xx_hal_pwr.c:527:6:void HAL_PWR_EnableSleepOnExit()	4	static
../Drivers/STM32F1xx_HAL_Driver/Src/stm32f1xx_hal_pwr.c:540:6:void HAL_PWR_DisableSleepOnExit()	4	static
../Drivers/STM32F1xx_HAL_Driver/Src/stm32f1xx_hal_pwr.c:553:6:void HAL_PWR_EnableSEVOnPend()	4	static
../Drivers/STM32F1xx_HAL_Driver/Src/stm32f1xx_hal_pwr.c:566:6:void HAL_PWR_DisableSEVOnPend()	4	static
../Drivers/STM32F1xx_HAL_Driver/Src/stm32f1xx_hal_pwr.c:579:6:void HAL_PWR_PVD_IRQHandler()	8	static
../Drivers/STM32F1xx_HAL_Driver/Src/stm32f1xx_hal_pwr.c:596:13:void HAL_PWR_PVDCallback()	4	static
