../Drivers/CMSIS/Include/core_cm3.h:1480:22:void __NVIC_SetPriorityGrouping(uint32_t)	24	static
../Drivers/CMSIS/Include/core_cm3.h:1499:26:uint32_t __NVIC_GetPriorityGrouping()	4	static
../Drivers/CMSIS/Include/core_cm3.h:1511:22:void __NVIC_EnableIRQ(IRQn_Type)	16	static
../Drivers/CMSIS/Include/core_cm3.h:1547:22:void __NVIC_DisableIRQ(IRQn_Type)	16	static,ignoring_inline_asm
../Drivers/CMSIS/Include/core_cm3.h:1566:26:uint32_t __NVIC_GetPendingIRQ(IRQn_Type)	16	static
../Drivers/CMSIS/Include/core_cm3.h:1585:22:void __NVIC_SetPendingIRQ(IRQn_Type)	16	static
../Drivers/CMSIS/Include/core_cm3.h:1600:22:void __NVIC_ClearPendingIRQ(IRQn_Type)	16	static
../Drivers/CMSIS/Include/core_cm3.h:1617:26:uint32_t __NVIC_GetActive(IRQn_Type)	16	static
../Drivers/CMSIS/Include/core_cm3.h:1639:22:void __NVIC_SetPriority(IRQn_Type, uint32_t)	16	static
../Drivers/CMSIS/Include/core_cm3.h:1661:26:uint32_t __NVIC_GetPriority(IRQn_Type)	16	static
../Drivers/CMSIS/Include/core_cm3.h:1686:26:uint32_t NVIC_EncodePriority(uint32_t, uint32_t, uint32_t)	40	static
../Drivers/CMSIS/Include/core_cm3.h:1713:22:void NVIC_DecodePriority(uint32_t, uint32_t, uint32_t*, uint32_t*)	40	static
../Drivers/CMSIS/Include/core_cm3.h:1762:34:void __NVIC_SystemReset()	4	static,ignoring_inline_asm
../Drivers/CMSIS/Include/core_cm3.h:1834:26:uint32_t SysTick_Config(uint32_t)	16	static
../Drivers/STM32F1xx_HAL_Driver/Src/stm32f1xx_hal_cortex.c:142:6:void HAL_NVIC_SetPriorityGrouping(uint32_t)	16	static
../Drivers/STM32F1xx_HAL_Driver/Src/stm32f1xx_hal_cortex.c:164:6:void HAL_NVIC_SetPriority(IRQn_Type, uint32_t, uint32_t)	32	static
../Drivers/STM32F1xx_HAL_Driver/Src/stm32f1xx_hal_cortex.c:186:6:void HAL_NVIC_EnableIRQ(IRQn_Type)	16	static
../Drivers/STM32F1xx_HAL_Driver/Src/stm32f1xx_hal_cortex.c:202:6:void HAL_NVIC_DisableIRQ(IRQn_Type)	16	static
../Drivers/STM32F1xx_HAL_Driver/Src/stm32f1xx_hal_cortex.c:215:6:void HAL_NVIC_SystemReset()	8	static
../Drivers/STM32F1xx_HAL_Driver/Src/stm32f1xx_hal_cortex.c:228:10:uint32_t HAL_SYSTICK_Config(uint32_t)	16	static
../Drivers/STM32F1xx_HAL_Driver/Src/stm32f1xx_hal_cortex.c:369:10:uint32_t HAL_NVIC_GetPriorityGrouping()	8	static
../Drivers/STM32F1xx_HAL_Driver/Src/stm32f1xx_hal_cortex.c:396:6:void HAL_NVIC_GetPriority(IRQn_Type, uint32_t, uint32_t*, uint32_t*)	24	static
../Drivers/STM32F1xx_HAL_Driver/Src/stm32f1xx_hal_cortex.c:411:6:void HAL_NVIC_SetPendingIRQ(IRQn_Type)	16	static
../Drivers/STM32F1xx_HAL_Driver/Src/stm32f1xx_hal_cortex.c:429:10:uint32_t HAL_NVIC_GetPendingIRQ(IRQn_Type)	16	static
../Drivers/STM32F1xx_HAL_Driver/Src/stm32f1xx_hal_cortex.c:445:6:void HAL_NVIC_ClearPendingIRQ(IRQn_Type)	16	static
../Drivers/STM32F1xx_HAL_Driver/Src/stm32f1xx_hal_cortex.c:462:10:uint32_t HAL_NVIC_GetActive(IRQn_Type)	16	static
../Drivers/STM32F1xx_HAL_Driver/Src/stm32f1xx_hal_cortex.c:479:6:void HAL_SYSTICK_CLKSourceConfig(uint32_t)	16	static
../Drivers/STM32F1xx_HAL_Driver/Src/stm32f1xx_hal_cortex.c:497:6:void HAL_SYSTICK_IRQHandler()	8	static
../Drivers/STM32F1xx_HAL_Driver/Src/stm32f1xx_hal_cortex.c:506:13:void HAL_SYSTICK_Callback()	4	static
