../Drivers/STM32F1xx_HAL_Driver/Src/stm32f1xx_hal.c:142:19:HAL_StatusTypeDef HAL_Init()	8	static
../Drivers/STM32F1xx_HAL_Driver/Src/stm32f1xx_hal.c:175:19:HAL_StatusTypeDef HAL_DeInit()	8	static
../Drivers/STM32F1xx_HAL_Driver/Src/stm32f1xx_hal.c:200:13:void HAL_MspInit()	4	static
../Drivers/STM32F1xx_HAL_Driver/Src/stm32f1xx_hal.c:211:13:void HAL_MspDeInit()	4	static
../Drivers/STM32F1xx_HAL_Driver/Src/stm32f1xx_hal.c:234:26:HAL_StatusTypeDef HAL_InitTick(uint32_t)	16	static
../Drivers/STM32F1xx_HAL_Driver/Src/stm32f1xx_hal.c:293:13:void HAL_IncTick()	4	static
../Drivers/STM32F1xx_HAL_Driver/Src/stm32f1xx_hal.c:304:17:uint32_t HAL_GetTick()	4	static
../Drivers/STM32F1xx_HAL_Driver/Src/stm32f1xx_hal.c:313:10:uint32_t HAL_GetTickPrio()	4	static
../Drivers/STM32F1xx_HAL_Driver/Src/stm32f1xx_hal.c:322:19:HAL_StatusTypeDef HAL_SetTickFreq(HAL_TickFreqTypeDef)	24	static
../Drivers/STM32F1xx_HAL_Driver/Src/stm32f1xx_hal.c:355:21:HAL_TickFreqTypeDef HAL_GetTickFreq()	4	static
../Drivers/STM32F1xx_HAL_Driver/Src/stm32f1xx_hal.c:371:13:void HAL_Delay(uint32_t)	24	static
../Drivers/STM32F1xx_HAL_Driver/Src/stm32f1xx_hal.c:397:13:void HAL_SuspendTick()	4	static
../Drivers/STM32F1xx_HAL_Driver/Src/stm32f1xx_hal.c:413:13:void HAL_ResumeTick()	4	static
../Drivers/STM32F1xx_HAL_Driver/Src/stm32f1xx_hal.c:423:10:uint32_t HAL_GetHalVersion()	4	static
../Drivers/STM32F1xx_HAL_Driver/Src/stm32f1xx_hal.c:439:10:uint32_t HAL_GetREVID()	4	static
../Drivers/STM32F1xx_HAL_Driver/Src/stm32f1xx_hal.c:455:10:uint32_t HAL_GetDEVID()	4	static
../Drivers/STM32F1xx_HAL_Driver/Src/stm32f1xx_hal.c:464:10:uint32_t HAL_GetUIDw0()	4	static
../Drivers/STM32F1xx_HAL_Driver/Src/stm32f1xx_hal.c:473:10:uint32_t HAL_GetUIDw1()	4	static
../Drivers/STM32F1xx_HAL_Driver/Src/stm32f1xx_hal.c:482:10:uint32_t HAL_GetUIDw2()	4	static
../Drivers/STM32F1xx_HAL_Driver/Src/stm32f1xx_hal.c:491:6:void HAL_DBGMCU_EnableDBGSleepMode()	4	static
../Drivers/STM32F1xx_HAL_Driver/Src/stm32f1xx_hal.c:507:6:void HAL_DBGMCU_DisableDBGSleepMode()	4	static
../Drivers/STM32F1xx_HAL_Driver/Src/stm32f1xx_hal.c:537:6:void HAL_DBGMCU_EnableDBGStopMode()	4	static
../Drivers/STM32F1xx_HAL_Driver/Src/stm32f1xx_hal.c:553:6:void HAL_DBGMCU_DisableDBGStopMode()	4	static
../Drivers/STM32F1xx_HAL_Driver/Src/stm32f1xx_hal.c:569:6:void HAL_DBGMCU_EnableDBGStandbyMode()	4	static
../Drivers/STM32F1xx_HAL_Driver/Src/stm32f1xx_hal.c:585:6:void HAL_DBGMCU_DisableDBGStandbyMode()	4	static
