../Drivers/EDP/ak/src/timer.c:34:6:void timer_msg_pool_init()	16	static
../Drivers/EDP/ak/src/timer.c:63:13:ak_timer_t* get_timer_msg()	16	static,ignoring_inline_asm
../Drivers/EDP/ak/src/timer.c:87:6:void free_timer_msg(ak_timer_t*)	16	static
../Drivers/EDP/ak/src/timer.c:99:10:uint32_t get_timer_msg_pool_used()	4	static
../Drivers/EDP/ak/src/timer.c:103:10:uint32_t get_timer_msg_pool_used_max()	4	static
../Drivers/EDP/ak/src/timer.c:107:6:void task_timer_tick(ak_msg_t*)	40	static
../Drivers/EDP/ak/src/timer.c:176:6:void timer_init()	8	static
../Drivers/EDP/ak/src/timer.c:187:6:void timer_tick(uint32_t)	24	static
../Drivers/EDP/ak/src/timer.c:201:9:uint8_t timer_set(task_id_t, timer_sig_t, uint32_t, timer_type_t)	24	static,ignoring_inline_asm
../Drivers/EDP/ak/src/timer.c:255:9:uint8_t timer_remove_msg(task_id_t, timer_sig_t)	24	static,ignoring_inline_asm
../Drivers/EDP/ak/src/timer.c:298:9:uint8_t timer_remove_attr(task_id_t, timer_sig_t)	24	static
